Archive member included to satisfy reference by file (symbol)

c:/st/stm32cubeide_1.10.1/stm32cubeide/plugins/com.st.stm32cube.ide.mcu.externaltools.gnu-tools-for-stm32.10.3-2021.10.win32_1.0.0.202111181127/tools/bin/../lib/gcc/arm-none-eabi/10.3.1/../../../../arm-none-eabi/lib/thumb/v7e-m+fp/hard\libc_nano.a(lib_a-errno.o)
                              ./Core/Src/syscalls.o (__errno)
c:/st/stm32cubeide_1.10.1/stm32cubeide/plugins/com.st.stm32cube.ide.mcu.externaltools.gnu-tools-for-stm32.10.3-2021.10.win32_1.0.0.202111181127/tools/bin/../lib/gcc/arm-none-eabi/10.3.1/../../../../arm-none-eabi/lib/thumb/v7e-m+fp/hard\libc_nano.a(lib_a-exit.o)
                              c:/st/stm32cubeide_1.10.1/stm32cubeide/plugins/com.st.stm32cube.ide.mcu.externaltools.gnu-tools-for-stm32.10.3-2021.10.win32_1.0.0.202111181127/tools/bin/../lib/gcc/arm-none-eabi/10.3.1/../../../../arm-none-eabi/lib/thumb/v7e-m+fp/hard/crt0.o (exit)
c:/st/stm32cubeide_1.10.1/stm32cubeide/plugins/com.st.stm32cube.ide.mcu.externaltools.gnu-tools-for-stm32.10.3-2021.10.win32_1.0.0.202111181127/tools/bin/../lib/gcc/arm-none-eabi/10.3.1/../../../../arm-none-eabi/lib/thumb/v7e-m+fp/hard\libc_nano.a(lib_a-impure.o)
                              c:/st/stm32cubeide_1.10.1/stm32cubeide/plugins/com.st.stm32cube.ide.mcu.externaltools.gnu-tools-for-stm32.10.3-2021.10.win32_1.0.0.202111181127/tools/bin/../lib/gcc/arm-none-eabi/10.3.1/../../../../arm-none-eabi/lib/thumb/v7e-m+fp/hard\libc_nano.a(lib_a-exit.o) (_global_impure_ptr)
c:/st/stm32cubeide_1.10.1/stm32cubeide/plugins/com.st.stm32cube.ide.mcu.externaltools.gnu-tools-for-stm32.10.3-2021.10.win32_1.0.0.202111181127/tools/bin/../lib/gcc/arm-none-eabi/10.3.1/../../../../arm-none-eabi/lib/thumb/v7e-m+fp/hard\libc_nano.a(lib_a-init.o)
                              c:/st/stm32cubeide_1.10.1/stm32cubeide/plugins/com.st.stm32cube.ide.mcu.externaltools.gnu-tools-for-stm32.10.3-2021.10.win32_1.0.0.202111181127/tools/bin/../lib/gcc/arm-none-eabi/10.3.1/../../../../arm-none-eabi/lib/thumb/v7e-m+fp/hard/crt0.o (__libc_init_array)
c:/st/stm32cubeide_1.10.1/stm32cubeide/plugins/com.st.stm32cube.ide.mcu.externaltools.gnu-tools-for-stm32.10.3-2021.10.win32_1.0.0.202111181127/tools/bin/../lib/gcc/arm-none-eabi/10.3.1/../../../../arm-none-eabi/lib/thumb/v7e-m+fp/hard\libc_nano.a(lib_a-memset.o)
                              c:/st/stm32cubeide_1.10.1/stm32cubeide/plugins/com.st.stm32cube.ide.mcu.externaltools.gnu-tools-for-stm32.10.3-2021.10.win32_1.0.0.202111181127/tools/bin/../lib/gcc/arm-none-eabi/10.3.1/../../../../arm-none-eabi/lib/thumb/v7e-m+fp/hard/crt0.o (memset)
c:/st/stm32cubeide_1.10.1/stm32cubeide/plugins/com.st.stm32cube.ide.mcu.externaltools.gnu-tools-for-stm32.10.3-2021.10.win32_1.0.0.202111181127/tools/bin/../lib/gcc/arm-none-eabi/10.3.1/../../../../arm-none-eabi/lib/thumb/v7e-m+fp/hard\libm.a(lib_a-s_sin.o)
                              ./Core/Src/main.o (sin)
c:/st/stm32cubeide_1.10.1/stm32cubeide/plugins/com.st.stm32cube.ide.mcu.externaltools.gnu-tools-for-stm32.10.3-2021.10.win32_1.0.0.202111181127/tools/bin/../lib/gcc/arm-none-eabi/10.3.1/../../../../arm-none-eabi/lib/thumb/v7e-m+fp/hard\libm.a(lib_a-w_atan2.o)
                              ./Core/Src/main.o (atan2)
c:/st/stm32cubeide_1.10.1/stm32cubeide/plugins/com.st.stm32cube.ide.mcu.externaltools.gnu-tools-for-stm32.10.3-2021.10.win32_1.0.0.202111181127/tools/bin/../lib/gcc/arm-none-eabi/10.3.1/../../../../arm-none-eabi/lib/thumb/v7e-m+fp/hard\libm.a(lib_a-w_pow.o)
                              ./Core/Src/main.o (pow)
c:/st/stm32cubeide_1.10.1/stm32cubeide/plugins/com.st.stm32cube.ide.mcu.externaltools.gnu-tools-for-stm32.10.3-2021.10.win32_1.0.0.202111181127/tools/bin/../lib/gcc/arm-none-eabi/10.3.1/../../../../arm-none-eabi/lib/thumb/v7e-m+fp/hard\libm.a(lib_a-e_atan2.o)
                              c:/st/stm32cubeide_1.10.1/stm32cubeide/plugins/com.st.stm32cube.ide.mcu.externaltools.gnu-tools-for-stm32.10.3-2021.10.win32_1.0.0.202111181127/tools/bin/../lib/gcc/arm-none-eabi/10.3.1/../../../../arm-none-eabi/lib/thumb/v7e-m+fp/hard\libm.a(lib_a-w_atan2.o) (__ieee754_atan2)
c:/st/stm32cubeide_1.10.1/stm32cubeide/plugins/com.st.stm32cube.ide.mcu.externaltools.gnu-tools-for-stm32.10.3-2021.10.win32_1.0.0.202111181127/tools/bin/../lib/gcc/arm-none-eabi/10.3.1/../../../../arm-none-eabi/lib/thumb/v7e-m+fp/hard\libm.a(lib_a-e_pow.o)
                              c:/st/stm32cubeide_1.10.1/stm32cubeide/plugins/com.st.stm32cube.ide.mcu.externaltools.gnu-tools-for-stm32.10.3-2021.10.win32_1.0.0.202111181127/tools/bin/../lib/gcc/arm-none-eabi/10.3.1/../../../../arm-none-eabi/lib/thumb/v7e-m+fp/hard\libm.a(lib_a-w_pow.o) (__ieee754_pow)
c:/st/stm32cubeide_1.10.1/stm32cubeide/plugins/com.st.stm32cube.ide.mcu.externaltools.gnu-tools-for-stm32.10.3-2021.10.win32_1.0.0.202111181127/tools/bin/../lib/gcc/arm-none-eabi/10.3.1/../../../../arm-none-eabi/lib/thumb/v7e-m+fp/hard\libm.a(lib_a-e_rem_pio2.o)
[...]
Memory Configuration

Name             Origin             Length             Attributes
CCMRAM           0x0000000010000000 0x0000000000010000 xrw
RAM              0x0000000020000000 0x0000000000020000 xrw
FLASH            0x0000000008000000 0x0000000000100000 xr
*default*        0x0000000000000000 0xffffffffffffffff

Linker script and memory map

LOAD c:/st/stm32cubeide_1.10.1/stm32cubeide/plugins/com.st.stm32cube.ide.mcu.externaltools.gnu-tools-for-stm32.10.3-2021.10.win32_1.0.0.202111181127/tools/bin/../lib/gcc/arm-none-eabi/10.3.1/thumb/v7e-m+fp/hard/crti.o
LOAD c:/st/stm32cubeide_1.10.1/stm32cubeide/plugins/com.st.stm32cube.ide.mcu.externaltools.gnu-tools-for-stm32.10.3-2021.10.win32_1.0.0.202111181127/tools/bin/../lib/gcc/arm-none-eabi/10.3.1/thumb/v7e-m+fp/hard/crtbegin.o
LOAD c:/st/stm32cubeide_1.10.1/stm32cubeide/plugins/com.st.stm32cube.ide.mcu.externaltools.gnu-tools-for-stm32.10.3-2021.10.win32_1.0.0.202111181127/tools/bin/../lib/gcc/arm-none-eabi/10.3.1/../../../../arm-none-eabi/lib/thumb/v7e-m+fp/hard/crt0.o
LOAD ./Core/Src/can.o
LOAD ./Core/Src/dma.o
LOAD ./Core/Src/gpio.o
LOAD ./Core/Src/i2c.o
LOAD ./Core/Src/lcd.o
LOAD ./Core/Src/lcd_graphics.o
LOAD ./Core/Src/main.o
LOAD ./Core/Src/spi.o
LOAD ./Core/Src/stm32f4xx_hal_msp.o
LOAD ./Core/Src/stm32f4xx_it.o
LOAD ./Core/Src/syscalls.o
LOAD ./Core/Src/sysmem.o
LOAD ./Core/Src/system_stm32f4xx.o
LOAD ./Core/Src/tim.o
LOAD ./Core/Src/tutorial2_hw.o
LOAD ./Core/Src/usart.o
LOAD ./Core/Startup/startup_stm32f405rgtx.o
LOAD ./Drivers/STM32F4xx_HAL_Driver/Src/stm32f4xx_hal.o
LOAD ./Drivers/STM32F4xx_HAL_Driver/Src/stm32f4xx_hal_can.o
LOAD ./Drivers/STM32F4xx_HAL_Driver/Src/stm32f4xx_hal_cortex.o
LOAD ./Drivers/STM32F4xx_HAL_Driver/Src/stm32f4xx_hal_dma.o
LOAD ./Drivers/STM32F4xx_HAL_Driver/Src/stm32f4xx_hal_dma_ex.o
LOAD ./Drivers/STM32F4xx_HAL_Driver/Src/stm32f4xx_hal_exti.o
LOAD ./Drivers/STM32F4xx_HAL_Driver/Src/stm32f4xx_hal_flash.o
LOAD ./Drivers/STM32F4xx_HAL_Driver/Src/stm32f4xx_hal_flash_ex.o
LOAD ./Drivers/STM32F4xx_HAL_Driver/Src/stm32f4xx_hal_flash_ramfunc.o
LOAD ./Drivers/STM32F4xx_HAL_Driver/Src/stm32f4xx_hal_gpio.o
LOAD ./Drivers/STM32F4xx_HAL_Driver/Src/stm32f4xx_hal_i2c.o
LOAD ./Drivers/STM32F4xx_HAL_Driver/Src/stm32f4xx_hal_i2c_ex.o
LOAD ./Drivers/STM32F4xx_HAL_Driver/Src/stm32f4xx_hal_pwr.o
LOAD ./Drivers/STM32F4xx_HAL_Driver/Src/stm32f4xx_hal_pwr_ex.o
LOAD ./Drivers/STM32F4xx_HAL_Driver/Src/stm32f4xx_hal_rcc.o
LOAD ./Drivers/STM32F4xx_HAL_Driver/Src/stm32f4xx_hal_rcc_ex.o
LOAD ./Drivers/STM32F4xx_HAL_Driver/Src/stm32f4xx_hal_spi.o
LOAD ./Drivers/STM32F4xx_HAL_Driver/Src/stm32f4xx_hal_tim.o
LOAD ./Drivers/STM32F4xx_HAL_Driver/Src/stm32f4xx_hal_tim_ex.o
LOAD ./Drivers/STM32F4xx_HAL_Driver/Src/stm32f4xx_hal_uart.o
START GROUP
LOAD c:/st/stm32cubeide_1.10.1/stm32cubeide/plugins/com.st.stm32cube.ide.mcu.externaltools.gnu-tools-for-stm32.10.3-2021.10.win32_1.0.0.202111181127/tools/bin/../lib/gcc/arm-none-eabi/10.3.1/../../../../arm-none-eabi/lib/thumb/v7e-m+fp/hard\libc_nano.a
LOAD c:/st/stm32cubeide_1.10.1/stm32cubeide/plugins/com.st.stm32cube.ide.mcu.externaltools.gnu-tools-for-stm32.10.3-2021.10.win32_1.0.0.202111181127/tools/bin/../lib/gcc/arm-none-eabi/10.3.1/../../../../arm-none-eabi/lib/thumb/v7e-m+fp/hard\libm.a
END GROUP
START GROUP
LOAD c:/st/stm32cubeide_1.10.1/stm32cubeide/plugins/com.st.stm32cube.ide.mcu.externaltools.gnu-tools-for-stm32.10.3-2021.10.win32_1.0.0.202111181127/tools/bin/../lib/gcc/arm-none-eabi/10.3.1/thumb/v7e-m+fp/hard\libgcc.a
LOAD c:/st/stm32cubeide_1.10.1/stm32cubeide/plugins/com.st.stm32cube.ide.mcu.externaltools.gnu-tools-for-stm32.10.3-2021.10.win32_1.0.0.202111181127/tools/bin/../lib/gcc/arm-none-eabi/10.3.1/../../../../arm-none-eabi/lib/thumb/v7e-m+fp/hard\libc_nano.a
END GROUP
START GROUP
LOAD c:/st/stm32cubeide_1.10.1/stm32cubeide/plugins/com.st.stm32cube.ide.mcu.externaltools.gnu-tools-for-stm32.10.3-2021.10.win32_1.0.0.202111181127/tools/bin/../lib/gcc/arm-none-eabi/10.3.1/thumb/v7e-m+fp/hard\libgcc.a
LOAD c:/st/stm32cubeide_1.10.1/stm32cubeide/plugins/com.st.stm32cube.ide.mcu.externaltools.gnu-tools-for-stm32.10.3-2021.10.win32_1.0.0.202111181127/tools/bin/../lib/gcc/arm-none-eabi/10.3.1/../../../../arm-none-eabi/lib/thumb/v7e-m+fp/hard\libc_nano.a
LOAD c:/st/stm32cubeide_1.10.1/stm32cubeide/plugins/com.st.stm32cube.ide.mcu.externaltools.gnu-tools-for-stm32.10.3-2021.10.win32_1.0.0.202111181127/tools/bin/../lib/gcc/arm-none-eabi/10.3.1/../../../../arm-none-eabi/lib/thumb/v7e-m+fp/hard\libnosys.a
END GROUP
START GROUP
LOAD c:/st/stm32cubeide_1.10.1/stm32cubeide/plugins/com.st.stm32cube.ide.mcu.externaltools.gnu-tools-for-stm32.10.3-2021.10.win32_1.0.0.202111181127/tools/bin/../lib/gcc/arm-none-eabi/10.3.1/thumb/v7e-m+fp/hard\libgcc.a
LOAD c:/st/stm32cubeide_1.10.1/stm32cubeide/plugins/com.st.stm32cube.ide.mcu.externaltools.gnu-tools-for-stm32.10.3-2021.10.win32_1.0.0.202111181127/tools/bin/../lib/gcc/arm-none-eabi/10.3.1/../../../../arm-none-eabi/lib/thumb/v7e-m+fp/hard\libc_nano.a
LOAD c:/st/stm32cubeide_1.10.1/stm32cubeide/plugins/com.st.stm32cube.ide.mcu.externaltools.gnu-tools-for-stm32.10.3-2021.10.win32_1.0.0.202111181127/tools/bin/../lib/gcc/arm-none-eabi/10.3.1/../../../../arm-none-eabi/lib/thumb/v7e-m+fp/hard\libnosys.a
END GROUP
LOAD c:/st/stm32cubeide_1.10.1/stm32cubeide/plugins/com.st.stm32cube.ide.mcu.externaltools.gnu-tools-for-stm32.10.3-2021.10.win32_1.0.0.202111181127/tools/bin/../lib/gcc/arm-none-eabi/10.3.1/thumb/v7e-m+fp/hard/crtend.o
LOAD c:/st/stm32cubeide_1.10.1/stm32cubeide/plugins/com.st.stm32cube.ide.mcu.externaltools.gnu-tools-for-stm32.10.3-2021.10.win32_1.0.0.202111181127/tools/bin/../lib/gcc/arm-none-eabi/10.3.1/thumb/v7e-m+fp/hard/crtn.o
                0x0000000020020000                _estack = (ORIGIN (RAM) + LENGTH (RAM))
                0x0000000000000200                _Min_Heap_Size = 0x200
                0x0000000000000400                _Min_Stack_Size = 0x400

.isr_vector     0x0000000008000000      0x188
                0x0000000008000000                . = ALIGN (0x4)
 *(.isr_vector)
 .isr_vector    0x0000000008000000      0x188 ./Core/Startup/startup_stm32f405rgtx.o
                0x0000000008000000                g_pfnVectors
                0x0000000008000188                . = ALIGN (0x4)

.text           0x0000000008000188     0x69b4
                0x0000000008000188                . = ALIGN (0x4)
 *(.text)
 .text          0x0000000008000188       0x40 c:/st/stm32cubeide_1.10.1/stm32cubeide/plugins/com.st.stm32cube.ide.mcu.externaltools.gnu-tools-for-stm32.10.3-2021.10.win32_1.0.0.202111181127/tools/bin/../lib/gcc/arm-none-eabi/10.3.1/thumb/v7e-m+fp/hard/crtbegin.o
 .text          0x00000000080001c8       0xa0 c:/st/stm32cubeide_1.10.1/stm32cubeide/plugins/com.st.stm32cube.ide.mcu.externaltools.gnu-tools-for-stm32.10.3-2021.10.win32_1.0.0.202111181127/tools/bin/../lib/gcc/arm-none-eabi/10.3.1/thumb/v7e-m+fp/hard\libgcc.a(_arm_truncdfsf2.o)
                0x00000000080001c8                __truncdfsf2
                0x00000000080001c8                __aeabi_d2f
 .text          0x0000000008000268       0x30 c:/st/stm32cubeide_1.10.1/stm32cubeide/plugins/com.st.stm32cube.ide.mcu.externaltools.gnu-tools-for-stm32.10.3-2021.10.win32_1.0.0.202111181127/tools/bin/../lib/gcc/arm-none-eabi/10.3.1/thumb/v7e-m+fp/hard\libgcc.a(_aeabi_uldivmod.o)
                0x0000000008000268                __aeabi_uldivmod
 .text          0x0000000008000298      0x2d0 c:/st/stm32cubeide_1.10.1/stm32cubeide/plugins/com.st.stm32cube.ide.mcu.externaltools.gnu-tools-for-stm32.10.3-2021.10.win32_1.0.0.202111181127/tools/bin/../lib/gcc/arm-none-eabi/10.3.1/thumb/v7e-m+fp/hard\libgcc.a(_udivmoddi4.o)
                0x0000000008000298                __udivmoddi4
 .text          0x0000000008000568        0x4 c:/st/stm32cubeide_1.10.1/stm32cubeide/plugins/com.st.stm32cube.ide.mcu.externaltools.gnu-tools-for-stm32.10.3-2021.10.win32_1.0.0.202111181127/tools/bin/../lib/gcc/arm-none-eabi/10.3.1/thumb/v7e-m+fp/hard\libgcc.a(_dvmd_tls.o)
                0x0000000008000568                __aeabi_idiv0
                0x0000000008000568                __aeabi_ldiv0
 *(.text*)
 .text.MX_CAN1_Init
                0x000000000800056c       0x6c ./Core/Src/can.o
                0x000000000800056c                MX_CAN1_Init
 .text.MX_CAN2_Init
                0x00000000080005d8       0x6c ./Core/Src/can.o
                0x00000000080005d8                MX_CAN2_Init
 .text.HAL_CAN_MspInit
                0x0000000008000644      0x144 ./Core/Src/can.o
                0x0000000008000644                HAL_CAN_MspInit
 .text.can_init
                0x0000000008000788       0x50 ./Core/Src/can.o
                0x0000000008000788                can_init
 .text.MX_DMA_Init
                0x00000000080007d8       0x40 ./Core/Src/dma.o
                0x00000000080007d8                MX_DMA_Init
 .text.MX_GPIO_Init
                0x0000000008000818      0x1e0 ./Core/Src/gpio.o
                0x0000000008000818                MX_GPIO_Init
 .text.tft_char_is_changed
                0x00000000080009f8      0x114 ./Core/Src/lcd.o
 .text.itos     0x0000000008000b0c       0xac ./Core/Src/lcd.o
 .text.utos0    0x0000000008000bb8       0xbc ./Core/Src/lcd.o
 .text.ftos     0x0000000008000c74       0xd2 ./Core/Src/lcd.o
 .text.prints   0x0000000008000d46       0xf0 ./Core/Src/lcd.o
 .text.printi   0x0000000008000e36       0xee ./Core/Src/lcd.o
 .text.printf_  0x0000000008000f24       0x4e ./Core/Src/lcd.o
 *fill*         0x0000000008000f72        0x2 
 .text.print    0x0000000008000f74      0x244 ./Core/Src/lcd.o
 .text.write_command
                0x00000000080011b8       0x48 ./Core/Src/lcd.o
 .text.write_data
                0x0000000008001200       0x24 ./Core/Src/lcd.o
 .text.write_many
                0x0000000008001224       0x2a ./Core/Src/lcd.o
 *fill*         0x000000000800124e        0x2 
 .text.write_many_dma
                0x0000000008001250       0x30 ./Core/Src/lcd.o
 .text.write_byte
                0x0000000008001280       0x2a ./Core/Src/lcd.o
 .text.write_2hword
                0x00000000080012aa       0x4e ./Core/Src/lcd.o
 .text.tft_clear
                0x00000000080012f8       0x78 ./Core/Src/lcd.o
 .text.tft_clear_full
                0x0000000008001370       0xd8 ./Core/Src/lcd.o
 .text.tft_set_region
                0x0000000008001448       0x90 ./Core/Src/lcd.o
 .text.tft_init
                0x00000000080014d8      0x200 ./Core/Src/lcd.o
                0x00000000080014d8                tft_init
 .text.tft_set_bg_color
                0x00000000080016d8       0x20 ./Core/Src/lcd.o
                0x00000000080016d8                tft_set_bg_color
 .text.tft_set_highlight_color
                0x00000000080016f8       0x20 ./Core/Src/lcd.o
                0x00000000080016f8                tft_set_highlight_color
 .text.tft_set_text_color
                0x0000000008001718       0x20 ./Core/Src/lcd.o
                0x0000000008001718                tft_set_text_color
 .text.tft_set_special_color
                0x0000000008001738       0x20 ./Core/Src/lcd.o
                0x0000000008001738                tft_set_special_color
 .text.tft_force_clear
                0x0000000008001758       0x58 ./Core/Src/lcd.o
                0x0000000008001758                tft_force_clear
 .text.tft_print_colored
                0x00000000080017b0      0x300 ./Core/Src/lcd.o
                0x00000000080017b0                tft_print_colored
 .text.tft_printc
                0x0000000008001ab0       0x38 ./Core/Src/lcd.o
                0x0000000008001ab0                tft_printc
 .text.tft_prints
                0x0000000008001ae8       0x5a ./Core/Src/lcd.o
                0x0000000008001ae8                tft_prints
 *fill*         0x0000000008001b42        0x2 
 .text.tft_print_rectangle_dma
                0x0000000008001b44       0xfc ./Core/Src/lcd.o
                0x0000000008001b44                tft_print_rectangle_dma
 .text.tft_print_rectangle
                0x0000000008001c40      0x10a ./Core/Src/lcd.o
                0x0000000008001c40                tft_print_rectangle
 *fill*         0x0000000008001d4a        0x2 
 .text.tft_print_image
                0x0000000008001d4c       0x60 ./Core/Src/lcd.o
                0x0000000008001d4c                tft_print_image
 .text.tft_update
                0x0000000008001dac      0x2ac ./Core/Src/lcd.o
                0x0000000008001dac                tft_update
 .text.main     0x0000000008002058       0x6c ./Core/Src/main.o
                0x0000000008002058                main
 .text.SystemClock_Config
                0x00000000080020c4       0xd4 ./Core/Src/main.o
                0x00000000080020c4                SystemClock_Config
 .text.Error_Handler
                0x0000000008002198        0xa ./Core/Src/main.o
                0x0000000008002198                Error_Handler
 *fill*         0x00000000080021a2        0x2 
 .text.MX_SPI1_Init
                0x00000000080021a4       0x6c ./Core/Src/spi.o
                0x00000000080021a4                MX_SPI1_Init
 .text.HAL_SPI_MspInit
                0x0000000008002210      0x118 ./Core/Src/spi.o
                0x0000000008002210                HAL_SPI_MspInit
 .text.HAL_MspInit
                0x0000000008002328       0x50 ./Core/Src/stm32f4xx_hal_msp.o
                0x0000000008002328                HAL_MspInit
 .text.NMI_Handler
                0x0000000008002378        0x6 ./Core/Src/stm32f4xx_it.o
                0x0000000008002378                NMI_Handler
 .text.HardFault_Handler
                0x000000000800237e        0x6 ./Core/Src/stm32f4xx_it.o
                0x000000000800237e                HardFault_Handler
 .text.MemManage_Handler
                0x0000000008002384        0x6 ./Core/Src/stm32f4xx_it.o
                0x0000000008002384                MemManage_Handler
 .text.BusFault_Handler
                0x000000000800238a        0x6 ./Core/Src/stm32f4xx_it.o
                0x000000000800238a                BusFault_Handler
 .text.UsageFault_Handler
                0x0000000008002390        0x6 ./Core/Src/stm32f4xx_it.o
                0x0000000008002390                UsageFault_Handler
 .text.SVC_Handler
                0x0000000008002396        0xe ./Core/Src/stm32f4xx_it.o
                0x0000000008002396                SVC_Handler
 .text.DebugMon_Handler
                0x00000000080023a4        0xe ./Core/Src/stm32f4xx_it.o
                0x00000000080023a4                DebugMon_Handler
 .text.PendSV_Handler
                0x00000000080023b2        0xe ./Core/Src/stm32f4xx_it.o
                0x00000000080023b2                PendSV_Handler
 .text.SysTick_Handler
                0x00000000080023c0        0xc ./Core/Src/stm32f4xx_it.o
                0x00000000080023c0                SysTick_Handler
 .text.SPI1_IRQHandler
                0x00000000080023cc       0x14 ./Core/Src/stm32f4xx_it.o
                0x00000000080023cc                SPI1_IRQHandler
 .text.USART1_IRQHandler
                0x00000000080023e0       0x14 ./Core/Src/stm32f4xx_it.o
                0x00000000080023e0                USART1_IRQHandler
 .text.EXTI15_10_IRQHandler
                0x00000000080023f4       0x10 ./Core/Src/stm32f4xx_it.o
                0x00000000080023f4                EXTI15_10_IRQHandler
 .text.TIM5_IRQHandler
                0x0000000008002404       0x14 ./Core/Src/stm32f4xx_it.o
                0x0000000008002404                TIM5_IRQHandler
 .text.DMA2_Stream3_IRQHandler
                0x0000000008002418       0x14 ./Core/Src/stm32f4xx_it.o
                0x0000000008002418                DMA2_Stream3_IRQHandler
 .text.SystemInit
                0x000000000800242c       0x24 ./Core/Src/system_stm32f4xx.o
                0x000000000800242c                SystemInit
 .text.MX_TIM5_Init
                0x0000000008002450       0xec ./Core/Src/tim.o
                0x0000000008002450                MX_TIM5_Init
 .text.HAL_TIM_Base_MspInit
                0x000000000800253c       0x50 ./Core/Src/tim.o
                0x000000000800253c                HAL_TIM_Base_MspInit
 .text.HAL_TIM_MspPostInit
                0x000000000800258c       0x74 ./Core/Src/tim.o
                0x000000000800258c                HAL_TIM_MspPostInit
 .text.MX_USART1_UART_Init
                0x0000000008002600       0x54 ./Core/Src/usart.o
                0x0000000008002600                MX_USART1_UART_Init
 .text.MX_USART2_UART_Init
                0x0000000008002654       0x54 ./Core/Src/usart.o
                0x0000000008002654                MX_USART2_UART_Init
 .text.HAL_UART_MspInit
                0x00000000080026a8      0x108 ./Core/Src/usart.o
                0x00000000080026a8                HAL_UART_MspInit
 .text.Reset_Handler
                0x00000000080027b0       0x50 ./Core/Startup/startup_stm32f405rgtx.o
                0x00000000080027b0                Reset_Handler
 .text.Default_Handler
                0x0000000008002800        0x2 ./Core/Startup/startup_stm32f405rgtx.o
                0x0000000008002800                RTC_Alarm_IRQHandler
                0x0000000008002800                HASH_RNG_IRQHandler
                0x0000000008002800                EXTI2_IRQHandler
                0x0000000008002800                TIM8_CC_IRQHandler
                0x0000000008002800                TIM1_CC_IRQHandler
                0x0000000008002800                DMA2_Stream5_IRQHandler
                0x0000000008002800                DMA1_Stream5_IRQHandler
                0x0000000008002800                PVD_IRQHandler
                0x0000000008002800                SDIO_IRQHandler
                0x0000000008002800                TAMP_STAMP_IRQHandler
                0x0000000008002800                CAN2_RX1_IRQHandler
                0x0000000008002800                EXTI3_IRQHandler
                0x0000000008002800                TIM8_TRG_COM_TIM14_IRQHandler
                0x0000000008002800                TIM1_UP_TIM10_IRQHandler
                0x0000000008002800                TIM8_UP_TIM13_IRQHandler
                0x0000000008002800                I2C3_ER_IRQHandler
                0x0000000008002800                EXTI0_IRQHandler
                0x0000000008002800                I2C2_EV_IRQHandler
                0x0000000008002800                DMA1_Stream2_IRQHandler
                0x0000000008002800                CAN1_RX0_IRQHandler
                0x0000000008002800                FPU_IRQHandler
                0x0000000008002800                OTG_HS_WKUP_IRQHandler
                0x0000000008002800                CAN2_SCE_IRQHandler
                0x0000000008002800                DMA2_Stream2_IRQHandler
                0x0000000008002800                TIM6_DAC_IRQHandler
                0x0000000008002800                TIM1_BRK_TIM9_IRQHandler
                0x0000000008002800                CAN2_RX0_IRQHandler
                0x0000000008002800                USART6_IRQHandler
                0x0000000008002800                USART3_IRQHandler
                0x0000000008002800                CAN1_RX1_IRQHandler
                0x0000000008002800                UART5_IRQHandler
                0x0000000008002800                DMA2_Stream0_IRQHandler
                0x0000000008002800                TIM4_IRQHandler
                0x0000000008002800                I2C1_EV_IRQHandler
                0x0000000008002800                DMA1_Stream6_IRQHandler
                0x0000000008002800                DMA1_Stream1_IRQHandler
                0x0000000008002800                UART4_IRQHandler
                0x0000000008002800                TIM3_IRQHandler
                0x0000000008002800                RCC_IRQHandler
                0x0000000008002800                TIM8_BRK_TIM12_IRQHandler
                0x0000000008002800                Default_Handler
                0x0000000008002800                ADC_IRQHandler
                0x0000000008002800                DMA1_Stream7_IRQHandler
                0x0000000008002800                TIM7_IRQHandler
                0x0000000008002800                CAN2_TX_IRQHandler
                0x0000000008002800                DMA2_Stream7_IRQHandler
                0x0000000008002800                I2C3_EV_IRQHandler
                0x0000000008002800                EXTI9_5_IRQHandler
                0x0000000008002800                RTC_WKUP_IRQHandler
                0x0000000008002800                SPI2_IRQHandler
                0x0000000008002800                OTG_HS_EP1_IN_IRQHandler
                0x0000000008002800                DMA1_Stream0_IRQHandler
                0x0000000008002800                CAN1_TX_IRQHandler
                0x0000000008002800                EXTI4_IRQHandler
                0x0000000008002800                FSMC_IRQHandler
                0x0000000008002800                OTG_HS_EP1_OUT_IRQHandler
                0x0000000008002800                WWDG_IRQHandler
                0x0000000008002800                TIM2_IRQHandler
                0x0000000008002800                OTG_FS_WKUP_IRQHandler
                0x0000000008002800                TIM1_TRG_COM_TIM11_IRQHandler
                0x0000000008002800                OTG_HS_IRQHandler
                0x0000000008002800                EXTI1_IRQHandler
                0x0000000008002800                USART2_IRQHandler
                0x0000000008002800                I2C2_ER_IRQHandler
                0x0000000008002800                DMA2_Stream1_IRQHandler
                0x0000000008002800                CAN1_SCE_IRQHandler
                0x0000000008002800                FLASH_IRQHandler
                0x0000000008002800                DMA2_Stream4_IRQHandler
                0x0000000008002800                OTG_FS_IRQHandler
                0x0000000008002800                SPI3_IRQHandler
                0x0000000008002800                DMA1_Stream4_IRQHandler
                0x0000000008002800                I2C1_ER_IRQHandler
                0x0000000008002800                DMA2_Stream6_IRQHandler
                0x0000000008002800                DMA1_Stream3_IRQHandler
 *fill*         0x0000000008002802        0x2 
 .text.HAL_Init
                0x0000000008002804       0x44 ./Drivers/STM32F4xx_HAL_Driver/Src/stm32f4xx_hal.o
                0x0000000008002804                HAL_Init
 .text.HAL_InitTick
                0x0000000008002848       0x60 ./Drivers/STM32F4xx_HAL_Driver/Src/stm32f4xx_hal.o
                0x0000000008002848                HAL_InitTick
 .text.HAL_IncTick
                0x00000000080028a8       0x28 ./Drivers/STM32F4xx_HAL_Driver/Src/stm32f4xx_hal.o
                0x00000000080028a8                HAL_IncTick
 .text.HAL_GetTick
                0x00000000080028d0       0x18 ./Drivers/STM32F4xx_HAL_Driver/Src/stm32f4xx_hal.o
                0x00000000080028d0                HAL_GetTick
 .text.HAL_Delay
                0x00000000080028e8       0x48 ./Drivers/STM32F4xx_HAL_Driver/Src/stm32f4xx_hal.o
                0x00000000080028e8                HAL_Delay
 .text.HAL_CAN_Init
                0x0000000008002930      0x1f6 ./Drivers/STM32F4xx_HAL_Driver/Src/stm32f4xx_hal_can.o
                0x0000000008002930                HAL_CAN_Init
 *fill*         0x0000000008002b26        0x2 
 .text.HAL_CAN_ConfigFilter
                0x0000000008002b28      0x1c0 ./Drivers/STM32F4xx_HAL_Driver/Src/stm32f4xx_hal_can.o
                0x0000000008002b28                HAL_CAN_ConfigFilter
 .text.HAL_CAN_Start
                0x0000000008002ce8       0x88 ./Drivers/STM32F4xx_HAL_Driver/Src/stm32f4xx_hal_can.o
                0x0000000008002ce8                HAL_CAN_Start
 .text.HAL_CAN_ActivateNotification
                0x0000000008002d70       0x4c ./Drivers/STM32F4xx_HAL_Driver/Src/stm32f4xx_hal_can.o
                0x0000000008002d70                HAL_CAN_ActivateNotification
 .text.__NVIC_SetPriorityGrouping
                0x0000000008002dbc       0x48 ./Drivers/STM32F4xx_HAL_Driver/Src/stm32f4xx_hal_cortex.o
 .text.__NVIC_GetPriorityGrouping
                0x0000000008002e04       0x1c ./Drivers/STM32F4xx_HAL_Driver/Src/stm32f4xx_hal_cortex.o
 .text.__NVIC_EnableIRQ
                0x0000000008002e20       0x3c ./Drivers/STM32F4xx_HAL_Driver/Src/stm32f4xx_hal_cortex.o
 .text.__NVIC_SetPriority
                0x0000000008002e5c       0x54 ./Drivers/STM32F4xx_HAL_Driver/Src/stm32f4xx_hal_cortex.o
 .text.NVIC_EncodePriority
                0x0000000008002eb0       0x66 ./Drivers/STM32F4xx_HAL_Driver/Src/stm32f4xx_hal_cortex.o
 *fill*         0x0000000008002f16        0x2 
 .text.SysTick_Config
                0x0000000008002f18       0x44 ./Drivers/STM32F4xx_HAL_Driver/Src/stm32f4xx_hal_cortex.o
 .text.HAL_NVIC_SetPriorityGrouping
                0x0000000008002f5c       0x16 ./Drivers/STM32F4xx_HAL_Driver/Src/stm32f4xx_hal_cortex.o
                0x0000000008002f5c                HAL_NVIC_SetPriorityGrouping
 .text.HAL_NVIC_SetPriority
                0x0000000008002f72       0x38 ./Drivers/STM32F4xx_HAL_Driver/Src/stm32f4xx_hal_cortex.o
                0x0000000008002f72                HAL_NVIC_SetPriority
 .text.HAL_NVIC_EnableIRQ
                0x0000000008002faa       0x1c ./Drivers/STM32F4xx_HAL_Driver/Src/stm32f4xx_hal_cortex.o
                0x0000000008002faa                HAL_NVIC_EnableIRQ
 .text.HAL_SYSTICK_Config
                0x0000000008002fc6       0x18 ./Drivers/STM32F4xx_HAL_Driver/Src/stm32f4xx_hal_cortex.o
                0x0000000008002fc6                HAL_SYSTICK_Config
 *fill*         0x0000000008002fde        0x2 
 .text.HAL_DMA_Init
                0x0000000008002fe0      0x15c ./Drivers/STM32F4xx_HAL_Driver/Src/stm32f4xx_hal_dma.o
                0x0000000008002fe0                HAL_DMA_Init
 .text.HAL_DMA_Start_IT
                0x000000000800313c       0xb0 ./Drivers/STM32F4xx_HAL_Driver/Src/stm32f4xx_hal_dma.o
                0x000000000800313c                HAL_DMA_Start_IT
 .text.HAL_DMA_Abort
                0x00000000080031ec       0xe0 ./Drivers/STM32F4xx_HAL_Driver/Src/stm32f4xx_hal_dma.o
                0x00000000080031ec                HAL_DMA_Abort
 .text.HAL_DMA_Abort_IT
                0x00000000080032cc       0x44 ./Drivers/STM32F4xx_HAL_Driver/Src/stm32f4xx_hal_dma.o
                0x00000000080032cc                HAL_DMA_Abort_IT
 .text.HAL_DMA_IRQHandler
                0x0000000008003310      0x314 ./Drivers/STM32F4xx_HAL_Driver/Src/stm32f4xx_hal_dma.o
                0x0000000008003310                HAL_DMA_IRQHandler
 .text.DMA_SetConfig
                0x0000000008003624       0x5c ./Drivers/STM32F4xx_HAL_Driver/Src/stm32f4xx_hal_dma.o
 .text.DMA_CalcBaseAndBitshift
                0x0000000008003680       0x6c ./Drivers/STM32F4xx_HAL_Driver/Src/stm32f4xx_hal_dma.o
 .text.DMA_CheckFifoParam
                0x00000000080036ec       0xf8 ./Drivers/STM32F4xx_HAL_Driver/Src/stm32f4xx_hal_dma.o
 .text.HAL_GPIO_Init
                0x00000000080037e4      0x338 ./Drivers/STM32F4xx_HAL_Driver/Src/stm32f4xx_hal_gpio.o
                0x00000000080037e4                HAL_GPIO_Init
 .text.HAL_GPIO_WritePin
                0x0000000008003b1c       0x32 ./Drivers/STM32F4xx_HAL_Driver/Src/stm32f4xx_hal_gpio.o
                0x0000000008003b1c                HAL_GPIO_WritePin
 *fill*         0x0000000008003b4e        0x2 
 .text.HAL_GPIO_EXTI_IRQHandler
                0x0000000008003b50       0x30 ./Drivers/STM32F4xx_HAL_Driver/Src/stm32f4xx_hal_gpio.o
                0x0000000008003b50                HAL_GPIO_EXTI_IRQHandler
 .text.HAL_GPIO_EXTI_Callback
                0x0000000008003b80       0x16 ./Drivers/STM32F4xx_HAL_Driver/Src/stm32f4xx_hal_gpio.o
                0x0000000008003b80                HAL_GPIO_EXTI_Callback
 *fill*         0x0000000008003b96        0x2 
 .text.HAL_RCC_OscConfig
                0x0000000008003b98      0x4f0 ./Drivers/STM32F4xx_HAL_Driver/Src/stm32f4xx_hal_rcc.o
                0x0000000008003b98                HAL_RCC_OscConfig
 .text.HAL_RCC_ClockConfig
                0x0000000008004088      0x1cc ./Drivers/STM32F4xx_HAL_Driver/Src/stm32f4xx_hal_rcc.o
                0x0000000008004088                HAL_RCC_ClockConfig
 .text.HAL_RCC_GetSysClockFreq
                0x0000000008004254      0x20c ./Drivers/STM32F4xx_HAL_Driver/Src/stm32f4xx_hal_rcc.o
                0x0000000008004254                HAL_RCC_GetSysClockFreq
 .text.HAL_RCC_GetHCLKFreq
                0x0000000008004460       0x18 ./Drivers/STM32F4xx_HAL_Driver/Src/stm32f4xx_hal_rcc.o
                0x0000000008004460                HAL_RCC_GetHCLKFreq
 .text.HAL_RCC_GetPCLK1Freq
                0x0000000008004478       0x28 ./Drivers/STM32F4xx_HAL_Driver/Src/stm32f4xx_hal_rcc.o
                0x0000000008004478                HAL_RCC_GetPCLK1Freq
 .text.HAL_RCC_GetPCLK2Freq
                0x00000000080044a0       0x28 ./Drivers/STM32F4xx_HAL_Driver/Src/stm32f4xx_hal_rcc.o
                0x00000000080044a0                HAL_RCC_GetPCLK2Freq
 .text.HAL_SPI_Init
                0x00000000080044c8      0x112 ./Drivers/STM32F4xx_HAL_Driver/Src/stm32f4xx_hal_spi.o
                0x00000000080044c8                HAL_SPI_Init
 .text.HAL_SPI_Transmit
                0x00000000080045da      0x278 ./Drivers/STM32F4xx_HAL_Driver/Src/stm32f4xx_hal_spi.o
                0x00000000080045da                HAL_SPI_Transmit
 *fill*         0x0000000008004852        0x2 
 .text.HAL_SPI_Transmit_DMA
                0x0000000008004854      0x16c ./Drivers/STM32F4xx_HAL_Driver/Src/stm32f4xx_hal_spi.o
                0x0000000008004854                HAL_SPI_Transmit_DMA
 .text.HAL_SPI_IRQHandler
                0x00000000080049c0      0x200 ./Drivers/STM32F4xx_HAL_Driver/Src/stm32f4xx_hal_spi.o
                0x00000000080049c0                HAL_SPI_IRQHandler
 .text.HAL_SPI_TxCpltCallback
                0x0000000008004bc0       0x14 ./Drivers/STM32F4xx_HAL_Driver/Src/stm32f4xx_hal_spi.o
                0x0000000008004bc0                HAL_SPI_TxCpltCallback
 .text.HAL_SPI_TxHalfCpltCallback
                0x0000000008004bd4       0x14 ./Drivers/STM32F4xx_HAL_Driver/Src/stm32f4xx_hal_spi.o
                0x0000000008004bd4                HAL_SPI_TxHalfCpltCallback
 .text.HAL_SPI_ErrorCallback
                0x0000000008004be8       0x14 ./Drivers/STM32F4xx_HAL_Driver/Src/stm32f4xx_hal_spi.o
                0x0000000008004be8                HAL_SPI_ErrorCallback
 .text.HAL_SPI_GetState
                0x0000000008004bfc       0x1c ./Drivers/STM32F4xx_HAL_Driver/Src/stm32f4xx_hal_spi.o
                0x0000000008004bfc                HAL_SPI_GetState
 .text.SPI_DMATransmitCplt
                0x0000000008004c18       0xa8 ./Drivers/STM32F4xx_HAL_Driver/Src/stm32f4xx_hal_spi.o
 .text.SPI_DMAHalfTransmitCplt
                0x0000000008004cc0       0x1c ./Drivers/STM32F4xx_HAL_Driver/Src/stm32f4xx_hal_spi.o
 .text.SPI_DMAError
                0x0000000008004cdc       0x40 ./Drivers/STM32F4xx_HAL_Driver/Src/stm32f4xx_hal_spi.o
 .text.SPI_DMAAbortOnError
                0x0000000008004d1c       0x28 ./Drivers/STM32F4xx_HAL_Driver/Src/stm32f4xx_hal_spi.o
 .text.SPI_WaitFlagStateUntilTimeout
                0x0000000008004d44      0x110 ./Drivers/STM32F4xx_HAL_Driver/Src/stm32f4xx_hal_spi.o
 .text.SPI_EndRxTxTransaction
                0x0000000008004e54       0x84 ./Drivers/STM32F4xx_HAL_Driver/Src/stm32f4xx_hal_spi.o
 .text.HAL_TIM_Base_Init
                0x0000000008004ed8       0x9e ./Drivers/STM32F4xx_HAL_Driver/Src/stm32f4xx_hal_tim.o
                0x0000000008004ed8                HAL_TIM_Base_Init
 .text.HAL_TIM_PWM_Init
                0x0000000008004f76       0x9e ./Drivers/STM32F4xx_HAL_Driver/Src/stm32f4xx_hal_tim.o
                0x0000000008004f76                HAL_TIM_PWM_Init
 .text.HAL_TIM_PWM_MspInit
                0x0000000008005014       0x14 ./Drivers/STM32F4xx_HAL_Driver/Src/stm32f4xx_hal_tim.o
                0x0000000008005014                HAL_TIM_PWM_MspInit
 .text.HAL_TIM_IRQHandler
                0x0000000008005028      0x210 ./Drivers/STM32F4xx_HAL_Driver/Src/stm32f4xx_hal_tim.o
                0x0000000008005028                HAL_TIM_IRQHandler
 .text.HAL_TIM_PWM_ConfigChannel
                0x0000000008005238      0x184 ./Drivers/STM32F4xx_HAL_Driver/Src/stm32f4xx_hal_tim.o
                0x0000000008005238                HAL_TIM_PWM_ConfigChannel
 .text.HAL_TIM_ConfigClockSource
                0x00000000080053bc      0x18e ./Drivers/STM32F4xx_HAL_Driver/Src/stm32f4xx_hal_tim.o
                0x00000000080053bc                HAL_TIM_ConfigClockSource
 .text.HAL_TIM_PeriodElapsedCallback
                0x000000000800554a       0x14 ./Drivers/STM32F4xx_HAL_Driver/Src/stm32f4xx_hal_tim.o
                0x000000000800554a                HAL_TIM_PeriodElapsedCallback
 .text.HAL_TIM_OC_DelayElapsedCallback
                0x000000000800555e       0x14 ./Drivers/STM32F4xx_HAL_Driver/Src/stm32f4xx_hal_tim.o
                0x000000000800555e                HAL_TIM_OC_DelayElapsedCallback
 .text.HAL_TIM_IC_CaptureCallback
                0x0000000008005572       0x14 ./Drivers/STM32F4xx_HAL_Driver/Src/stm32f4xx_hal_tim.o
                0x0000000008005572                HAL_TIM_IC_CaptureCallback
 .text.HAL_TIM_PWM_PulseFinishedCallback
                0x0000000008005586       0x14 ./Drivers/STM32F4xx_HAL_Driver/Src/stm32f4xx_hal_tim.o
                0x0000000008005586                HAL_TIM_PWM_PulseFinishedCallback
 .text.HAL_TIM_TriggerCallback
                0x000000000800559a       0x14 ./Drivers/STM32F4xx_HAL_Driver/Src/stm32f4xx_hal_tim.o
                0x000000000800559a                HAL_TIM_TriggerCallback
 *fill*         0x00000000080055ae        0x2 
 .text.TIM_Base_SetConfig
                0x00000000080055b0      0x140 ./Drivers/STM32F4xx_HAL_Driver/Src/stm32f4xx_hal_tim.o
                0x00000000080055b0                TIM_Base_SetConfig
 .text.TIM_OC1_SetConfig
                0x00000000080056f0       0xe0 ./Drivers/STM32F4xx_HAL_Driver/Src/stm32f4xx_hal_tim.o
 .text.TIM_OC2_SetConfig
                0x00000000080057d0       0xec ./Drivers/STM32F4xx_HAL_Driver/Src/stm32f4xx_hal_tim.o
                0x00000000080057d0                TIM_OC2_SetConfig
 .text.TIM_OC3_SetConfig
                0x00000000080058bc       0xe8 ./Drivers/STM32F4xx_HAL_Driver/Src/stm32f4xx_hal_tim.o
 .text.TIM_OC4_SetConfig
                0x00000000080059a4       0xac ./Drivers/STM32F4xx_HAL_Driver/Src/stm32f4xx_hal_tim.o
 .text.TIM_TI1_ConfigInputStage
                0x0000000008005a50       0x5e ./Drivers/STM32F4xx_HAL_Driver/Src/stm32f4xx_hal_tim.o
 .text.TIM_TI2_ConfigInputStage
                0x0000000008005aae       0x60 ./Drivers/STM32F4xx_HAL_Driver/Src/stm32f4xx_hal_tim.o
 .text.TIM_ITRx_SetConfig
                0x0000000008005b0e       0x36 ./Drivers/STM32F4xx_HAL_Driver/Src/stm32f4xx_hal_tim.o
 .text.TIM_ETR_SetConfig
                0x0000000008005b44       0x40 ./Drivers/STM32F4xx_HAL_Driver/Src/stm32f4xx_hal_tim.o
                0x0000000008005b44                TIM_ETR_SetConfig
 .text.HAL_TIMEx_MasterConfigSynchronization
                0x0000000008005b84       0xf8 ./Drivers/STM32F4xx_HAL_Driver/Src/stm32f4xx_hal_tim_ex.o
                0x0000000008005b84                HAL_TIMEx_MasterConfigSynchronization
 .text.HAL_TIMEx_CommutCallback
                0x0000000008005c7c       0x14 ./Drivers/STM32F4xx_HAL_Driver/Src/stm32f4xx_hal_tim_ex.o
                0x0000000008005c7c                HAL_TIMEx_CommutCallback
 .text.HAL_TIMEx_BreakCallback
                0x0000000008005c90       0x14 ./Drivers/STM32F4xx_HAL_Driver/Src/stm32f4xx_hal_tim_ex.o
                0x0000000008005c90                HAL_TIMEx_BreakCallback
 .text.HAL_UART_Init
                0x0000000008005ca4       0x9a ./Drivers/STM32F4xx_HAL_Driver/Src/stm32f4xx_hal_uart.o
                0x0000000008005ca4                HAL_UART_Init
 *fill*         0x0000000008005d3e        0x2 
 .text.HAL_UART_IRQHandler
                0x0000000008005d40      0x51c ./Drivers/STM32F4xx_HAL_Driver/Src/stm32f4xx_hal_uart.o
                0x0000000008005d40                HAL_UART_IRQHandler
 .text.HAL_UART_TxCpltCallback
                0x000000000800625c       0x14 ./Drivers/STM32F4xx_HAL_Driver/Src/stm32f4xx_hal_uart.o
                0x000000000800625c                HAL_UART_TxCpltCallback
 .text.HAL_UART_RxCpltCallback
                0x0000000008006270       0x14 ./Drivers/STM32F4xx_HAL_Driver/Src/stm32f4xx_hal_uart.o
                0x0000000008006270                HAL_UART_RxCpltCallback
 .text.HAL_UART_ErrorCallback
                0x0000000008006284       0x14 ./Drivers/STM32F4xx_HAL_Driver/Src/stm32f4xx_hal_uart.o
                0x0000000008006284                HAL_UART_ErrorCallback
 .text.HAL_UARTEx_RxEventCallback
                0x0000000008006298       0x18 ./Drivers/STM32F4xx_HAL_Driver/Src/stm32f4xx_hal_uart.o
                0x0000000008006298                HAL_UARTEx_RxEventCallback
 .text.UART_EndRxTransfer
                0x00000000080062b0       0xc6 ./Drivers/STM32F4xx_HAL_Driver/Src/stm32f4xx_hal_uart.o
 .text.UART_DMAAbortOnError
                0x0000000008006376       0x28 ./Drivers/STM32F4xx_HAL_Driver/Src/stm32f4xx_hal_uart.o
 .text.UART_Transmit_IT
                0x000000000800639e       0xa0 ./Drivers/STM32F4xx_HAL_Driver/Src/stm32f4xx_hal_uart.o
 .text.UART_EndTransmit_IT
                0x000000000800643e       0x30 ./Drivers/STM32F4xx_HAL_Driver/Src/stm32f4xx_hal_uart.o
 .text.UART_Receive_IT
                0x000000000800646e      0x176 ./Drivers/STM32F4xx_HAL_Driver/Src/stm32f4xx_hal_uart.o
 .text.UART_SetConfig
                0x00000000080065e4      0x4e8 ./Drivers/STM32F4xx_HAL_Driver/Src/stm32f4xx_hal_uart.o
 .text.__libc_init_array
                0x0000000008006acc       0x48 c:/st/stm32cubeide_1.10.1/stm32cubeide/plugins/com.st.stm32cube.ide.mcu.externaltools.gnu-tools-for-stm32.10.3-2021.10.win32_1.0.0.202111181127/tools/bin/../lib/gcc/arm-none-eabi/10.3.1/../../../../arm-none-eabi/lib/thumb/v7e-m+fp/hard\libc_nano.a(lib_a-init.o)
                0x0000000008006acc                __libc_init_array
 .text.memset   0x0000000008006b14       0x10 c:/st/stm32cubeide_1.10.1/stm32cubeide/plugins/com.st.stm32cube.ide.mcu.externaltools.gnu-tools-for-stm32.10.3-2021.10.win32_1.0.0.202111181127/tools/bin/../lib/gcc/arm-none-eabi/10.3.1/../../../../arm-none-eabi/lib/thumb/v7e-m+fp/hard\libc_nano.a(lib_a-memset.o)
                0x0000000008006b14                memset
 *(.glue_7)
 .glue_7        0x0000000008006b24        0x0 linker stubs
 *(.glue_7t)
 .glue_7t       0x0000000008006b24        0x0 linker stubs
 *(.eh_frame)
 .eh_frame      0x0000000008006b24        0x0 c:/st/stm32cubeide_1.10.1/stm32cubeide/plugins/com.st.stm32cube.ide.mcu.externaltools.gnu-tools-for-stm32.10.3-2021.10.win32_1.0.0.202111181127/tools/bin/../lib/gcc/arm-none-eabi/10.3.1/thumb/v7e-m+fp/hard/crtbegin.o
 *(.init)
 .init          0x0000000008006b24        0x4 c:/st/stm32cubeide_1.10.1/stm32cubeide/plugins/com.st.stm32cube.ide.mcu.externaltools.gnu-tools-for-stm32.10.3-2021.10.win32_1.0.0.202111181127/tools/bin/../lib/gcc/arm-none-eabi/10.3.1/thumb/v7e-m+fp/hard/crti.o
                0x0000000008006b24                _init
 .init          0x0000000008006b28        0x8 c:/st/stm32cubeide_1.10.1/stm32cubeide/plugins/com.st.stm32cube.ide.mcu.externaltools.gnu-tools-for-stm32.10.3-2021.10.win32_1.0.0.202111181127/tools/bin/../lib/gcc/arm-none-eabi/10.3.1/thumb/v7e-m+fp/hard/crtn.o
 *(.fini)
 .fini          0x0000000008006b30        0x4 c:/st/stm32cubeide_1.10.1/stm32cubeide/plugins/com.st.stm32cube.ide.mcu.externaltools.gnu-tools-for-stm32.10.3-2021.10.win32_1.0.0.202111181127/tools/bin/../lib/gcc/arm-none-eabi/10.3.1/thumb/v7e-m+fp/hard/crti.o
                0x0000000008006b30                _fini
 .fini          0x0000000008006b34        0x8 c:/st/stm32cubeide_1.10.1/stm32cubeide/plugins/com.st.stm32cube.ide.mcu.externaltools.gnu-tools-for-stm32.10.3-2021.10.win32_1.0.0.202111181127/tools/bin/../lib/gcc/arm-none-eabi/10.3.1/thumb/v7e-m+fp/hard/crtn.o
                0x0000000008006b3c                . = ALIGN (0x4)
                0x0000000008006b3c                _etext = .

.vfp11_veneer   0x0000000008006b3c        0x0
 .vfp11_veneer  0x0000000008006b3c        0x0 linker stubs

.v4_bx          0x0000000008006b3c        0x0
 .v4_bx         0x0000000008006b3c        0x0 linker stubs

.iplt           0x0000000008006b3c        0x0
 .iplt          0x0000000008006b3c        0x0 c:/st/stm32cubeide_1.10.1/stm32cubeide/plugins/com.st.stm32cube.ide.mcu.externaltools.gnu-tools-for-stm32.10.3-2021.10.win32_1.0.0.202111181127/tools/bin/../lib/gcc/arm-none-eabi/10.3.1/thumb/v7e-m+fp/hard/crtbegin.o

.rodata         0x0000000008006b3c      0xecc
                0x0000000008006b3c                . = ALIGN (0x4)
 *(.rodata)
 .rodata        0x0000000008006b3c        0x7 ./Core/Src/lcd.o
 *fill*         0x0000000008006b43        0x1 
 .rodata        0x0000000008006b44       0x2c ./Core/Src/main.o
 *(.rodata*)
 .rodata.ascii_8x16
                0x0000000008006b70      0xdff ./Core/Src/lcd.o
 *fill*         0x000000000800796f        0x1 
 .rodata.tft_init_code
                0x0000000008007970       0x71 ./Core/Src/lcd.o
                0x0000000008007970                tft_init_code
 *fill*         0x00000000080079e1        0x3 
 .rodata.tft_orientation_init_code
                0x00000000080079e4        0x4 ./Core/Src/lcd.o
                0x00000000080079e4                tft_orientation_init_code
 .rodata.AHBPrescTable
                0x00000000080079e8       0x10 ./Core/Src/system_stm32f4xx.o
                0x00000000080079e8                AHBPrescTable
 .rodata.APBPrescTable
                0x00000000080079f8        0x8 ./Core/Src/system_stm32f4xx.o
                0x00000000080079f8                APBPrescTable
 .rodata.flagBitshiftOffset.0
                0x0000000008007a00        0x8 ./Drivers/STM32F4xx_HAL_Driver/Src/stm32f4xx_hal_dma.o
                0x0000000008007a08                . = ALIGN (0x4)

.ARM.extab      0x0000000008007a08        0x0
                0x0000000008007a08                . = ALIGN (0x4)
 *(.ARM.extab* .gnu.linkonce.armextab.*)
                0x0000000008007a08                . = ALIGN (0x4)

.ARM            0x0000000008007a08        0x8
                0x0000000008007a08                . = ALIGN (0x4)
                0x0000000008007a08                __exidx_start = .
 *(.ARM.exidx*)
 .ARM.exidx     0x0000000008007a08        0x8 c:/st/stm32cubeide_1.10.1/stm32cubeide/plugins/com.st.stm32cube.ide.mcu.externaltools.gnu-tools-for-stm32.10.3-2021.10.win32_1.0.0.202111181127/tools/bin/../lib/gcc/arm-none-eabi/10.3.1/thumb/v7e-m+fp/hard\libgcc.a(_udivmoddi4.o)
                0x0000000008007a10                __exidx_end = .
                0x0000000008007a10                . = ALIGN (0x4)

.rel.dyn        0x0000000008007a10        0x0
 .rel.iplt      0x0000000008007a10        0x0 c:/st/stm32cubeide_1.10.1/stm32cubeide/plugins/com.st.stm32cube.ide.mcu.externaltools.gnu-tools-for-stm32.10.3-2021.10.win32_1.0.0.202111181127/tools/bin/../lib/gcc/arm-none-eabi/10.3.1/thumb/v7e-m+fp/hard/crtbegin.o

.preinit_array  0x0000000008007a10        0x0
                0x0000000008007a10                . = ALIGN (0x4)
                0x0000000008007a10                PROVIDE (__preinit_array_start = .)
 *(.preinit_array*)
                0x0000000008007a10                PROVIDE (__preinit_array_end = .)
                0x0000000008007a10                . = ALIGN (0x4)

.init_array     0x0000000008007a10        0x4
                0x0000000008007a10                . = ALIGN (0x4)
                0x0000000008007a10                PROVIDE (__init_array_start = .)
 *(SORT_BY_NAME(.init_array.*))
 *(.init_array*)
 .init_array    0x0000000008007a10        0x4 c:/st/stm32cubeide_1.10.1/stm32cubeide/plugins/com.st.stm32cube.ide.mcu.externaltools.gnu-tools-for-stm32.10.3-2021.10.win32_1.0.0.202111181127/tools/bin/../lib/gcc/arm-none-eabi/10.3.1/thumb/v7e-m+fp/hard/crtbegin.o
                0x0000000008007a14                PROVIDE (__init_array_end = .)
                0x0000000008007a14                . = ALIGN (0x4)

.fini_array     0x0000000008007a14        0x4
                0x0000000008007a14                . = ALIGN (0x4)
                [!provide]                        PROVIDE (__fini_array_start = .)
 *(SORT_BY_NAME(.fini_array.*))
 *(.fini_array*)
 .fini_array    0x0000000008007a14        0x4 c:/st/stm32cubeide_1.10.1/stm32cubeide/plugins/com.st.stm32cube.ide.mcu.externaltools.gnu-tools-for-stm32.10.3-2021.10.win32_1.0.0.202111181127/tools/bin/../lib/gcc/arm-none-eabi/10.3.1/thumb/v7e-m+fp/hard/crtbegin.o
                [!provide]                        PROVIDE (__fini_array_end = .)
                0x0000000008007a18                . = ALIGN (0x4)
                0x0000000008007a18                _sidata = LOADADDR (.data)

.data           0x0000000020000000       0x10 load address 0x0000000008007a18
                0x0000000020000000                . = ALIGN (0x4)
                0x0000000020000000                _sdata = .
 *(.data)
 *(.data*)
 .data.tft_screens
                0x0000000020000000        0x4 ./Core/Src/lcd.o
                0x0000000020000000                tft_screens
 .data.SystemCoreClock
                0x0000000020000004        0x4 ./Core/Src/system_stm32f4xx.o
                0x0000000020000004                SystemCoreClock
 .data.uwTickPrio
                0x0000000020000008        0x4 ./Drivers/STM32F4xx_HAL_Driver/Src/stm32f4xx_hal.o
                0x0000000020000008                uwTickPrio
 .data.uwTickFreq
                0x000000002000000c        0x1 ./Drivers/STM32F4xx_HAL_Driver/Src/stm32f4xx_hal.o
                0x000000002000000c                uwTickFreq
 *(.RamFunc)
 *(.RamFunc*)
                0x0000000020000010                . = ALIGN (0x4)
 *fill*         0x000000002000000d        0x3 
                0x0000000020000010                _edata = .
                0x0000000008007a28                _siccmram = LOADADDR (.ccmram)

.igot.plt       0x0000000020000010        0x0 load address 0x0000000008007a28
 .igot.plt      0x0000000020000010        0x0 c:/st/stm32cubeide_1.10.1/stm32cubeide/plugins/com.st.stm32cube.ide.mcu.externaltools.gnu-tools-for-stm32.10.3-2021.10.win32_1.0.0.202111181127/tools/bin/../lib/gcc/arm-none-eabi/10.3.1/thumb/v7e-m+fp/hard/crtbegin.o

.ccmram         0x0000000010000000        0x0 load address 0x0000000008007a28
                0x0000000010000000                . = ALIGN (0x4)
                0x0000000010000000                _sccmram = .
 *(.ccmram)
 *(.ccmram*)
                0x0000000010000000                . = ALIGN (0x4)
                0x0000000010000000                _eccmram = .
                0x0000000010000000                . = ALIGN (0x4)

.bss            0x0000000020000010     0x5854
                0x0000000020000010                _sbss = .
                0x0000000020000010                __bss_start__ = _sbss
 *(.bss)
 .bss           0x0000000020000010       0x1c c:/st/stm32cubeide_1.10.1/stm32cubeide/plugins/com.st.stm32cube.ide.mcu.externaltools.gnu-tools-for-stm32.10.3-2021.10.win32_1.0.0.202111181127/tools/bin/../lib/gcc/arm-none-eabi/10.3.1/thumb/v7e-m+fp/hard/crtbegin.o
 *(.bss*)
 .bss.hcan1     0x000000002000002c       0x28 ./Core/Src/can.o
                0x000000002000002c                hcan1
 .bss.hcan2     0x0000000020000054       0x28 ./Core/Src/can.o
                0x0000000020000054                hcan2
 .bss.HAL_RCC_CAN1_CLK_ENABLED
                0x000000002000007c        0x4 ./Core/Src/can.o
 .bss.curr_bg_color
                0x0000000020000080        0x2 ./Core/Src/lcd.o
                0x0000000020000080                curr_bg_color
 .bss.curr_highlight_color
                0x0000000020000082        0x2 ./Core/Src/lcd.o
                0x0000000020000082                curr_highlight_color
 .bss.curr_text_color
                0x0000000020000084        0x2 ./Core/Src/lcd.o
                0x0000000020000084                curr_text_color
 .bss.curr_text_color_sp
                0x0000000020000086        0x2 ./Core/Src/lcd.o
                0x0000000020000086                curr_text_color_sp
 .bss.tft_orientation
                0x0000000020000088        0x1 ./Core/Src/lcd.o
                0x0000000020000088                tft_orientation
 .bss.char_max_x
                0x0000000020000089        0x1 ./Core/Src/lcd.o
                0x0000000020000089                char_max_x
 .bss.char_max_y
                0x000000002000008a        0x1 ./Core/Src/lcd.o
                0x000000002000008a                char_max_y
 *fill*         0x000000002000008b        0x1 
 .bss.default_tft_screens
                0x000000002000008c      0x642 ./Core/Src/lcd.o
                0x000000002000008c                default_tft_screens
 .bss.col_shift
                0x00000000200006ce        0x1 ./Core/Src/lcd.o
 .bss.row_shift
                0x00000000200006cf        0x1 ./Core/Src/lcd.o
 .bss.buf_ptr   0x00000000200006d0        0x1 ./Core/Src/lcd.o
                0x00000000200006d0                buf_ptr
 *fill*         0x00000000200006d1        0x3 
 .bss.tft_dma_bufs
                0x00000000200006d4     0x5000 ./Core/Src/lcd.o
 .bss.last_update.5
                0x00000000200056d4        0x4 ./Core/Src/lcd.o
 .bss.hspi1     0x00000000200056d8       0x58 ./Core/Src/spi.o
                0x00000000200056d8                hspi1
 .bss.hdma_spi1_tx
                0x0000000020005730       0x60 ./Core/Src/spi.o
                0x0000000020005730                hdma_spi1_tx
 .bss.htim5     0x0000000020005790       0x48 ./Core/Src/tim.o
                0x0000000020005790                htim5
 .bss.huart1    0x00000000200057d8       0x44 ./Core/Src/usart.o
                0x00000000200057d8                huart1
 .bss.huart2    0x000000002000581c       0x44 ./Core/Src/usart.o
                0x000000002000581c                huart2
 .bss.uwTick    0x0000000020005860        0x4 ./Drivers/STM32F4xx_HAL_Driver/Src/stm32f4xx_hal.o
                0x0000000020005860                uwTick
 *(COMMON)
                0x0000000020005864                . = ALIGN (0x4)
                0x0000000020005864                _ebss = .
                0x0000000020005864                __bss_end__ = _ebss

._user_heap_stack
                0x0000000020005864      0x604
                0x0000000020005868                . = ALIGN (0x8)
 *fill*         0x0000000020005864        0x4 
                [!provide]                        PROVIDE (end = .)
                0x0000000020005868                PROVIDE (_end = .)
                0x0000000020005a68                . = (. + _Min_Heap_Size)
 *fill*         0x0000000020005868      0x200 
                0x0000000020005e68                . = (. + _Min_Stack_Size)
 *fill*         0x0000000020005a68      0x400 
                0x0000000020005e68                . = ALIGN (0x8)

/DISCARD/
 libc.a(*)
 libm.a(*)
 libgcc.a(*)

.ARM.attributes
                0x0000000000000000       0x30
 *(.ARM.attributes)
 .ARM.attributes
                0x0000000000000000       0x1e c:/st/stm32cubeide_1.10.1/stm32cubeide/plugins/com.st.stm32cube.ide.mcu.externaltools.gnu-tools-for-stm32.10.3-2021.10.win32_1.0.0.202111181127/tools/bin/../lib/gcc/arm-none-eabi/10.3.1/thumb/v7e-m+fp/hard/crti.o
 .ARM.attributes
                0x000000000000001e       0x34 c:/st/stm32cubeide_1.10.1/stm32cubeide/plugins/com.st.stm32cube.ide.mcu.externaltools.gnu-tools-for-stm32.10.3-2021.10.win32_1.0.0.202111181127/tools/bin/../lib/gcc/arm-none-eabi/10.3.1/thumb/v7e-m+fp/hard/crtbegin.o
 .ARM.attributes
                0x0000000000000052       0x34 ./Core/Src/can.o
 .ARM.attributes
                0x0000000000000086       0x34 ./Core/Src/dma.o
 .ARM.attributes
                0x00000000000000ba       0x34 ./Core/Src/gpio.o
 .ARM.attributes
                0x00000000000000ee       0x34 ./Core/Src/lcd.o
 .ARM.attributes
                0x0000000000000122       0x34 ./Core/Src/main.o
 .ARM.attributes
                0x0000000000000156       0x34 ./Core/Src/spi.o
 .ARM.attributes
                0x000000000000018a       0x34 ./Core/Src/stm32f4xx_hal_msp.o
 .ARM.attributes
                0x00000000000001be       0x34 ./Core/Src/stm32f4xx_it.o
 .ARM.attributes
                0x00000000000001f2       0x34 ./Core/Src/system_stm32f4xx.o
 .ARM.attributes
                0x0000000000000226       0x34 ./Core/Src/tim.o
 .ARM.attributes
                0x000000000000025a       0x34 ./Core/Src/usart.o
 .ARM.attributes
                0x000000000000028e       0x21 ./Core/Startup/startup_stm32f405rgtx.o
 .ARM.attributes
                0x00000000000002af       0x34 ./Drivers/STM32F4xx_HAL_Driver/Src/stm32f4xx_hal.o
 .ARM.attributes
                0x00000000000002e3       0x34 ./Drivers/STM32F4xx_HAL_Driver/Src/stm32f4xx_hal_can.o
 .ARM.attributes
                0x0000000000000317       0x34 ./Drivers/STM32F4xx_HAL_Driver/Src/stm32f4xx_hal_cortex.o
 .ARM.attributes
                0x000000000000034b       0x34 ./Drivers/STM32F4xx_HAL_Driver/Src/stm32f4xx_hal_dma.o
 .ARM.attributes
                0x000000000000037f       0x34 ./Drivers/STM32F4xx_HAL_Driver/Src/stm32f4xx_hal_gpio.o
 .ARM.attributes
                0x00000000000003b3       0x34 ./Drivers/STM32F4xx_HAL_Driver/Src/stm32f4xx_hal_rcc.o
 .ARM.attributes
                0x00000000000003e7       0x34 ./Drivers/STM32F4xx_HAL_Driver/Src/stm32f4xx_hal_spi.o
 .ARM.attributes
                0x000000000000041b       0x34 ./Drivers/STM32F4xx_HAL_Driver/Src/stm32f4xx_hal_tim.o
 .ARM.attributes
                0x000000000000044f       0x34 ./Drivers/STM32F4xx_HAL_Driver/Src/stm32f4xx_hal_tim_ex.o
 .ARM.attributes
                0x0000000000000483       0x34 ./Drivers/STM32F4xx_HAL_Driver/Src/stm32f4xx_hal_uart.o
 .ARM.attributes
                0x00000000000004b7       0x34 c:/st/stm32cubeide_1.10.1/stm32cubeide/plugins/com.st.stm32cube.ide.mcu.externaltools.gnu-tools-for-stm32.10.3-2021.10.win32_1.0.0.202111181127/tools/bin/../lib/gcc/arm-none-eabi/10.3.1/../../../../arm-none-eabi/lib/thumb/v7e-m+fp/hard\libc_nano.a(lib_a-init.o)
 .ARM.attributes
                0x00000000000004eb       0x34 c:/st/stm32cubeide_1.10.1/stm32cubeide/plugins/com.st.stm32cube.ide.mcu.externaltools.gnu-tools-for-stm32.10.3-2021.10.win32_1.0.0.202111181127/tools/bin/../lib/gcc/arm-none-eabi/10.3.1/../../../../arm-none-eabi/lib/thumb/v7e-m+fp/hard\libc_nano.a(lib_a-memset.o)
 .ARM.attributes
                0x000000000000051f       0x1e c:/st/stm32cubeide_1.10.1/stm32cubeide/plugins/com.st.stm32cube.ide.mcu.externaltools.gnu-tools-for-stm32.10.3-2021.10.win32_1.0.0.202111181127/tools/bin/../lib/gcc/arm-none-eabi/10.3.1/thumb/v7e-m+fp/hard\libgcc.a(_arm_truncdfsf2.o)
 .ARM.attributes
                0x000000000000053d       0x1e c:/st/stm32cubeide_1.10.1/stm32cubeide/plugins/com.st.stm32cube.ide.mcu.externaltools.gnu-tools-for-stm32.10.3-2021.10.win32_1.0.0.202111181127/tools/bin/../lib/gcc/arm-none-eabi/10.3.1/thumb/v7e-m+fp/hard\libgcc.a(_aeabi_uldivmod.o)
 .ARM.attributes
                0x000000000000055b       0x34 c:/st/stm32cubeide_1.10.1/stm32cubeide/plugins/com.st.stm32cube.ide.mcu.externaltools.gnu-tools-for-stm32.10.3-2021.10.win32_1.0.0.202111181127/tools/bin/../lib/gcc/arm-none-eabi/10.3.1/thumb/v7e-m+fp/hard\libgcc.a(_udivmoddi4.o)
 .ARM.attributes
                0x000000000000058f       0x1e c:/st/stm32cubeide_1.10.1/stm32cubeide/plugins/com.st.stm32cube.ide.mcu.externaltools.gnu-tools-for-stm32.10.3-2021.10.win32_1.0.0.202111181127/tools/bin/../lib/gcc/arm-none-eabi/10.3.1/thumb/v7e-m+fp/hard\libgcc.a(_dvmd_tls.o)
 .ARM.attributes
                0x00000000000005ad       0x1e c:/st/stm32cubeide_1.10.1/stm32cubeide/plugins/com.st.stm32cube.ide.mcu.externaltools.gnu-tools-for-stm32.10.3-2021.10.win32_1.0.0.202111181127/tools/bin/../lib/gcc/arm-none-eabi/10.3.1/thumb/v7e-m+fp/hard/crtn.o
OUTPUT(TR.elf elf32-littlearm)
LOAD linker stubs
LOAD c:/st/stm32cubeide_1.10.1/stm32cubeide/plugins/com.st.stm32cube.ide.mcu.externaltools.gnu-tools-for-stm32.10.3-2021.10.win32_1.0.0.202111181127/tools/bin/../lib/gcc/arm-none-eabi/10.3.1/../../../../arm-none-eabi/lib/thumb/v7e-m+fp/hard\libc.a
LOAD c:/st/stm32cubeide_1.10.1/stm32cubeide/plugins/com.st.stm32cube.ide.mcu.externaltools.gnu-tools-for-stm32.10.3-2021.10.win32_1.0.0.202111181127/tools/bin/../lib/gcc/arm-none-eabi/10.3.1/../../../../arm-none-eabi/lib/thumb/v7e-m+fp/hard\libm.a
LOAD c:/st/stm32cubeide_1.10.1/stm32cubeide/plugins/com.st.stm32cube.ide.mcu.externaltools.gnu-tools-for-stm32.10.3-2021.10.win32_1.0.0.202111181127/tools/bin/../lib/gcc/arm-none-eabi/10.3.1/thumb/v7e-m+fp/hard\libgcc.a

.debug_info     0x0000000000000000    0x14f56
 .debug_info    0x0000000000000000      0xf78 ./Core/Src/can.o
 .debug_info    0x0000000000000f78      0x4da ./Core/Src/dma.o
 .debug_info    0x0000000000001452      0x6dd ./Core/Src/gpio.o
 .debug_info    0x0000000000001b2f     0x1e2d ./Core/Src/lcd.o
 .debug_info    0x000000000000395c      0xd7b ./Core/Src/main.o
 .debug_info    0x00000000000046d7      0xc8d ./Core/Src/spi.o
 .debug_info    0x0000000000005364      0x2a8 ./Core/Src/stm32f4xx_hal_msp.o
 .debug_info    0x000000000000560c      0xcf0 ./Core/Src/stm32f4xx_it.o
 .debug_info    0x00000000000062fc      0x523 ./Core/Src/system_stm32f4xx.o
 .debug_info    0x000000000000681f      0xea9 ./Core/Src/tim.o
 .debug_info    0x00000000000076c8      0xc68 ./Core/Src/usart.o
 .debug_info    0x0000000000008330       0x22 ./Core/Startup/startup_stm32f405rgtx.o
 .debug_info    0x0000000000008352      0x96a ./Drivers/STM32F4xx_HAL_Driver/Src/stm32f4xx_hal.o
 .debug_info    0x0000000000008cbc      0xfc0 ./Drivers/STM32F4xx_HAL_Driver/Src/stm32f4xx_hal_can.o
 .debug_info    0x0000000000009c7c      0xe09 ./Drivers/STM32F4xx_HAL_Driver/Src/stm32f4xx_hal_cortex.o
 .debug_info    0x000000000000aa85      0x94f ./Drivers/STM32F4xx_HAL_Driver/Src/stm32f4xx_hal_dma.o
 .debug_info    0x000000000000b3d4      0x76a ./Drivers/STM32F4xx_HAL_Driver/Src/stm32f4xx_hal_gpio.o
 .debug_info    0x000000000000bb3e      0x966 ./Drivers/STM32F4xx_HAL_Driver/Src/stm32f4xx_hal_rcc.o
 .debug_info    0x000000000000c4a4     0x1758 ./Drivers/STM32F4xx_HAL_Driver/Src/stm32f4xx_hal_spi.o
 .debug_info    0x000000000000dbfc     0x2bbe ./Drivers/STM32F4xx_HAL_Driver/Src/stm32f4xx_hal_tim.o
 .debug_info    0x00000000000107ba     0x15e0 ./Drivers/STM32F4xx_HAL_Driver/Src/stm32f4xx_hal_tim_ex.o
 .debug_info    0x0000000000011d9a     0x31bc ./Drivers/STM32F4xx_HAL_Driver/Src/stm32f4xx_hal_uart.o

.debug_abbrev   0x0000000000000000     0x2ef1
 .debug_abbrev  0x0000000000000000      0x2e1 ./Core/Src/can.o
 .debug_abbrev  0x00000000000002e1      0x10a ./Core/Src/dma.o
 .debug_abbrev  0x00000000000003eb      0x164 ./Core/Src/gpio.o
 .debug_abbrev  0x000000000000054f      0x477 ./Core/Src/lcd.o
 .debug_abbrev  0x00000000000009c6      0x31b ./Core/Src/main.o
 .debug_abbrev  0x0000000000000ce1      0x211 ./Core/Src/spi.o
 .debug_abbrev  0x0000000000000ef2       0xd4 ./Core/Src/stm32f4xx_hal_msp.o
 .debug_abbrev  0x0000000000000fc6      0x1cb ./Core/Src/stm32f4xx_it.o
 .debug_abbrev  0x0000000000001191      0x116 ./Core/Src/system_stm32f4xx.o
 .debug_abbrev  0x00000000000012a7      0x206 ./Core/Src/tim.o
 .debug_abbrev  0x00000000000014ad      0x205 ./Core/Src/usart.o
 .debug_abbrev  0x00000000000016b2       0x12 ./Core/Startup/startup_stm32f405rgtx.o
 .debug_abbrev  0x00000000000016c4      0x20d ./Drivers/STM32F4xx_HAL_Driver/Src/stm32f4xx_hal.o
 .debug_abbrev  0x00000000000018d1      0x21d ./Drivers/STM32F4xx_HAL_Driver/Src/stm32f4xx_hal_can.o
 .debug_abbrev  0x0000000000001aee      0x316 ./Drivers/STM32F4xx_HAL_Driver/Src/stm32f4xx_hal_cortex.o
 .debug_abbrev  0x0000000000001e04      0x25b ./Drivers/STM32F4xx_HAL_Driver/Src/stm32f4xx_hal_dma.o
 .debug_abbrev  0x000000000000205f      0x1c4 ./Drivers/STM32F4xx_HAL_Driver/Src/stm32f4xx_hal_gpio.o
 .debug_abbrev  0x0000000000002223      0x2aa ./Drivers/STM32F4xx_HAL_Driver/Src/stm32f4xx_hal_rcc.o
 .debug_abbrev  0x00000000000024cd      0x26e ./Drivers/STM32F4xx_HAL_Driver/Src/stm32f4xx_hal_spi.o
 .debug_abbrev  0x000000000000273b      0x25d ./Drivers/STM32F4xx_HAL_Driver/Src/stm32f4xx_hal_tim.o
 .debug_abbrev  0x0000000000002998      0x265 ./Drivers/STM32F4xx_HAL_Driver/Src/stm32f4xx_hal_tim_ex.o
 .debug_abbrev  0x0000000000002bfd      0x2f4 ./Drivers/STM32F4xx_HAL_Driver/Src/stm32f4xx_hal_uart.o

.debug_aranges  0x0000000000000000     0x11a8
 .debug_aranges
                0x0000000000000000       0x78 ./Core/Src/can.o
 .debug_aranges
                0x0000000000000078       0x20 ./Core/Src/dma.o
 .debug_aranges
                0x0000000000000098       0x20 ./Core/Src/gpio.o
 .debug_aranges
                0x00000000000000b8      0x150 ./Core/Src/lcd.o
 .debug_aranges
                0x0000000000000208       0x50 ./Core/Src/main.o
 .debug_aranges
                0x0000000000000258       0x30 ./Core/Src/spi.o
 .debug_aranges
                0x0000000000000288       0x20 ./Core/Src/stm32f4xx_hal_msp.o
 .debug_aranges
                0x00000000000002a8       0x88 ./Core/Src/stm32f4xx_it.o
 .debug_aranges
                0x0000000000000330       0x28 ./Core/Src/system_stm32f4xx.o
 .debug_aranges
                0x0000000000000358       0x38 ./Core/Src/tim.o
 .debug_aranges
                0x0000000000000390       0x38 ./Core/Src/usart.o
 .debug_aranges
                0x00000000000003c8       0x28 ./Core/Startup/startup_stm32f405rgtx.o
 .debug_aranges
                0x00000000000003f0       0xf0 ./Drivers/STM32F4xx_HAL_Driver/Src/stm32f4xx_hal.o
 .debug_aranges
                0x00000000000004e0      0x138 ./Drivers/STM32F4xx_HAL_Driver/Src/stm32f4xx_hal_can.o
 .debug_aranges
                0x0000000000000618      0x118 ./Drivers/STM32F4xx_HAL_Driver/Src/stm32f4xx_hal_cortex.o
 .debug_aranges
                0x0000000000000730       0x90 ./Drivers/STM32F4xx_HAL_Driver/Src/stm32f4xx_hal_dma.o
 .debug_aranges
                0x00000000000007c0       0x58 ./Drivers/STM32F4xx_HAL_Driver/Src/stm32f4xx_hal_gpio.o
 .debug_aranges
                0x0000000000000818       0x88 ./Drivers/STM32F4xx_HAL_Driver/Src/stm32f4xx_hal_rcc.o
 .debug_aranges
                0x00000000000008a0      0x1d0 ./Drivers/STM32F4xx_HAL_Driver/Src/stm32f4xx_hal_spi.o
 .debug_aranges
                0x0000000000000a70      0x3d0 ./Drivers/STM32F4xx_HAL_Driver/Src/stm32f4xx_hal_tim.o
 .debug_aranges
                0x0000000000000e40      0x168 ./Drivers/STM32F4xx_HAL_Driver/Src/stm32f4xx_hal_tim_ex.o
 .debug_aranges
                0x0000000000000fa8      0x200 ./Drivers/STM32F4xx_HAL_Driver/Src/stm32f4xx_hal_uart.o

.debug_ranges   0x0000000000000000     0x1080
 .debug_ranges  0x0000000000000000       0x68 ./Core/Src/can.o
 .debug_ranges  0x0000000000000068       0x10 ./Core/Src/dma.o
 .debug_ranges  0x0000000000000078       0x10 ./Core/Src/gpio.o
 .debug_ranges  0x0000000000000088      0x140 ./Core/Src/lcd.o
 .debug_ranges  0x00000000000001c8       0x40 ./Core/Src/main.o
 .debug_ranges  0x0000000000000208       0x20 ./Core/Src/spi.o
 .debug_ranges  0x0000000000000228       0x10 ./Core/Src/stm32f4xx_hal_msp.o
 .debug_ranges  0x0000000000000238       0x78 ./Core/Src/stm32f4xx_it.o
 .debug_ranges  0x00000000000002b0       0x18 ./Core/Src/system_stm32f4xx.o
 .debug_ranges  0x00000000000002c8       0x28 ./Core/Src/tim.o
 .debug_ranges  0x00000000000002f0       0x28 ./Core/Src/usart.o
 .debug_ranges  0x0000000000000318       0x20 ./Core/Startup/startup_stm32f405rgtx.o
 .debug_ranges  0x0000000000000338       0xe0 ./Drivers/STM32F4xx_HAL_Driver/Src/stm32f4xx_hal.o
 .debug_ranges  0x0000000000000418      0x128 ./Drivers/STM32F4xx_HAL_Driver/Src/stm32f4xx_hal_can.o
 .debug_ranges  0x0000000000000540      0x108 ./Drivers/STM32F4xx_HAL_Driver/Src/stm32f4xx_hal_cortex.o
 .debug_ranges  0x0000000000000648       0x80 ./Drivers/STM32F4xx_HAL_Driver/Src/stm32f4xx_hal_dma.o
 .debug_ranges  0x00000000000006c8       0x48 ./Drivers/STM32F4xx_HAL_Driver/Src/stm32f4xx_hal_gpio.o
 .debug_ranges  0x0000000000000710       0x78 ./Drivers/STM32F4xx_HAL_Driver/Src/stm32f4xx_hal_rcc.o
 .debug_ranges  0x0000000000000788      0x1c0 ./Drivers/STM32F4xx_HAL_Driver/Src/stm32f4xx_hal_spi.o
 .debug_ranges  0x0000000000000948      0x3c0 ./Drivers/STM32F4xx_HAL_Driver/Src/stm32f4xx_hal_tim.o
 .debug_ranges  0x0000000000000d08      0x158 ./Drivers/STM32F4xx_HAL_Driver/Src/stm32f4xx_hal_tim_ex.o
 .debug_ranges  0x0000000000000e60      0x220 ./Drivers/STM32F4xx_HAL_Driver/Src/stm32f4xx_hal_uart.o

.debug_macro    0x0000000000000000    0x2191c
 .debug_macro   0x0000000000000000      0x221 ./Core/Src/can.o
 .debug_macro   0x0000000000000221      0xa78 ./Core/Src/can.o
 .debug_macro   0x0000000000000c99      0x2ad ./Core/Src/can.o
 .debug_macro   0x0000000000000f46       0x2e ./Core/Src/can.o
 .debug_macro   0x0000000000000f74       0x2f ./Core/Src/can.o
 .debug_macro   0x0000000000000fa3       0x22 ./Core/Src/can.o
 .debug_macro   0x0000000000000fc5       0x8e ./Core/Src/can.o
 .debug_macro   0x0000000000001053       0x51 ./Core/Src/can.o
 .debug_macro   0x00000000000010a4      0x103 ./Core/Src/can.o
 .debug_macro   0x00000000000011a7       0x6a ./Core/Src/can.o
 .debug_macro   0x0000000000001211      0x1df ./Core/Src/can.o
 .debug_macro   0x00000000000013f0       0x1c ./Core/Src/can.o
 .debug_macro   0x000000000000140c       0x22 ./Core/Src/can.o
 .debug_macro   0x000000000000142e       0xd9 ./Core/Src/can.o
 .debug_macro   0x0000000000001507     0x102d ./Core/Src/can.o
 .debug_macro   0x0000000000002534      0x11f ./Core/Src/can.o
 .debug_macro   0x0000000000002653    0x1426d ./Core/Src/can.o
 .debug_macro   0x00000000000168c0       0x6d ./Core/Src/can.o
 .debug_macro   0x000000000001692d     0x367e ./Core/Src/can.o
 .debug_macro   0x0000000000019fab      0x174 ./Core/Src/can.o
 .debug_macro   0x000000000001a11f       0x5c ./Core/Src/can.o
 .debug_macro   0x000000000001a17b      0x8a7 ./Core/Src/can.o
 .debug_macro   0x000000000001aa22      0x9fe ./Core/Src/can.o
 .debug_macro   0x000000000001b420      0x115 ./Core/Src/can.o
 .debug_macro   0x000000000001b535      0x130 ./Core/Src/can.o
 .debug_macro   0x000000000001b665       0xa5 ./Core/Src/can.o
 .debug_macro   0x000000000001b70a      0x174 ./Core/Src/can.o
 .debug_macro   0x000000000001b87e      0x287 ./Core/Src/can.o
 .debug_macro   0x000000000001bb05       0x5f ./Core/Src/can.o
 .debug_macro   0x000000000001bb64      0x236 ./Core/Src/can.o
 .debug_macro   0x000000000001bd9a      0x40f ./Core/Src/can.o
 .debug_macro   0x000000000001c1a9      0x12c ./Core/Src/can.o
 .debug_macro   0x000000000001c2d5      0x21e ./Core/Src/can.o
 .debug_macro   0x000000000001c4f3       0x2e ./Core/Src/can.o
 .debug_macro   0x000000000001c521      0x1b5 ./Core/Src/can.o
 .debug_macro   0x000000000001c6d6       0xd6 ./Core/Src/can.o
 .debug_macro   0x000000000001c7ac      0x11a ./Core/Src/can.o
 .debug_macro   0x000000000001c8c6       0x7e ./Core/Src/can.o
 .debug_macro   0x000000000001c944       0x89 ./Core/Src/can.o
 .debug_macro   0x000000000001c9cd      0x225 ./Core/Src/can.o
 .debug_macro   0x000000000001cbf2      0x8e6 ./Core/Src/can.o
 .debug_macro   0x000000000001d4d8       0x47 ./Core/Src/can.o
 .debug_macro   0x000000000001d51f      0x295 ./Core/Src/can.o
 .debug_macro   0x000000000001d7b4      0x12d ./Core/Src/can.o
 .debug_macro   0x000000000001d8e1      0x1ba ./Core/Src/can.o
 .debug_macro   0x000000000001da9b       0x28 ./Core/Src/can.o
 .debug_macro   0x000000000001dac3      0x215 ./Core/Src/dma.o
 .debug_macro   0x000000000001dcd8      0x215 ./Core/Src/gpio.o
 .debug_macro   0x000000000001deed      0x40b ./Core/Src/lcd.o
 .debug_macro   0x000000000001e2f8       0x10 ./Core/Src/lcd.o
 .debug_macro   0x000000000001e308       0x58 ./Core/Src/lcd.o
 .debug_macro   0x000000000001e360       0x22 ./Core/Src/lcd.o
 .debug_macro   0x000000000001e382       0x4c ./Core/Src/lcd.o
 .debug_macro   0x000000000001e3ce       0x1e ./Core/Src/lcd.o
 .debug_macro   0x000000000001e3ec       0x94 ./Core/Src/lcd.o
 .debug_macro   0x000000000001e480       0x3c ./Core/Src/lcd.o
 .debug_macro   0x000000000001e4bc       0x34 ./Core/Src/lcd.o
 .debug_macro   0x000000000001e4f0       0x16 ./Core/Src/lcd.o
 .debug_macro   0x000000000001e506       0x57 ./Core/Src/lcd.o
 .debug_macro   0x000000000001e55d       0x97 ./Core/Src/lcd.o
 .debug_macro   0x000000000001e5f4      0x341 ./Core/Src/lcd.o
 .debug_macro   0x000000000001e935       0xfd ./Core/Src/lcd.o
 .debug_macro   0x000000000001ea32       0x16 ./Core/Src/lcd.o
 .debug_macro   0x000000000001ea48       0x43 ./Core/Src/lcd.o
 .debug_macro   0x000000000001ea8b       0x34 ./Core/Src/lcd.o
 .debug_macro   0x000000000001eabf       0x10 ./Core/Src/lcd.o
 .debug_macro   0x000000000001eacf       0x58 ./Core/Src/lcd.o
 .debug_macro   0x000000000001eb27       0x71 ./Core/Src/lcd.o
 .debug_macro   0x000000000001eb98       0x1c ./Core/Src/lcd.o
 .debug_macro   0x000000000001ebb4      0x12a ./Core/Src/lcd.o
 .debug_macro   0x000000000001ecde       0x10 ./Core/Src/lcd.o
 .debug_macro   0x000000000001ecee       0x1c ./Core/Src/lcd.o
 .debug_macro   0x000000000001ed0a       0x52 ./Core/Src/lcd.o
 .debug_macro   0x000000000001ed5c       0x22 ./Core/Src/lcd.o
 .debug_macro   0x000000000001ed7e       0x10 ./Core/Src/lcd.o
 .debug_macro   0x000000000001ed8e       0x52 ./Core/Src/lcd.o
 .debug_macro   0x000000000001ede0       0xd5 ./Core/Src/lcd.o
 .debug_macro   0x000000000001eeb5       0x1c ./Core/Src/lcd.o
 .debug_macro   0x000000000001eed1       0x3d ./Core/Src/lcd.o
 .debug_macro   0x000000000001ef0e       0x16 ./Core/Src/lcd.o
 .debug_macro   0x000000000001ef24      0x145 ./Core/Src/lcd.o
 .debug_macro   0x000000000001f069       0x56 ./Core/Src/lcd.o
 .debug_macro   0x000000000001f0bf       0x16 ./Core/Src/lcd.o
 .debug_macro   0x000000000001f0d5       0xbf ./Core/Src/lcd.o
 .debug_macro   0x000000000001f194       0x11 ./Core/Src/lcd.o
 .debug_macro   0x000000000001f1a5       0x22 ./Core/Src/lcd.o
 .debug_macro   0x000000000001f1c7       0x1f ./Core/Src/lcd.o
 .debug_macro   0x000000000001f1e6      0x406 ./Core/Src/main.o
 .debug_macro   0x000000000001f5ec       0x52 ./Core/Src/main.o
 .debug_macro   0x000000000001f63e      0x19b ./Core/Src/main.o
 .debug_macro   0x000000000001f7d9       0x16 ./Core/Src/main.o
 .debug_macro   0x000000000001f7ef       0x20 ./Core/Src/main.o
 .debug_macro   0x000000000001f80f       0x1c ./Core/Src/main.o
 .debug_macro   0x000000000001f82b      0x21a ./Core/Src/spi.o
 .debug_macro   0x000000000001fa45       0x10 ./Core/Src/spi.o
 .debug_macro   0x000000000001fa55      0x20b ./Core/Src/stm32f4xx_hal_msp.o
 .debug_macro   0x000000000001fc60      0x215 ./Core/Src/stm32f4xx_it.o
 .debug_macro   0x000000000001fe75      0x1fc ./Core/Src/system_stm32f4xx.o
 .debug_macro   0x0000000000020071      0x215 ./Core/Src/tim.o
 .debug_macro   0x0000000000020286      0x215 ./Core/Src/usart.o
 .debug_macro   0x000000000002049b      0x25c ./Drivers/STM32F4xx_HAL_Driver/Src/stm32f4xx_hal.o
 .debug_macro   0x00000000000206f7      0x204 ./Drivers/STM32F4xx_HAL_Driver/Src/stm32f4xx_hal_can.o
 .debug_macro   0x00000000000208fb      0x1fc ./Drivers/STM32F4xx_HAL_Driver/Src/stm32f4xx_hal_cortex.o
 .debug_macro   0x0000000000020af7      0x202 ./Drivers/STM32F4xx_HAL_Driver/Src/stm32f4xx_hal_dma.o
 .debug_macro   0x0000000000020cf9      0x202 ./Drivers/STM32F4xx_HAL_Driver/Src/stm32f4xx_hal_gpio.o
 .debug_macro   0x0000000000020efb      0x220 ./Drivers/STM32F4xx_HAL_Driver/Src/stm32f4xx_hal_rcc.o
 .debug_macro   0x000000000002111b      0x20b ./Drivers/STM32F4xx_HAL_Driver/Src/stm32f4xx_hal_spi.o
 .debug_macro   0x0000000000021326      0x1fd ./Drivers/STM32F4xx_HAL_Driver/Src/stm32f4xx_hal_tim.o
 .debug_macro   0x0000000000021523      0x1fc ./Drivers/STM32F4xx_HAL_Driver/Src/stm32f4xx_hal_tim_ex.o
 .debug_macro   0x000000000002171f      0x1fd ./Drivers/STM32F4xx_HAL_Driver/Src/stm32f4xx_hal_uart.o

.debug_line     0x0000000000000000    0x15759
 .debug_line    0x0000000000000000      0xa1a ./Core/Src/can.o
 .debug_line    0x0000000000000a1a      0x716 ./Core/Src/dma.o
 .debug_line    0x0000000000001130      0x785 ./Core/Src/gpio.o
 .debug_line    0x00000000000018b5     0x1a6b ./Core/Src/lcd.o
 .debug_line    0x0000000000003320      0xc7a ./Core/Src/main.o
 .debug_line    0x0000000000003f9a      0x7bf ./Core/Src/spi.o
 .debug_line    0x0000000000004759      0x71a ./Core/Src/stm32f4xx_hal_msp.o
 .debug_line    0x0000000000004e73      0x855 ./Core/Src/stm32f4xx_it.o
 .debug_line    0x00000000000056c8      0x79c ./Core/Src/system_stm32f4xx.o
 .debug_line    0x0000000000005e64      0x7d9 ./Core/Src/tim.o
 .debug_line    0x000000000000663d      0x7f1 ./Core/Src/usart.o
 .debug_line    0x0000000000006e2e       0x88 ./Core/Startup/startup_stm32f405rgtx.o
 .debug_line    0x0000000000006eb6      0xa02 ./Drivers/STM32F4xx_HAL_Driver/Src/stm32f4xx_hal.o
 .debug_line    0x00000000000078b8     0x116e ./Drivers/STM32F4xx_HAL_Driver/Src/stm32f4xx_hal_can.o
 .debug_line    0x0000000000008a26      0xcb1 ./Drivers/STM32F4xx_HAL_Driver/Src/stm32f4xx_hal_cortex.o
 .debug_line    0x00000000000096d7      0xf66 ./Drivers/STM32F4xx_HAL_Driver/Src/stm32f4xx_hal_dma.o
 .debug_line    0x000000000000a63d      0xb76 ./Drivers/STM32F4xx_HAL_Driver/Src/stm32f4xx_hal_gpio.o
 .debug_line    0x000000000000b1b3      0xd7e ./Drivers/STM32F4xx_HAL_Driver/Src/stm32f4xx_hal_rcc.o
 .debug_line    0x000000000000bf31     0x1c8c ./Drivers/STM32F4xx_HAL_Driver/Src/stm32f4xx_hal_spi.o
 .debug_line    0x000000000000dbbd     0x36f6 ./Drivers/STM32F4xx_HAL_Driver/Src/stm32f4xx_hal_tim.o
 .debug_line    0x00000000000112b3     0x19ff ./Drivers/STM32F4xx_HAL_Driver/Src/stm32f4xx_hal_tim_ex.o
 .debug_line    0x0000000000012cb2     0x2aa7 ./Drivers/STM32F4xx_HAL_Driver/Src/stm32f4xx_hal_uart.o

.debug_str      0x0000000000000000    0xc8049
 .debug_str     0x0000000000000000    0xbe7e8 ./Core/Src/can.o
                                      0xbead9 (size before relaxing)
 .debug_str     0x00000000000be7e8      0x4fc ./Core/Src/dma.o
                                      0xbe714 (size before relaxing)
 .debug_str     0x00000000000bece4       0x68 ./Core/Src/gpio.o
                                      0xbe7e2 (size before relaxing)
 .debug_str     0x00000000000bed4c     0x4e4e ./Core/Src/lcd.o
                                      0xc3192 (size before relaxing)
 .debug_str     0x00000000000c3b9a      0xb77 ./Core/Src/main.o
                                      0xc33fa (size before relaxing)
 .debug_str     0x00000000000c4711       0x88 ./Core/Src/spi.o
                                      0xbecd3 (size before relaxing)
 .debug_str     0x00000000000c4799       0x2c ./Core/Src/stm32f4xx_hal_msp.o
                                      0xbe218 (size before relaxing)
 .debug_str     0x00000000000c47c5      0x574 ./Core/Src/stm32f4xx_it.o
                                      0xbeb3d (size before relaxing)
 .debug_str     0x00000000000c4d39       0xdb ./Core/Src/system_stm32f4xx.o
                                      0xbdb4e (size before relaxing)
 .debug_str     0x00000000000c4e14      0x1ea ./Core/Src/tim.o
                                      0xbef16 (size before relaxing)
 .debug_str     0x00000000000c4ffe       0x58 ./Core/Src/usart.o
                                      0xbeca6 (size before relaxing)
 .debug_str     0x00000000000c5056       0x36 ./Core/Startup/startup_stm32f405rgtx.o
                                         0x63 (size before relaxing)
 .debug_str     0x00000000000c508c      0x5f7 ./Drivers/STM32F4xx_HAL_Driver/Src/stm32f4xx_hal.o
                                      0xbe6b1 (size before relaxing)
 .debug_str     0x00000000000c5683      0x3b8 ./Drivers/STM32F4xx_HAL_Driver/Src/stm32f4xx_hal_can.o
                                      0xbe23a (size before relaxing)
 .debug_str     0x00000000000c5a3b      0x31d ./Drivers/STM32F4xx_HAL_Driver/Src/stm32f4xx_hal_cortex.o
                                      0xbe3e4 (size before relaxing)
 .debug_str     0x00000000000c5d58      0x2e6 ./Drivers/STM32F4xx_HAL_Driver/Src/stm32f4xx_hal_dma.o
                                      0xbdf68 (size before relaxing)
 .debug_str     0x00000000000c603e      0x108 ./Drivers/STM32F4xx_HAL_Driver/Src/stm32f4xx_hal_gpio.o
                                      0xbdcc9 (size before relaxing)
 .debug_str     0x00000000000c6146      0x233 ./Drivers/STM32F4xx_HAL_Driver/Src/stm32f4xx_hal_rcc.o
                                      0xbdf82 (size before relaxing)
 .debug_str     0x00000000000c6379      0x51e ./Drivers/STM32F4xx_HAL_Driver/Src/stm32f4xx_hal_spi.o
                                      0xbe412 (size before relaxing)
 .debug_str     0x00000000000c6897      0xd46 ./Drivers/STM32F4xx_HAL_Driver/Src/stm32f4xx_hal_tim.o
                                      0xbeec8 (size before relaxing)
 .debug_str     0x00000000000c75dd      0x493 ./Drivers/STM32F4xx_HAL_Driver/Src/stm32f4xx_hal_tim_ex.o
                                      0xbe6e4 (size before relaxing)
 .debug_str     0x00000000000c7a70      0x5d9 ./Drivers/STM32F4xx_HAL_Driver/Src/stm32f4xx_hal_uart.o
                                      0xbe521 (size before relaxing)

.comment        0x0000000000000000       0x50
 .comment       0x0000000000000000       0x50 ./Core/Src/can.o
                                         0x51 (size before relaxing)
 .comment       0x0000000000000050       0x51 ./Core/Src/dma.o
 .comment       0x0000000000000050       0x51 ./Core/Src/gpio.o
 .comment       0x0000000000000050       0x51 ./Core/Src/lcd.o
 .comment       0x0000000000000050       0x51 ./Core/Src/main.o
 .comment       0x0000000000000050       0x51 ./Core/Src/spi.o
 .comment       0x0000000000000050       0x51 ./Core/Src/stm32f4xx_hal_msp.o
 .comment       0x0000000000000050       0x51 ./Core/Src/stm32f4xx_it.o
 .comment       0x0000000000000050       0x51 ./Core/Src/system_stm32f4xx.o
 .comment       0x0000000000000050       0x51 ./Core/Src/tim.o
 .comment       0x0000000000000050       0x51 ./Core/Src/usart.o
 .comment       0x0000000000000050       0x51 ./Drivers/STM32F4xx_HAL_Driver/Src/stm32f4xx_hal.o
 .comment       0x0000000000000050       0x51 ./Drivers/STM32F4xx_HAL_Driver/Src/stm32f4xx_hal_can.o
 .comment       0x0000000000000050       0x51 ./Drivers/STM32F4xx_HAL_Driver/Src/stm32f4xx_hal_cortex.o
 .comment       0x0000000000000050       0x51 ./Drivers/STM32F4xx_HAL_Driver/Src/stm32f4xx_hal_dma.o
 .comment       0x0000000000000050       0x51 ./Drivers/STM32F4xx_HAL_Driver/Src/stm32f4xx_hal_gpio.o
 .comment       0x0000000000000050       0x51 ./Drivers/STM32F4xx_HAL_Driver/Src/stm32f4xx_hal_rcc.o
 .comment       0x0000000000000050       0x51 ./Drivers/STM32F4xx_HAL_Driver/Src/stm32f4xx_hal_spi.o
 .comment       0x0000000000000050       0x51 ./Drivers/STM32F4xx_HAL_Driver/Src/stm32f4xx_hal_tim.o
 .comment       0x0000000000000050       0x51 ./Drivers/STM32F4xx_HAL_Driver/Src/stm32f4xx_hal_tim_ex.o
 .comment       0x0000000000000050       0x51 ./Drivers/STM32F4xx_HAL_Driver/Src/stm32f4xx_hal_uart.o

.debug_frame    0x0000000000000000     0x4a60
 .debug_frame   0x0000000000000000      0x1b0 ./Core/Src/can.o
 .debug_frame   0x00000000000001b0       0x34 ./Core/Src/dma.o
 .debug_frame   0x00000000000001e4       0x34 ./Core/Src/gpio.o
 .debug_frame   0x0000000000000218      0x61c ./Core/Src/lcd.o
 .debug_frame   0x0000000000000834      0x110 ./Core/Src/main.o
 .debug_frame   0x0000000000000944       0x74 ./Core/Src/spi.o
 .debug_frame   0x00000000000009b8       0x38 ./Core/Src/stm32f4xx_hal_msp.o
 .debug_frame   0x00000000000009f0      0x190 ./Core/Src/stm32f4xx_it.o
 .debug_frame   0x0000000000000b80       0x58 ./Core/Src/system_stm32f4xx.o
 .debug_frame   0x0000000000000bd8       0xa0 ./Core/Src/tim.o
 .debug_frame   0x0000000000000c78       0x90 ./Core/Src/usart.o
 .debug_frame   0x0000000000000d08      0x374 ./Drivers/STM32F4xx_HAL_Driver/Src/stm32f4xx_hal.o
 .debug_frame   0x000000000000107c      0x5a0 ./Drivers/STM32F4xx_HAL_Driver/Src/stm32f4xx_hal_can.o
 .debug_frame   0x000000000000161c      0x498 ./Drivers/STM32F4xx_HAL_Driver/Src/stm32f4xx_hal_cortex.o
 .debug_frame   0x0000000000001ab4      0x250 ./Drivers/STM32F4xx_HAL_Driver/Src/stm32f4xx_hal_dma.o
 .debug_frame   0x0000000000001d04      0x14c ./Drivers/STM32F4xx_HAL_Driver/Src/stm32f4xx_hal_gpio.o
 .debug_frame   0x0000000000001e50      0x1f4 ./Drivers/STM32F4xx_HAL_Driver/Src/stm32f4xx_hal_rcc.o
 .debug_frame   0x0000000000002044      0x824 ./Drivers/STM32F4xx_HAL_Driver/Src/stm32f4xx_hal_spi.o
 .debug_frame   0x0000000000002868     0x11c4 ./Drivers/STM32F4xx_HAL_Driver/Src/stm32f4xx_hal_tim.o
 .debug_frame   0x0000000000003a2c      0x638 ./Drivers/STM32F4xx_HAL_Driver/Src/stm32f4xx_hal_tim_ex.o
 .debug_frame   0x0000000000004064      0x92c ./Drivers/STM32F4xx_HAL_Driver/Src/stm32f4xx_hal_uart.o
 .debug_frame   0x0000000000004990       0x2c c:/st/stm32cubeide_1.10.1/stm32cubeide/plugins/com.st.stm32cube.ide.mcu.externaltools.gnu-tools-for-stm32.10.3-2021.10.win32_1.0.0.202111181127/tools/bin/../lib/gcc/arm-none-eabi/10.3.1/../../../../arm-none-eabi/lib/thumb/v7e-m+fp/hard\libc_nano.a(lib_a-init.o)
 .debug_frame   0x00000000000049bc       0x20 c:/st/stm32cubeide_1.10.1/stm32cubeide/plugins/com.st.stm32cube.ide.mcu.externaltools.gnu-tools-for-stm32.10.3-2021.10.win32_1.0.0.202111181127/tools/bin/../lib/gcc/arm-none-eabi/10.3.1/../../../../arm-none-eabi/lib/thumb/v7e-m+fp/hard\libc_nano.a(lib_a-memset.o)
 .debug_frame   0x00000000000049dc       0x24 c:/st/stm32cubeide_1.10.1/stm32cubeide/plugins/com.st.stm32cube.ide.mcu.externaltools.gnu-tools-for-stm32.10.3-2021.10.win32_1.0.0.202111181127/tools/bin/../lib/gcc/arm-none-eabi/10.3.1/thumb/v7e-m+fp/hard\libgcc.a(_arm_truncdfsf2.o)
 .debug_frame   0x0000000000004a00       0x2c c:/st/stm32cubeide_1.10.1/stm32cubeide/plugins/com.st.stm32cube.ide.mcu.externaltools.gnu-tools-for-stm32.10.3-2021.10.win32_1.0.0.202111181127/tools/bin/../lib/gcc/arm-none-eabi/10.3.1/thumb/v7e-m+fp/hard\libgcc.a(_aeabi_uldivmod.o)
 .debug_frame   0x0000000000004a2c       0x34 c:/st/stm32cubeide_1.10.1/stm32cubeide/plugins/com.st.stm32cube.ide.mcu.externaltools.gnu-tools-for-stm32.10.3-2021.10.win32_1.0.0.202111181127/tools/bin/../lib/gcc/arm-none-eabi/10.3.1/thumb/v7e-m+fp/hard\libgcc.a(_udivmoddi4.o)
