../Core/Src/can.c:31:6:MX_CAN1_Init	8	static
../Core/Src/can.c:63:6:MX_CAN2_Init	8	static
../Core/Src/can.c:97:6:HAL_CAN_MspInit	56	static
../Core/Src/can.c:158:6:HAL_CAN_MspDeInit	16	static
../Core/Src/can.c:218:6:can_filter_enable	56	static
../Core/Src/can.c:236:6:can_filter_disable	56	static
../Core/Src/can.c:254:6:can_transmit	64	static
../Core/Src/can.c:280:6:CAN_cmd_motor	32	static
../Core/Src/can.c:310:6:can_init	48	static
../Core/Src/can.c:332:6:HAL_CAN_RxFifo0MsgPendingCallback	56	static
../Core/Src/can.c:354:24:get_rotate_motor_measure	16	static
../Core/Src/can.c:358:7:UpdateMotorStatus	8	static
