Archive member included to satisfy reference by file (symbol)

c:/st/stm32cubeide_1.10.1/stm32cubeide/plugins/com.st.stm32cube.ide.mcu.externaltools.gnu-tools-for-stm32.10.3-2021.10.win32_1.0.0.202111181127/tools/bin/../lib/gcc/arm-none-eabi/10.3.1/../../../../arm-none-eabi/lib/thumb/v7e-m+fp/hard\libc_nano.a(lib_a-errno.o)
                              ./Core/Src/syscalls.o (__errno)
c:/st/stm32cubeide_1.10.1/stm32cubeide/plugins/com.st.stm32cube.ide.mcu.externaltools.gnu-tools-for-stm32.10.3-2021.10.win32_1.0.0.202111181127/tools/bin/../lib/gcc/arm-none-eabi/10.3.1/../../../../arm-none-eabi/lib/thumb/v7e-m+fp/hard\libc_nano.a(lib_a-exit.o)
                              c:/st/stm32cubeide_1.10.1/stm32cubeide/plugins/com.st.stm32cube.ide.mcu.externaltools.gnu-tools-for-stm32.10.3-2021.10.win32_1.0.0.202111181127/tools/bin/../lib/gcc/arm-none-eabi/10.3.1/../../../../arm-none-eabi/lib/thumb/v7e-m+fp/hard/crt0.o (exit)
c:/st/stm32cubeide_1.10.1/stm32cubeide/plugins/com.st.stm32cube.ide.mcu.externaltools.gnu-tools-for-stm32.10.3-2021.10.win32_1.0.0.202111181127/tools/bin/../lib/gcc/arm-none-eabi/10.3.1/../../../../arm-none-eabi/lib/thumb/v7e-m+fp/hard\libc_nano.a(lib_a-impure.o)
                              c:/st/stm32cubeide_1.10.1/stm32cubeide/plugins/com.st.stm32cube.ide.mcu.externaltools.gnu-tools-for-stm32.10.3-2021.10.win32_1.0.0.202111181127/tools/bin/../lib/gcc/arm-none-eabi/10.3.1/../../../../arm-none-eabi/lib/thumb/v7e-m+fp/hard\libc_nano.a(lib_a-exit.o) (_global_impure_ptr)
c:/st/stm32cubeide_1.10.1/stm32cubeide/plugins/com.st.stm32cube.ide.mcu.externaltools.gnu-tools-for-stm32.10.3-2021.10.win32_1.0.0.202111181127/tools/bin/../lib/gcc/arm-none-eabi/10.3.1/../../../../arm-none-eabi/lib/thumb/v7e-m+fp/hard\libc_nano.a(lib_a-init.o)
                              c:/st/stm32cubeide_1.10.1/stm32cubeide/plugins/com.st.stm32cube.ide.mcu.externaltools.gnu-tools-for-stm32.10.3-2021.10.win32_1.0.0.202111181127/tools/bin/../lib/gcc/arm-none-eabi/10.3.1/../../../../arm-none-eabi/lib/thumb/v7e-m+fp/hard/crt0.o (__libc_init_array)
c:/st/stm32cubeide_1.10.1/stm32cubeide/plugins/com.st.stm32cube.ide.mcu.externaltools.gnu-tools-for-stm32.10.3-2021.10.win32_1.0.0.202111181127/tools/bin/../lib/gcc/arm-none-eabi/10.3.1/../../../../arm-none-eabi/lib/thumb/v7e-m+fp/hard\libc_nano.a(lib_a-memset.o)
                              c:/st/stm32cubeide_1.10.1/stm32cubeide/plugins/com.st.stm32cube.ide.mcu.externaltools.gnu-tools-for-stm32.10.3-2021.10.win32_1.0.0.202111181127/tools/bin/../lib/gcc/arm-none-eabi/10.3.1/../../../../arm-none-eabi/lib/thumb/v7e-m+fp/hard/crt0.o (memset)
c:/st/stm32cubeide_1.10.1/stm32cubeide/plugins/com.st.stm32cube.ide.mcu.externaltools.gnu-tools-for-stm32.10.3-2021.10.win32_1.0.0.202111181127/tools/bin/../lib/gcc/arm-none-eabi/10.3.1/../../../../arm-none-eabi/lib/thumb/v7e-m+fp/hard\libm.a(lib_a-w_pow.o)
                              ./Core/Src/main.o (pow)
c:/st/stm32cubeide_1.10.1/stm32cubeide/plugins/com.st.stm32cube.ide.mcu.externaltools.gnu-tools-for-stm32.10.3-2021.10.win32_1.0.0.202111181127/tools/bin/../lib/gcc/arm-none-eabi/10.3.1/../../../../arm-none-eabi/lib/thumb/v7e-m+fp/hard\libm.a(lib_a-w_sqrt.o)
                              ./Core/Src/main.o (sqrt)
c:/st/stm32cubeide_1.10.1/stm32cubeide/plugins/com.st.stm32cube.ide.mcu.externaltools.gnu-tools-for-stm32.10.3-2021.10.win32_1.0.0.202111181127/tools/bin/../lib/gcc/arm-none-eabi/10.3.1/../../../../arm-none-eabi/lib/thumb/v7e-m+fp/hard\libm.a(lib_a-e_pow.o)
                              c:/st/stm32cubeide_1.10.1/stm32cubeide/plugins/com.st.stm32cube.ide.mcu.externaltools.gnu-tools-for-stm32.10.3-2021.10.win32_1.0.0.202111181127/tools/bin/../lib/gcc/arm-none-eabi/10.3.1/../../../../arm-none-eabi/lib/thumb/v7e-m+fp/hard\libm.a(lib_a-w_pow.o) (__ieee754_pow)
c:/st/stm32cubeide_1.10.1/stm32cubeide/plugins/com.st.stm32cube.ide.mcu.externaltools.gnu-tools-for-stm32.10.3-2021.10.win32_1.0.0.202111181127/tools/bin/../lib/gcc/arm-none-eabi/10.3.1/../../../../arm-none-eabi/lib/thumb/v7e-m+fp/hard\libm.a(lib_a-e_sqrt.o)
                              c:/st/stm32cubeide_1.10.1/stm32cubeide/plugins/com.st.stm32cube.ide.mcu.externaltools.gnu-tools-for-stm32.10.3-2021.10.win32_1.0.0.202111181127/tools/bin/../lib/gcc/arm-none-eabi/10.3.1/../../../../arm-none-eabi/lib/thumb/v7e-m+fp/hard\libm.a(lib_a-w_sqrt.o) (__ieee754_sqrt)
c:/st/stm32cubeide_1.10.1/stm32cubeide/plugins/com.st.stm32cube.ide.mcu.externaltools.gnu-tools-for-stm32.10.3-2021.10.win32_1.0.0.202111181127/tools/bin/../lib/gcc/arm-none-eabi/10.3.1/../../../../arm-none-eabi/lib/thumb/v7e-m+fp/hard\libm.a(lib_a-math_err.o)
                              c:/st/stm32cubeide_1.10.1/stm32cubeide/plugins/com.st.stm32cube.ide.mcu.externaltools.gnu-tools-for-stm32.10.3-2021.10.win32_1.0.0.202111181127/tools/bin/../lib/gcc/arm-none-eabi/10.3.1/../../../../arm-none-eabi/lib/thumb/v7e-m+fp/hard\libm.a(lib_a-e_pow.o) (__math_uflow)
[...]
Memory Configuration

Name             Origin             Length             Attributes
CCMRAM           0x0000000010000000 0x0000000000010000 xrw
RAM              0x0000000020000000 0x0000000000020000 xrw
FLASH            0x0000000008000000 0x0000000000100000 xr
*default*        0x0000000000000000 0xffffffffffffffff

Linker script and memory map

LOAD c:/st/stm32cubeide_1.10.1/stm32cubeide/plugins/com.st.stm32cube.ide.mcu.externaltools.gnu-tools-for-stm32.10.3-2021.10.win32_1.0.0.202111181127/tools/bin/../lib/gcc/arm-none-eabi/10.3.1/thumb/v7e-m+fp/hard/crti.o
LOAD c:/st/stm32cubeide_1.10.1/stm32cubeide/plugins/com.st.stm32cube.ide.mcu.externaltools.gnu-tools-for-stm32.10.3-2021.10.win32_1.0.0.202111181127/tools/bin/../lib/gcc/arm-none-eabi/10.3.1/thumb/v7e-m+fp/hard/crtbegin.o
LOAD c:/st/stm32cubeide_1.10.1/stm32cubeide/plugins/com.st.stm32cube.ide.mcu.externaltools.gnu-tools-for-stm32.10.3-2021.10.win32_1.0.0.202111181127/tools/bin/../lib/gcc/arm-none-eabi/10.3.1/../../../../arm-none-eabi/lib/thumb/v7e-m+fp/hard/crt0.o
LOAD ./Core/Src/camera.o
LOAD ./Core/Src/can.o
LOAD ./Core/Src/dma.o
LOAD ./Core/Src/gpio.o
LOAD ./Core/Src/i2c.o
LOAD ./Core/Src/lcd.o
LOAD ./Core/Src/lcd_graphics.o
LOAD ./Core/Src/main.o
LOAD ./Core/Src/sccb.o
LOAD ./Core/Src/spi.o
LOAD ./Core/Src/stm32f4xx_hal_msp.o
LOAD ./Core/Src/stm32f4xx_it.o
LOAD ./Core/Src/syscalls.o
LOAD ./Core/Src/sysmem.o
LOAD ./Core/Src/system_stm32f4xx.o
LOAD ./Core/Src/tim.o
LOAD ./Core/Src/tutorial2_hw.o
LOAD ./Core/Src/tutorial3_pwm.o
LOAD ./Core/Src/usart.o
LOAD ./Core/Startup/startup_stm32f405rgtx.o
LOAD ./Drivers/STM32F4xx_HAL_Driver/Src/stm32f4xx_hal.o
LOAD ./Drivers/STM32F4xx_HAL_Driver/Src/stm32f4xx_hal_can.o
LOAD ./Drivers/STM32F4xx_HAL_Driver/Src/stm32f4xx_hal_cortex.o
LOAD ./Drivers/STM32F4xx_HAL_Driver/Src/stm32f4xx_hal_dma.o
LOAD ./Drivers/STM32F4xx_HAL_Driver/Src/stm32f4xx_hal_dma_ex.o
LOAD ./Drivers/STM32F4xx_HAL_Driver/Src/stm32f4xx_hal_exti.o
LOAD ./Drivers/STM32F4xx_HAL_Driver/Src/stm32f4xx_hal_flash.o
LOAD ./Drivers/STM32F4xx_HAL_Driver/Src/stm32f4xx_hal_flash_ex.o
LOAD ./Drivers/STM32F4xx_HAL_Driver/Src/stm32f4xx_hal_flash_ramfunc.o
LOAD ./Drivers/STM32F4xx_HAL_Driver/Src/stm32f4xx_hal_gpio.o
LOAD ./Drivers/STM32F4xx_HAL_Driver/Src/stm32f4xx_hal_i2c.o
LOAD ./Drivers/STM32F4xx_HAL_Driver/Src/stm32f4xx_hal_i2c_ex.o
LOAD ./Drivers/STM32F4xx_HAL_Driver/Src/stm32f4xx_hal_pwr.o
LOAD ./Drivers/STM32F4xx_HAL_Driver/Src/stm32f4xx_hal_pwr_ex.o
LOAD ./Drivers/STM32F4xx_HAL_Driver/Src/stm32f4xx_hal_rcc.o
LOAD ./Drivers/STM32F4xx_HAL_Driver/Src/stm32f4xx_hal_rcc_ex.o
LOAD ./Drivers/STM32F4xx_HAL_Driver/Src/stm32f4xx_hal_spi.o
LOAD ./Drivers/STM32F4xx_HAL_Driver/Src/stm32f4xx_hal_tim.o
LOAD ./Drivers/STM32F4xx_HAL_Driver/Src/stm32f4xx_hal_tim_ex.o
LOAD ./Drivers/STM32F4xx_HAL_Driver/Src/stm32f4xx_hal_uart.o
START GROUP
LOAD c:/st/stm32cubeide_1.10.1/stm32cubeide/plugins/com.st.stm32cube.ide.mcu.externaltools.gnu-tools-for-stm32.10.3-2021.10.win32_1.0.0.202111181127/tools/bin/../lib/gcc/arm-none-eabi/10.3.1/../../../../arm-none-eabi/lib/thumb/v7e-m+fp/hard\libc_nano.a
LOAD c:/st/stm32cubeide_1.10.1/stm32cubeide/plugins/com.st.stm32cube.ide.mcu.externaltools.gnu-tools-for-stm32.10.3-2021.10.win32_1.0.0.202111181127/tools/bin/../lib/gcc/arm-none-eabi/10.3.1/../../../../arm-none-eabi/lib/thumb/v7e-m+fp/hard\libm.a
END GROUP
START GROUP
LOAD c:/st/stm32cubeide_1.10.1/stm32cubeide/plugins/com.st.stm32cube.ide.mcu.externaltools.gnu-tools-for-stm32.10.3-2021.10.win32_1.0.0.202111181127/tools/bin/../lib/gcc/arm-none-eabi/10.3.1/thumb/v7e-m+fp/hard\libgcc.a
LOAD c:/st/stm32cubeide_1.10.1/stm32cubeide/plugins/com.st.stm32cube.ide.mcu.externaltools.gnu-tools-for-stm32.10.3-2021.10.win32_1.0.0.202111181127/tools/bin/../lib/gcc/arm-none-eabi/10.3.1/../../../../arm-none-eabi/lib/thumb/v7e-m+fp/hard\libc_nano.a
END GROUP
START GROUP
LOAD c:/st/stm32cubeide_1.10.1/stm32cubeide/plugins/com.st.stm32cube.ide.mcu.externaltools.gnu-tools-for-stm32.10.3-2021.10.win32_1.0.0.202111181127/tools/bin/../lib/gcc/arm-none-eabi/10.3.1/thumb/v7e-m+fp/hard\libgcc.a
LOAD c:/st/stm32cubeide_1.10.1/stm32cubeide/plugins/com.st.stm32cube.ide.mcu.externaltools.gnu-tools-for-stm32.10.3-2021.10.win32_1.0.0.202111181127/tools/bin/../lib/gcc/arm-none-eabi/10.3.1/../../../../arm-none-eabi/lib/thumb/v7e-m+fp/hard\libc_nano.a
LOAD c:/st/stm32cubeide_1.10.1/stm32cubeide/plugins/com.st.stm32cube.ide.mcu.externaltools.gnu-tools-for-stm32.10.3-2021.10.win32_1.0.0.202111181127/tools/bin/../lib/gcc/arm-none-eabi/10.3.1/../../../../arm-none-eabi/lib/thumb/v7e-m+fp/hard\libnosys.a
END GROUP
START GROUP
LOAD c:/st/stm32cubeide_1.10.1/stm32cubeide/plugins/com.st.stm32cube.ide.mcu.externaltools.gnu-tools-for-stm32.10.3-2021.10.win32_1.0.0.202111181127/tools/bin/../lib/gcc/arm-none-eabi/10.3.1/thumb/v7e-m+fp/hard\libgcc.a
LOAD c:/st/stm32cubeide_1.10.1/stm32cubeide/plugins/com.st.stm32cube.ide.mcu.externaltools.gnu-tools-for-stm32.10.3-2021.10.win32_1.0.0.202111181127/tools/bin/../lib/gcc/arm-none-eabi/10.3.1/../../../../arm-none-eabi/lib/thumb/v7e-m+fp/hard\libc_nano.a
LOAD c:/st/stm32cubeide_1.10.1/stm32cubeide/plugins/com.st.stm32cube.ide.mcu.externaltools.gnu-tools-for-stm32.10.3-2021.10.win32_1.0.0.202111181127/tools/bin/../lib/gcc/arm-none-eabi/10.3.1/../../../../arm-none-eabi/lib/thumb/v7e-m+fp/hard\libnosys.a
END GROUP
LOAD c:/st/stm32cubeide_1.10.1/stm32cubeide/plugins/com.st.stm32cube.ide.mcu.externaltools.gnu-tools-for-stm32.10.3-2021.10.win32_1.0.0.202111181127/tools/bin/../lib/gcc/arm-none-eabi/10.3.1/thumb/v7e-m+fp/hard/crtend.o
LOAD c:/st/stm32cubeide_1.10.1/stm32cubeide/plugins/com.st.stm32cube.ide.mcu.externaltools.gnu-tools-for-stm32.10.3-2021.10.win32_1.0.0.202111181127/tools/bin/../lib/gcc/arm-none-eabi/10.3.1/thumb/v7e-m+fp/hard/crtn.o
                0x0000000020020000                _estack = (ORIGIN (RAM) + LENGTH (RAM))
                0x0000000000000200                _Min_Heap_Size = 0x200
                0x0000000000000400                _Min_Stack_Size = 0x400

.isr_vector     0x0000000008000000      0x188
                0x0000000008000000                . = ALIGN (0x4)
 *(.isr_vector)
 .isr_vector    0x0000000008000000      0x188 ./Core/Startup/startup_stm32f405rgtx.o
                0x0000000008000000                g_pfnVectors
                0x0000000008000188                . = ALIGN (0x4)

.text           0x0000000008000188     0x8dbc
                0x0000000008000188                . = ALIGN (0x4)
 *(.text)
 .text          0x0000000008000188       0x40 c:/st/stm32cubeide_1.10.1/stm32cubeide/plugins/com.st.stm32cube.ide.mcu.externaltools.gnu-tools-for-stm32.10.3-2021.10.win32_1.0.0.202111181127/tools/bin/../lib/gcc/arm-none-eabi/10.3.1/thumb/v7e-m+fp/hard/crtbegin.o
 .text          0x00000000080001c8      0x378 c:/st/stm32cubeide_1.10.1/stm32cubeide/plugins/com.st.stm32cube.ide.mcu.externaltools.gnu-tools-for-stm32.10.3-2021.10.win32_1.0.0.202111181127/tools/bin/../lib/gcc/arm-none-eabi/10.3.1/thumb/v7e-m+fp/hard\libgcc.a(_arm_addsubdf3.o)
                0x00000000080001c8                __aeabi_drsub
                0x00000000080001d0                __aeabi_dsub
                0x00000000080001d0                __subdf3
                0x00000000080001d4                __aeabi_dadd
                0x00000000080001d4                __adddf3
                0x000000000800044c                __floatunsidf
                0x000000000800044c                __aeabi_ui2d
                0x000000000800046c                __floatsidf
                0x000000000800046c                __aeabi_i2d
                0x0000000008000490                __aeabi_f2d
                0x0000000008000490                __extendsfdf2
                0x00000000080004d4                __floatundidf
                0x00000000080004d4                __aeabi_ul2d
                0x00000000080004e4                __floatdidf
                0x00000000080004e4                __aeabi_l2d
 .text          0x0000000008000540      0x424 c:/st/stm32cubeide_1.10.1/stm32cubeide/plugins/com.st.stm32cube.ide.mcu.externaltools.gnu-tools-for-stm32.10.3-2021.10.win32_1.0.0.202111181127/tools/bin/../lib/gcc/arm-none-eabi/10.3.1/thumb/v7e-m+fp/hard\libgcc.a(_arm_muldivdf3.o)
                0x0000000008000540                __aeabi_dmul
                0x0000000008000540                __muldf3
                0x0000000008000794                __divdf3
                0x0000000008000794                __aeabi_ddiv
 .text          0x0000000008000964      0x110 c:/st/stm32cubeide_1.10.1/stm32cubeide/plugins/com.st.stm32cube.ide.mcu.externaltools.gnu-tools-for-stm32.10.3-2021.10.win32_1.0.0.202111181127/tools/bin/../lib/gcc/arm-none-eabi/10.3.1/thumb/v7e-m+fp/hard\libgcc.a(_arm_cmpdf2.o)
                0x0000000008000964                __gtdf2
                0x0000000008000964                __gedf2
                0x000000000800096c                __ltdf2
                0x000000000800096c                __ledf2
                0x0000000008000974                __nedf2
                0x0000000008000974                __eqdf2
                0x0000000008000974                __cmpdf2
                0x00000000080009f0                __aeabi_cdrcmple
                0x0000000008000a00                __aeabi_cdcmpeq
                0x0000000008000a00                __aeabi_cdcmple
                0x0000000008000a10                __aeabi_dcmpeq
                0x0000000008000a24                __aeabi_dcmplt
                0x0000000008000a38                __aeabi_dcmple
                0x0000000008000a4c                __aeabi_dcmpge
                0x0000000008000a60                __aeabi_dcmpgt
 .text          0x0000000008000a74       0x2c c:/st/stm32cubeide_1.10.1/stm32cubeide/plugins/com.st.stm32cube.ide.mcu.externaltools.gnu-tools-for-stm32.10.3-2021.10.win32_1.0.0.202111181127/tools/bin/../lib/gcc/arm-none-eabi/10.3.1/thumb/v7e-m+fp/hard\libgcc.a(_arm_unorddf2.o)
                0x0000000008000a74                __unorddf2
                0x0000000008000a74                __aeabi_dcmpun
 .text          0x0000000008000aa0       0x40 c:/st/stm32cubeide_1.10.1/stm32cubeide/plugins/com.st.stm32cube.ide.mcu.externaltools.gnu-tools-for-stm32.10.3-2021.10.win32_1.0.0.202111181127/tools/bin/../lib/gcc/arm-none-eabi/10.3.1/thumb/v7e-m+fp/hard\libgcc.a(_arm_fixunsdfsi.o)
                0x0000000008000aa0                __aeabi_d2uiz
                0x0000000008000aa0                __fixunsdfsi
 .text          0x0000000008000ae0       0xa0 c:/st/stm32cubeide_1.10.1/stm32cubeide/plugins/com.st.stm32cube.ide.mcu.externaltools.gnu-tools-for-stm32.10.3-2021.10.win32_1.0.0.202111181127/tools/bin/../lib/gcc/arm-none-eabi/10.3.1/thumb/v7e-m+fp/hard\libgcc.a(_arm_truncdfsf2.o)
                0x0000000008000ae0                __truncdfsf2
                0x0000000008000ae0                __aeabi_d2f
 .text          0x0000000008000b80       0x30 c:/st/stm32cubeide_1.10.1/stm32cubeide/plugins/com.st.stm32cube.ide.mcu.externaltools.gnu-tools-for-stm32.10.3-2021.10.win32_1.0.0.202111181127/tools/bin/../lib/gcc/arm-none-eabi/10.3.1/thumb/v7e-m+fp/hard\libgcc.a(_aeabi_uldivmod.o)
                0x0000000008000b80                __aeabi_uldivmod
 .text          0x0000000008000bb0      0x2d0 c:/st/stm32cubeide_1.10.1/stm32cubeide/plugins/com.st.stm32cube.ide.mcu.externaltools.gnu-tools-for-stm32.10.3-2021.10.win32_1.0.0.202111181127/tools/bin/../lib/gcc/arm-none-eabi/10.3.1/thumb/v7e-m+fp/hard\libgcc.a(_udivmoddi4.o)
                0x0000000008000bb0                __udivmoddi4
 .text          0x0000000008000e80        0x4 c:/st/stm32cubeide_1.10.1/stm32cubeide/plugins/com.st.stm32cube.ide.mcu.externaltools.gnu-tools-for-stm32.10.3-2021.10.win32_1.0.0.202111181127/tools/bin/../lib/gcc/arm-none-eabi/10.3.1/thumb/v7e-m+fp/hard\libgcc.a(_dvmd_tls.o)
                0x0000000008000e80                __aeabi_idiv0
                0x0000000008000e80                __aeabi_ldiv0
 *(.text*)
 .text.FIFO_GPIO_init
                0x0000000008000e84       0xfc ./Core/Src/camera.o
 .text.VSYNC_GPIO_init
                0x0000000008000f80       0x60 ./Core/Src/camera.o
 .text.camera_GPIO_init
                0x0000000008000fe0       0x14 ./Core/Src/camera.o
                0x0000000008000fe0                camera_GPIO_init
 .text.camera_init_internal
                0x0000000008000ff4       0x94 ./Core/Src/camera.o
 .text.camera_init
                0x0000000008001088       0x88 ./Core/Src/camera.o
                0x0000000008001088                camera_init
 .text.cam_set_state
                0x0000000008001110       0x20 ./Core/Src/camera.o
                0x0000000008001110                cam_set_state
 .text.cam_set_colormode
                0x0000000008001130       0x24 ./Core/Src/camera.o
                0x0000000008001130                cam_set_colormode
 .text.cam_set_window
                0x0000000008001154      0x16c ./Core/Src/camera.o
                0x0000000008001154                cam_set_window
 .text.cam_set_lightmode
                0x00000000080012c0      0x138 ./Core/Src/camera.o
                0x00000000080012c0                cam_set_lightmode
 .text.cam_set_brightness
                0x00000000080013f8       0x9c ./Core/Src/camera.o
                0x00000000080013f8                cam_set_brightness
 .text.cam_set_saturation
                0x0000000008001494       0x48 ./Core/Src/camera.o
                0x0000000008001494                cam_set_saturation
 .text.cam_set_contrast
                0x00000000080014dc       0x38 ./Core/Src/camera.o
                0x00000000080014dc                cam_set_contrast
 .text.cam_set_effect
                0x0000000008001514       0xe4 ./Core/Src/camera.o
                0x0000000008001514                cam_set_effect
 .text.cam_is_frame_ready
                0x00000000080015f8       0x24 ./Core/Src/camera.o
                0x00000000080015f8                cam_is_frame_ready
 .text.cam_get_rgb565
                0x000000000800161c       0xfc ./Core/Src/camera.o
                0x000000000800161c                cam_get_rgb565
 .text.cam_rgb2printable
                0x0000000008001718       0x74 ./Core/Src/camera.o
                0x0000000008001718                cam_rgb2printable
 .text.HAL_GPIO_EXTI_Callback
                0x000000000800178c       0x70 ./Core/Src/camera.o
                0x000000000800178c                HAL_GPIO_EXTI_Callback
 .text.MX_CAN1_Init
                0x00000000080017fc       0x6c ./Core/Src/can.o
                0x00000000080017fc                MX_CAN1_Init
 .text.MX_CAN2_Init
                0x0000000008001868       0x6c ./Core/Src/can.o
                0x0000000008001868                MX_CAN2_Init
 .text.HAL_CAN_MspInit
                0x00000000080018d4      0x144 ./Core/Src/can.o
                0x00000000080018d4                HAL_CAN_MspInit
 .text.MX_DMA_Init
                0x0000000008001a18       0x40 ./Core/Src/dma.o
                0x0000000008001a18                MX_DMA_Init
 .text.MX_GPIO_Init
                0x0000000008001a58      0x1e0 ./Core/Src/gpio.o
                0x0000000008001a58                MX_GPIO_Init
 .text.MX_I2C2_Init
                0x0000000008001c38       0x5c ./Core/Src/i2c.o
                0x0000000008001c38                MX_I2C2_Init
 .text.HAL_I2C_MspInit
                0x0000000008001c94       0x90 ./Core/Src/i2c.o
                0x0000000008001c94                HAL_I2C_MspInit
 .text.tft_char_is_changed
                0x0000000008001d24      0x114 ./Core/Src/lcd.o
 .text.itos     0x0000000008001e38       0xac ./Core/Src/lcd.o
 .text.utos0    0x0000000008001ee4       0xbc ./Core/Src/lcd.o
 .text.ftos     0x0000000008001fa0       0xd2 ./Core/Src/lcd.o
 .text.prints   0x0000000008002072       0xf0 ./Core/Src/lcd.o
 .text.printi   0x0000000008002162       0xee ./Core/Src/lcd.o
 .text.printf_  0x0000000008002250       0x4e ./Core/Src/lcd.o
 *fill*         0x000000000800229e        0x2 
 .text.print    0x00000000080022a0      0x244 ./Core/Src/lcd.o
 .text.write_command
                0x00000000080024e4       0x48 ./Core/Src/lcd.o
 .text.write_data
                0x000000000800252c       0x24 ./Core/Src/lcd.o
 .text.write_many
                0x0000000008002550       0x2a ./Core/Src/lcd.o
 *fill*         0x000000000800257a        0x2 
 .text.write_many_dma
                0x000000000800257c       0x30 ./Core/Src/lcd.o
 .text.write_byte
                0x00000000080025ac       0x2a ./Core/Src/lcd.o
 .text.write_2hword
                0x00000000080025d6       0x4e ./Core/Src/lcd.o
 .text.tft_clear
                0x0000000008002624       0x78 ./Core/Src/lcd.o
 .text.tft_clear_full
                0x000000000800269c       0xd8 ./Core/Src/lcd.o
 .text.tft_set_region
                0x0000000008002774       0x90 ./Core/Src/lcd.o
 .text.tft_init
                0x0000000008002804      0x200 ./Core/Src/lcd.o
                0x0000000008002804                tft_init
 .text.tft_set_bg_color
                0x0000000008002a04       0x20 ./Core/Src/lcd.o
                0x0000000008002a04                tft_set_bg_color
 .text.tft_set_highlight_color
                0x0000000008002a24       0x20 ./Core/Src/lcd.o
                0x0000000008002a24                tft_set_highlight_color
 .text.tft_set_text_color
                0x0000000008002a44       0x20 ./Core/Src/lcd.o
                0x0000000008002a44                tft_set_text_color
 .text.tft_set_special_color
                0x0000000008002a64       0x20 ./Core/Src/lcd.o
                0x0000000008002a64                tft_set_special_color
 .text.tft_force_clear
                0x0000000008002a84       0x58 ./Core/Src/lcd.o
                0x0000000008002a84                tft_force_clear
 .text.tft_print_colored
                0x0000000008002adc      0x300 ./Core/Src/lcd.o
                0x0000000008002adc                tft_print_colored
 .text.tft_printc
                0x0000000008002ddc       0x38 ./Core/Src/lcd.o
                0x0000000008002ddc                tft_printc
 .text.tft_prints
                0x0000000008002e14       0x5a ./Core/Src/lcd.o
                0x0000000008002e14                tft_prints
 *fill*         0x0000000008002e6e        0x2 
 .text.tft_print_rectangle_dma
                0x0000000008002e70       0xfc ./Core/Src/lcd.o
                0x0000000008002e70                tft_print_rectangle_dma
 .text.tft_print_rectangle
                0x0000000008002f6c      0x10a ./Core/Src/lcd.o
                0x0000000008002f6c                tft_print_rectangle
 *fill*         0x0000000008003076        0x2 
 .text.tft_print_image
                0x0000000008003078       0x60 ./Core/Src/lcd.o
                0x0000000008003078                tft_print_image
 .text.tft_update
                0x00000000080030d8      0x2ac ./Core/Src/lcd.o
                0x00000000080030d8                tft_update
 *fill*         0x0000000008003384        0x4 
 .text.sobelFilter
                0x0000000008003388      0x2c4 ./Core/Src/main.o
                0x0000000008003388                sobelFilter
 .text.main     0x000000000800364c      0x198 ./Core/Src/main.o
                0x000000000800364c                main
 .text.SystemClock_Config
                0x00000000080037e4       0xd4 ./Core/Src/main.o
                0x00000000080037e4                SystemClock_Config
 .text.Error_Handler
                0x00000000080038b8        0xa ./Core/Src/main.o
                0x00000000080038b8                Error_Handler
 *fill*         0x00000000080038c2        0x2 
 .text.motor_forward
                0x00000000080038c4       0x34 ./Core/Src/main.o
                0x00000000080038c4                motor_forward
 .text.SCCB_GPIO_init
                0x00000000080038f8       0x78 ./Core/Src/sccb.o
                0x00000000080038f8                SCCB_GPIO_init
 .text.delay_us
                0x0000000008003970       0x34 ./Core/Src/sccb.o
 .text.SCCB_delay
                0x00000000080039a4        0xe ./Core/Src/sccb.o
 *fill*         0x00000000080039b2        0x2 
 .text.SCCB_start
                0x00000000080039b4       0x64 ./Core/Src/sccb.o
 .text.SCCB_stop
                0x0000000008003a18       0x3c ./Core/Src/sccb.o
 .text.SCCB_ack
                0x0000000008003a54       0x3c ./Core/Src/sccb.o
 .text.SCCB_noAck
                0x0000000008003a90       0x3c ./Core/Src/sccb.o
 .text.SCCB_waitAck
                0x0000000008003acc       0x58 ./Core/Src/sccb.o
 .text.SCCB_TxByte
                0x0000000008003b24       0x70 ./Core/Src/sccb.o
 .text.SCCB_RxByte
                0x0000000008003b94       0x74 ./Core/Src/sccb.o
 .text.SCCB_send_byte
                0x0000000008003c08       0x5e ./Core/Src/sccb.o
                0x0000000008003c08                SCCB_send_byte
 .text.SCCB_read_byte
                0x0000000008003c66       0xa8 ./Core/Src/sccb.o
                0x0000000008003c66                SCCB_read_byte
 *fill*         0x0000000008003d0e        0x2 
 .text.MX_SPI1_Init
                0x0000000008003d10       0x6c ./Core/Src/spi.o
                0x0000000008003d10                MX_SPI1_Init
 .text.HAL_SPI_MspInit
                0x0000000008003d7c      0x118 ./Core/Src/spi.o
                0x0000000008003d7c                HAL_SPI_MspInit
 .text.HAL_MspInit
                0x0000000008003e94       0x50 ./Core/Src/stm32f4xx_hal_msp.o
                0x0000000008003e94                HAL_MspInit
 .text.NMI_Handler
                0x0000000008003ee4        0x6 ./Core/Src/stm32f4xx_it.o
                0x0000000008003ee4                NMI_Handler
 .text.HardFault_Handler
                0x0000000008003eea        0x6 ./Core/Src/stm32f4xx_it.o
                0x0000000008003eea                HardFault_Handler
 .text.MemManage_Handler
                0x0000000008003ef0        0x6 ./Core/Src/stm32f4xx_it.o
                0x0000000008003ef0                MemManage_Handler
 .text.BusFault_Handler
                0x0000000008003ef6        0x6 ./Core/Src/stm32f4xx_it.o
                0x0000000008003ef6                BusFault_Handler
 .text.UsageFault_Handler
                0x0000000008003efc        0x6 ./Core/Src/stm32f4xx_it.o
                0x0000000008003efc                UsageFault_Handler
 .text.SVC_Handler
                0x0000000008003f02        0xe ./Core/Src/stm32f4xx_it.o
                0x0000000008003f02                SVC_Handler
 .text.DebugMon_Handler
                0x0000000008003f10        0xe ./Core/Src/stm32f4xx_it.o
                0x0000000008003f10                DebugMon_Handler
 .text.PendSV_Handler
                0x0000000008003f1e        0xe ./Core/Src/stm32f4xx_it.o
                0x0000000008003f1e                PendSV_Handler
 .text.SysTick_Handler
                0x0000000008003f2c        0xc ./Core/Src/stm32f4xx_it.o
                0x0000000008003f2c                SysTick_Handler
 .text.SPI1_IRQHandler
                0x0000000008003f38       0x14 ./Core/Src/stm32f4xx_it.o
                0x0000000008003f38                SPI1_IRQHandler
 .text.EXTI15_10_IRQHandler
                0x0000000008003f4c       0x10 ./Core/Src/stm32f4xx_it.o
                0x0000000008003f4c                EXTI15_10_IRQHandler
 .text.TIM5_IRQHandler
                0x0000000008003f5c       0x14 ./Core/Src/stm32f4xx_it.o
                0x0000000008003f5c                TIM5_IRQHandler
 .text.DMA2_Stream3_IRQHandler
                0x0000000008003f70       0x14 ./Core/Src/stm32f4xx_it.o
                0x0000000008003f70                DMA2_Stream3_IRQHandler
 .text.SystemInit
                0x0000000008003f84       0x24 ./Core/Src/system_stm32f4xx.o
                0x0000000008003f84                SystemInit
 .text.MX_TIM5_Init
                0x0000000008003fa8       0xec ./Core/Src/tim.o
                0x0000000008003fa8                MX_TIM5_Init
 .text.MX_TIM6_Init
                0x0000000008004094       0x6c ./Core/Src/tim.o
                0x0000000008004094                MX_TIM6_Init
 .text.MX_TIM10_Init
                0x0000000008004100       0x9c ./Core/Src/tim.o
                0x0000000008004100                MX_TIM10_Init
 .text.MX_TIM11_Init
                0x000000000800419c       0x9c ./Core/Src/tim.o
                0x000000000800419c                MX_TIM11_Init
 .text.HAL_TIM_Base_MspInit
                0x0000000008004238       0xd4 ./Core/Src/tim.o
                0x0000000008004238                HAL_TIM_Base_MspInit
 .text.HAL_TIM_MspPostInit
                0x000000000800430c      0x114 ./Core/Src/tim.o
                0x000000000800430c                HAL_TIM_MspPostInit
 .text.MX_USART1_UART_Init
                0x0000000008004420       0x54 ./Core/Src/usart.o
                0x0000000008004420                MX_USART1_UART_Init
 .text.MX_USART2_UART_Init
                0x0000000008004474       0x54 ./Core/Src/usart.o
                0x0000000008004474                MX_USART2_UART_Init
 .text.HAL_UART_MspInit
                0x00000000080044c8       0xf8 ./Core/Src/usart.o
                0x00000000080044c8                HAL_UART_MspInit
 .text.Reset_Handler
                0x00000000080045c0       0x50 ./Core/Startup/startup_stm32f405rgtx.o
                0x00000000080045c0                Reset_Handler
 .text.Default_Handler
                0x0000000008004610        0x2 ./Core/Startup/startup_stm32f405rgtx.o
                0x0000000008004610                RTC_Alarm_IRQHandler
                0x0000000008004610                HASH_RNG_IRQHandler
                0x0000000008004610                EXTI2_IRQHandler
                0x0000000008004610                TIM8_CC_IRQHandler
                0x0000000008004610                TIM1_CC_IRQHandler
                0x0000000008004610                DMA2_Stream5_IRQHandler
                0x0000000008004610                DMA1_Stream5_IRQHandler
                0x0000000008004610                PVD_IRQHandler
                0x0000000008004610                SDIO_IRQHandler
                0x0000000008004610                TAMP_STAMP_IRQHandler
                0x0000000008004610                CAN2_RX1_IRQHandler
                0x0000000008004610                EXTI3_IRQHandler
                0x0000000008004610                TIM8_TRG_COM_TIM14_IRQHandler
                0x0000000008004610                TIM1_UP_TIM10_IRQHandler
                0x0000000008004610                TIM8_UP_TIM13_IRQHandler
                0x0000000008004610                I2C3_ER_IRQHandler
                0x0000000008004610                EXTI0_IRQHandler
                0x0000000008004610                I2C2_EV_IRQHandler
                0x0000000008004610                DMA1_Stream2_IRQHandler
                0x0000000008004610                CAN1_RX0_IRQHandler
                0x0000000008004610                FPU_IRQHandler
                0x0000000008004610                OTG_HS_WKUP_IRQHandler
                0x0000000008004610                CAN2_SCE_IRQHandler
                0x0000000008004610                DMA2_Stream2_IRQHandler
                0x0000000008004610                TIM6_DAC_IRQHandler
                0x0000000008004610                TIM1_BRK_TIM9_IRQHandler
                0x0000000008004610                CAN2_RX0_IRQHandler
                0x0000000008004610                USART6_IRQHandler
                0x0000000008004610                USART3_IRQHandler
                0x0000000008004610                CAN1_RX1_IRQHandler
                0x0000000008004610                UART5_IRQHandler
                0x0000000008004610                DMA2_Stream0_IRQHandler
                0x0000000008004610                TIM4_IRQHandler
                0x0000000008004610                I2C1_EV_IRQHandler
                0x0000000008004610                DMA1_Stream6_IRQHandler
                0x0000000008004610                DMA1_Stream1_IRQHandler
                0x0000000008004610                UART4_IRQHandler
                0x0000000008004610                TIM3_IRQHandler
                0x0000000008004610                RCC_IRQHandler
                0x0000000008004610                TIM8_BRK_TIM12_IRQHandler
                0x0000000008004610                Default_Handler
                0x0000000008004610                ADC_IRQHandler
                0x0000000008004610                DMA1_Stream7_IRQHandler
                0x0000000008004610                TIM7_IRQHandler
                0x0000000008004610                CAN2_TX_IRQHandler
                0x0000000008004610                DMA2_Stream7_IRQHandler
                0x0000000008004610                I2C3_EV_IRQHandler
                0x0000000008004610                EXTI9_5_IRQHandler
                0x0000000008004610                RTC_WKUP_IRQHandler
                0x0000000008004610                SPI2_IRQHandler
                0x0000000008004610                OTG_HS_EP1_IN_IRQHandler
                0x0000000008004610                DMA1_Stream0_IRQHandler
                0x0000000008004610                CAN1_TX_IRQHandler
                0x0000000008004610                EXTI4_IRQHandler
                0x0000000008004610                FSMC_IRQHandler
                0x0000000008004610                OTG_HS_EP1_OUT_IRQHandler
                0x0000000008004610                WWDG_IRQHandler
                0x0000000008004610                TIM2_IRQHandler
                0x0000000008004610                OTG_FS_WKUP_IRQHandler
                0x0000000008004610                TIM1_TRG_COM_TIM11_IRQHandler
                0x0000000008004610                OTG_HS_IRQHandler
                0x0000000008004610                EXTI1_IRQHandler
                0x0000000008004610                USART2_IRQHandler
                0x0000000008004610                I2C2_ER_IRQHandler
                0x0000000008004610                DMA2_Stream1_IRQHandler
                0x0000000008004610                CAN1_SCE_IRQHandler
                0x0000000008004610                FLASH_IRQHandler
                0x0000000008004610                DMA2_Stream4_IRQHandler
                0x0000000008004610                USART1_IRQHandler
                0x0000000008004610                OTG_FS_IRQHandler
                0x0000000008004610                SPI3_IRQHandler
                0x0000000008004610                DMA1_Stream4_IRQHandler
                0x0000000008004610                I2C1_ER_IRQHandler
                0x0000000008004610                DMA2_Stream6_IRQHandler
                0x0000000008004610                DMA1_Stream3_IRQHandler
 *fill*         0x0000000008004612        0x2 
 .text.HAL_Init
                0x0000000008004614       0x44 ./Drivers/STM32F4xx_HAL_Driver/Src/stm32f4xx_hal.o
                0x0000000008004614                HAL_Init
 .text.HAL_InitTick
                0x0000000008004658       0x60 ./Drivers/STM32F4xx_HAL_Driver/Src/stm32f4xx_hal.o
                0x0000000008004658                HAL_InitTick
 .text.HAL_IncTick
                0x00000000080046b8       0x28 ./Drivers/STM32F4xx_HAL_Driver/Src/stm32f4xx_hal.o
                0x00000000080046b8                HAL_IncTick
 .text.HAL_GetTick
                0x00000000080046e0       0x18 ./Drivers/STM32F4xx_HAL_Driver/Src/stm32f4xx_hal.o
                0x00000000080046e0                HAL_GetTick
 .text.HAL_Delay
                0x00000000080046f8       0x48 ./Drivers/STM32F4xx_HAL_Driver/Src/stm32f4xx_hal.o
                0x00000000080046f8                HAL_Delay
 .text.HAL_CAN_Init
                0x0000000008004740      0x1f6 ./Drivers/STM32F4xx_HAL_Driver/Src/stm32f4xx_hal_can.o
                0x0000000008004740                HAL_CAN_Init
 *fill*         0x0000000008004936        0x2 
 .text.__NVIC_SetPriorityGrouping
                0x0000000008004938       0x48 ./Drivers/STM32F4xx_HAL_Driver/Src/stm32f4xx_hal_cortex.o
 .text.__NVIC_GetPriorityGrouping
                0x0000000008004980       0x1c ./Drivers/STM32F4xx_HAL_Driver/Src/stm32f4xx_hal_cortex.o
 .text.__NVIC_EnableIRQ
                0x000000000800499c       0x3c ./Drivers/STM32F4xx_HAL_Driver/Src/stm32f4xx_hal_cortex.o
 .text.__NVIC_SetPriority
                0x00000000080049d8       0x54 ./Drivers/STM32F4xx_HAL_Driver/Src/stm32f4xx_hal_cortex.o
 .text.NVIC_EncodePriority
                0x0000000008004a2c       0x66 ./Drivers/STM32F4xx_HAL_Driver/Src/stm32f4xx_hal_cortex.o
 *fill*         0x0000000008004a92        0x2 
 .text.SysTick_Config
                0x0000000008004a94       0x44 ./Drivers/STM32F4xx_HAL_Driver/Src/stm32f4xx_hal_cortex.o
 .text.HAL_NVIC_SetPriorityGrouping
                0x0000000008004ad8       0x16 ./Drivers/STM32F4xx_HAL_Driver/Src/stm32f4xx_hal_cortex.o
                0x0000000008004ad8                HAL_NVIC_SetPriorityGrouping
 .text.HAL_NVIC_SetPriority
                0x0000000008004aee       0x38 ./Drivers/STM32F4xx_HAL_Driver/Src/stm32f4xx_hal_cortex.o
                0x0000000008004aee                HAL_NVIC_SetPriority
 .text.HAL_NVIC_EnableIRQ
                0x0000000008004b26       0x1c ./Drivers/STM32F4xx_HAL_Driver/Src/stm32f4xx_hal_cortex.o
                0x0000000008004b26                HAL_NVIC_EnableIRQ
 .text.HAL_SYSTICK_Config
                0x0000000008004b42       0x18 ./Drivers/STM32F4xx_HAL_Driver/Src/stm32f4xx_hal_cortex.o
                0x0000000008004b42                HAL_SYSTICK_Config
 *fill*         0x0000000008004b5a        0x2 
 .text.HAL_DMA_Init
                0x0000000008004b5c      0x15c ./Drivers/STM32F4xx_HAL_Driver/Src/stm32f4xx_hal_dma.o
                0x0000000008004b5c                HAL_DMA_Init
 .text.HAL_DMA_Start_IT
                0x0000000008004cb8       0xb0 ./Drivers/STM32F4xx_HAL_Driver/Src/stm32f4xx_hal_dma.o
                0x0000000008004cb8                HAL_DMA_Start_IT
 .text.HAL_DMA_Abort_IT
                0x0000000008004d68       0x44 ./Drivers/STM32F4xx_HAL_Driver/Src/stm32f4xx_hal_dma.o
                0x0000000008004d68                HAL_DMA_Abort_IT
 .text.HAL_DMA_IRQHandler
                0x0000000008004dac      0x314 ./Drivers/STM32F4xx_HAL_Driver/Src/stm32f4xx_hal_dma.o
                0x0000000008004dac                HAL_DMA_IRQHandler
 .text.DMA_SetConfig
                0x00000000080050c0       0x5c ./Drivers/STM32F4xx_HAL_Driver/Src/stm32f4xx_hal_dma.o
 .text.DMA_CalcBaseAndBitshift
                0x000000000800511c       0x6c ./Drivers/STM32F4xx_HAL_Driver/Src/stm32f4xx_hal_dma.o
 .text.DMA_CheckFifoParam
                0x0000000008005188       0xf8 ./Drivers/STM32F4xx_HAL_Driver/Src/stm32f4xx_hal_dma.o
 .text.HAL_GPIO_Init
                0x0000000008005280      0x338 ./Drivers/STM32F4xx_HAL_Driver/Src/stm32f4xx_hal_gpio.o
                0x0000000008005280                HAL_GPIO_Init
 .text.HAL_GPIO_ReadPin
                0x00000000080055b8       0x30 ./Drivers/STM32F4xx_HAL_Driver/Src/stm32f4xx_hal_gpio.o
                0x00000000080055b8                HAL_GPIO_ReadPin
 .text.HAL_GPIO_WritePin
                0x00000000080055e8       0x32 ./Drivers/STM32F4xx_HAL_Driver/Src/stm32f4xx_hal_gpio.o
                0x00000000080055e8                HAL_GPIO_WritePin
 *fill*         0x000000000800561a        0x2 
 .text.HAL_GPIO_EXTI_IRQHandler
                0x000000000800561c       0x30 ./Drivers/STM32F4xx_HAL_Driver/Src/stm32f4xx_hal_gpio.o
                0x000000000800561c                HAL_GPIO_EXTI_IRQHandler
 .text.HAL_I2C_Init
                0x000000000800564c      0x288 ./Drivers/STM32F4xx_HAL_Driver/Src/stm32f4xx_hal_i2c.o
                0x000000000800564c                HAL_I2C_Init
 .text.HAL_RCC_OscConfig
                0x00000000080058d4      0x4f0 ./Drivers/STM32F4xx_HAL_Driver/Src/stm32f4xx_hal_rcc.o
                0x00000000080058d4                HAL_RCC_OscConfig
 .text.HAL_RCC_ClockConfig
                0x0000000008005dc4      0x1cc ./Drivers/STM32F4xx_HAL_Driver/Src/stm32f4xx_hal_rcc.o
                0x0000000008005dc4                HAL_RCC_ClockConfig
 .text.HAL_RCC_GetSysClockFreq
                0x0000000008005f90      0x20c ./Drivers/STM32F4xx_HAL_Driver/Src/stm32f4xx_hal_rcc.o
                0x0000000008005f90                HAL_RCC_GetSysClockFreq
 .text.HAL_RCC_GetHCLKFreq
                0x000000000800619c       0x18 ./Drivers/STM32F4xx_HAL_Driver/Src/stm32f4xx_hal_rcc.o
                0x000000000800619c                HAL_RCC_GetHCLKFreq
 .text.HAL_RCC_GetPCLK1Freq
                0x00000000080061b4       0x28 ./Drivers/STM32F4xx_HAL_Driver/Src/stm32f4xx_hal_rcc.o
                0x00000000080061b4                HAL_RCC_GetPCLK1Freq
 .text.HAL_RCC_GetPCLK2Freq
                0x00000000080061dc       0x28 ./Drivers/STM32F4xx_HAL_Driver/Src/stm32f4xx_hal_rcc.o
                0x00000000080061dc                HAL_RCC_GetPCLK2Freq
 .text.HAL_SPI_Init
                0x0000000008006204      0x112 ./Drivers/STM32F4xx_HAL_Driver/Src/stm32f4xx_hal_spi.o
                0x0000000008006204                HAL_SPI_Init
 .text.HAL_SPI_Transmit
                0x0000000008006316      0x278 ./Drivers/STM32F4xx_HAL_Driver/Src/stm32f4xx_hal_spi.o
                0x0000000008006316                HAL_SPI_Transmit
 *fill*         0x000000000800658e        0x2 
 .text.HAL_SPI_Transmit_DMA
                0x0000000008006590      0x16c ./Drivers/STM32F4xx_HAL_Driver/Src/stm32f4xx_hal_spi.o
                0x0000000008006590                HAL_SPI_Transmit_DMA
 .text.HAL_SPI_IRQHandler
                0x00000000080066fc      0x200 ./Drivers/STM32F4xx_HAL_Driver/Src/stm32f4xx_hal_spi.o
                0x00000000080066fc                HAL_SPI_IRQHandler
 .text.HAL_SPI_TxCpltCallback
                0x00000000080068fc       0x14 ./Drivers/STM32F4xx_HAL_Driver/Src/stm32f4xx_hal_spi.o
                0x00000000080068fc                HAL_SPI_TxCpltCallback
 .text.HAL_SPI_TxHalfCpltCallback
                0x0000000008006910       0x14 ./Drivers/STM32F4xx_HAL_Driver/Src/stm32f4xx_hal_spi.o
                0x0000000008006910                HAL_SPI_TxHalfCpltCallback
 .text.HAL_SPI_ErrorCallback
                0x0000000008006924       0x14 ./Drivers/STM32F4xx_HAL_Driver/Src/stm32f4xx_hal_spi.o
                0x0000000008006924                HAL_SPI_ErrorCallback
 .text.HAL_SPI_GetState
                0x0000000008006938       0x1c ./Drivers/STM32F4xx_HAL_Driver/Src/stm32f4xx_hal_spi.o
                0x0000000008006938                HAL_SPI_GetState
 .text.SPI_DMATransmitCplt
                0x0000000008006954       0xa8 ./Drivers/STM32F4xx_HAL_Driver/Src/stm32f4xx_hal_spi.o
 .text.SPI_DMAHalfTransmitCplt
                0x00000000080069fc       0x1c ./Drivers/STM32F4xx_HAL_Driver/Src/stm32f4xx_hal_spi.o
 .text.SPI_DMAError
                0x0000000008006a18       0x40 ./Drivers/STM32F4xx_HAL_Driver/Src/stm32f4xx_hal_spi.o
 .text.SPI_DMAAbortOnError
                0x0000000008006a58       0x28 ./Drivers/STM32F4xx_HAL_Driver/Src/stm32f4xx_hal_spi.o
 .text.SPI_WaitFlagStateUntilTimeout
                0x0000000008006a80      0x110 ./Drivers/STM32F4xx_HAL_Driver/Src/stm32f4xx_hal_spi.o
 .text.SPI_EndRxTxTransaction
                0x0000000008006b90       0x84 ./Drivers/STM32F4xx_HAL_Driver/Src/stm32f4xx_hal_spi.o
 .text.HAL_TIM_Base_Init
                0x0000000008006c14       0x9e ./Drivers/STM32F4xx_HAL_Driver/Src/stm32f4xx_hal_tim.o
                0x0000000008006c14                HAL_TIM_Base_Init
 *fill*         0x0000000008006cb2        0x2 
 .text.HAL_TIM_Base_Start
                0x0000000008006cb4       0xd0 ./Drivers/STM32F4xx_HAL_Driver/Src/stm32f4xx_hal_tim.o
                0x0000000008006cb4                HAL_TIM_Base_Start
 .text.HAL_TIM_PWM_Init
                0x0000000008006d84       0x9e ./Drivers/STM32F4xx_HAL_Driver/Src/stm32f4xx_hal_tim.o
                0x0000000008006d84                HAL_TIM_PWM_Init
 .text.HAL_TIM_PWM_MspInit
                0x0000000008006e22       0x14 ./Drivers/STM32F4xx_HAL_Driver/Src/stm32f4xx_hal_tim.o
                0x0000000008006e22                HAL_TIM_PWM_MspInit
 .text.HAL_TIM_IRQHandler
                0x0000000008006e36      0x210 ./Drivers/STM32F4xx_HAL_Driver/Src/stm32f4xx_hal_tim.o
                0x0000000008006e36                HAL_TIM_IRQHandler
 *fill*         0x0000000008007046        0x2 
 .text.HAL_TIM_PWM_ConfigChannel
                0x0000000008007048      0x184 ./Drivers/STM32F4xx_HAL_Driver/Src/stm32f4xx_hal_tim.o
                0x0000000008007048                HAL_TIM_PWM_ConfigChannel
 .text.HAL_TIM_ConfigClockSource
                0x00000000080071cc      0x18e ./Drivers/STM32F4xx_HAL_Driver/Src/stm32f4xx_hal_tim.o
                0x00000000080071cc                HAL_TIM_ConfigClockSource
 .text.HAL_TIM_PeriodElapsedCallback
                0x000000000800735a       0x14 ./Drivers/STM32F4xx_HAL_Driver/Src/stm32f4xx_hal_tim.o
                0x000000000800735a                HAL_TIM_PeriodElapsedCallback
 .text.HAL_TIM_OC_DelayElapsedCallback
                0x000000000800736e       0x14 ./Drivers/STM32F4xx_HAL_Driver/Src/stm32f4xx_hal_tim.o
                0x000000000800736e                HAL_TIM_OC_DelayElapsedCallback
 .text.HAL_TIM_IC_CaptureCallback
                0x0000000008007382       0x14 ./Drivers/STM32F4xx_HAL_Driver/Src/stm32f4xx_hal_tim.o
                0x0000000008007382                HAL_TIM_IC_CaptureCallback
 .text.HAL_TIM_PWM_PulseFinishedCallback
                0x0000000008007396       0x14 ./Drivers/STM32F4xx_HAL_Driver/Src/stm32f4xx_hal_tim.o
                0x0000000008007396                HAL_TIM_PWM_PulseFinishedCallback
 .text.HAL_TIM_TriggerCallback
                0x00000000080073aa       0x14 ./Drivers/STM32F4xx_HAL_Driver/Src/stm32f4xx_hal_tim.o
                0x00000000080073aa                HAL_TIM_TriggerCallback
 *fill*         0x00000000080073be        0x2 
 .text.TIM_Base_SetConfig
                0x00000000080073c0      0x140 ./Drivers/STM32F4xx_HAL_Driver/Src/stm32f4xx_hal_tim.o
                0x00000000080073c0                TIM_Base_SetConfig
 .text.TIM_OC1_SetConfig
                0x0000000008007500       0xe0 ./Drivers/STM32F4xx_HAL_Driver/Src/stm32f4xx_hal_tim.o
 .text.TIM_OC2_SetConfig
                0x00000000080075e0       0xec ./Drivers/STM32F4xx_HAL_Driver/Src/stm32f4xx_hal_tim.o
                0x00000000080075e0                TIM_OC2_SetConfig
 .text.TIM_OC3_SetConfig
                0x00000000080076cc       0xe8 ./Drivers/STM32F4xx_HAL_Driver/Src/stm32f4xx_hal_tim.o
 .text.TIM_OC4_SetConfig
                0x00000000080077b4       0xac ./Drivers/STM32F4xx_HAL_Driver/Src/stm32f4xx_hal_tim.o
 .text.TIM_TI1_ConfigInputStage
                0x0000000008007860       0x5e ./Drivers/STM32F4xx_HAL_Driver/Src/stm32f4xx_hal_tim.o
 .text.TIM_TI2_ConfigInputStage
                0x00000000080078be       0x60 ./Drivers/STM32F4xx_HAL_Driver/Src/stm32f4xx_hal_tim.o
 .text.TIM_ITRx_SetConfig
                0x000000000800791e       0x36 ./Drivers/STM32F4xx_HAL_Driver/Src/stm32f4xx_hal_tim.o
 .text.TIM_ETR_SetConfig
                0x0000000008007954       0x40 ./Drivers/STM32F4xx_HAL_Driver/Src/stm32f4xx_hal_tim.o
                0x0000000008007954                TIM_ETR_SetConfig
 .text.HAL_TIMEx_MasterConfigSynchronization
                0x0000000008007994       0xf8 ./Drivers/STM32F4xx_HAL_Driver/Src/stm32f4xx_hal_tim_ex.o
                0x0000000008007994                HAL_TIMEx_MasterConfigSynchronization
 .text.HAL_TIMEx_CommutCallback
                0x0000000008007a8c       0x14 ./Drivers/STM32F4xx_HAL_Driver/Src/stm32f4xx_hal_tim_ex.o
                0x0000000008007a8c                HAL_TIMEx_CommutCallback
 .text.HAL_TIMEx_BreakCallback
                0x0000000008007aa0       0x14 ./Drivers/STM32F4xx_HAL_Driver/Src/stm32f4xx_hal_tim_ex.o
                0x0000000008007aa0                HAL_TIMEx_BreakCallback
 .text.HAL_UART_Init
                0x0000000008007ab4       0x9a ./Drivers/STM32F4xx_HAL_Driver/Src/stm32f4xx_hal_uart.o
                0x0000000008007ab4                HAL_UART_Init
 *fill*         0x0000000008007b4e        0x2 
 .text.UART_SetConfig
                0x0000000008007b50      0x4e8 ./Drivers/STM32F4xx_HAL_Driver/Src/stm32f4xx_hal_uart.o
 .text.__errno  0x0000000008008038        0xc c:/st/stm32cubeide_1.10.1/stm32cubeide/plugins/com.st.stm32cube.ide.mcu.externaltools.gnu-tools-for-stm32.10.3-2021.10.win32_1.0.0.202111181127/tools/bin/../lib/gcc/arm-none-eabi/10.3.1/../../../../arm-none-eabi/lib/thumb/v7e-m+fp/hard\libc_nano.a(lib_a-errno.o)
                0x0000000008008038                __errno
 .text.__libc_init_array
                0x0000000008008044       0x48 c:/st/stm32cubeide_1.10.1/stm32cubeide/plugins/com.st.stm32cube.ide.mcu.externaltools.gnu-tools-for-stm32.10.3-2021.10.win32_1.0.0.202111181127/tools/bin/../lib/gcc/arm-none-eabi/10.3.1/../../../../arm-none-eabi/lib/thumb/v7e-m+fp/hard\libc_nano.a(lib_a-init.o)
                0x0000000008008044                __libc_init_array
 .text.memset   0x000000000800808c       0x10 c:/st/stm32cubeide_1.10.1/stm32cubeide/plugins/com.st.stm32cube.ide.mcu.externaltools.gnu-tools-for-stm32.10.3-2021.10.win32_1.0.0.202111181127/tools/bin/../lib/gcc/arm-none-eabi/10.3.1/../../../../arm-none-eabi/lib/thumb/v7e-m+fp/hard\libc_nano.a(lib_a-memset.o)
                0x000000000800808c                memset
 .text.pow      0x000000000800809c       0xe0 c:/st/stm32cubeide_1.10.1/stm32cubeide/plugins/com.st.stm32cube.ide.mcu.externaltools.gnu-tools-for-stm32.10.3-2021.10.win32_1.0.0.202111181127/tools/bin/../lib/gcc/arm-none-eabi/10.3.1/../../../../arm-none-eabi/lib/thumb/v7e-m+fp/hard\libm.a(lib_a-w_pow.o)
                0x000000000800809c                pow
 .text.sqrt     0x000000000800817c       0x58 c:/st/stm32cubeide_1.10.1/stm32cubeide/plugins/com.st.stm32cube.ide.mcu.externaltools.gnu-tools-for-stm32.10.3-2021.10.win32_1.0.0.202111181127/tools/bin/../lib/gcc/arm-none-eabi/10.3.1/../../../../arm-none-eabi/lib/thumb/v7e-m+fp/hard\libm.a(lib_a-w_sqrt.o)
                0x000000000800817c                sqrt
 *fill*         0x00000000080081d4        0x4 
 .text.__ieee754_pow
                0x00000000080081d8      0xa5c c:/st/stm32cubeide_1.10.1/stm32cubeide/plugins/com.st.stm32cube.ide.mcu.externaltools.gnu-tools-for-stm32.10.3-2021.10.win32_1.0.0.202111181127/tools/bin/../lib/gcc/arm-none-eabi/10.3.1/../../../../arm-none-eabi/lib/thumb/v7e-m+fp/hard\libm.a(lib_a-e_pow.o)
                0x00000000080081d8                __ieee754_pow
 .text.__ieee754_sqrt
                0x0000000008008c34      0x164 c:/st/stm32cubeide_1.10.1/stm32cubeide/plugins/com.st.stm32cube.ide.mcu.externaltools.gnu-tools-for-stm32.10.3-2021.10.win32_1.0.0.202111181127/tools/bin/../lib/gcc/arm-none-eabi/10.3.1/../../../../arm-none-eabi/lib/thumb/v7e-m+fp/hard\libm.a(lib_a-e_sqrt.o)
                0x0000000008008c34                __ieee754_sqrt
 .text.with_errno
                0x0000000008008d98       0x14 c:/st/stm32cubeide_1.10.1/stm32cubeide/plugins/com.st.stm32cube.ide.mcu.externaltools.gnu-tools-for-stm32.10.3-2021.10.win32_1.0.0.202111181127/tools/bin/../lib/gcc/arm-none-eabi/10.3.1/../../../../arm-none-eabi/lib/thumb/v7e-m+fp/hard\libm.a(lib_a-math_err.o)
 .text.xflow    0x0000000008008dac       0x28 c:/st/stm32cubeide_1.10.1/stm32cubeide/plugins/com.st.stm32cube.ide.mcu.externaltools.gnu-tools-for-stm32.10.3-2021.10.win32_1.0.0.202111181127/tools/bin/../lib/gcc/arm-none-eabi/10.3.1/../../../../arm-none-eabi/lib/thumb/v7e-m+fp/hard\libm.a(lib_a-math_err.o)
 .text.__math_uflow
                0x0000000008008dd4       0x12 c:/st/stm32cubeide_1.10.1/stm32cubeide/plugins/com.st.stm32cube.ide.mcu.externaltools.gnu-tools-for-stm32.10.3-2021.10.win32_1.0.0.202111181127/tools/bin/../lib/gcc/arm-none-eabi/10.3.1/../../../../arm-none-eabi/lib/thumb/v7e-m+fp/hard\libm.a(lib_a-math_err.o)
                0x0000000008008dd4                __math_uflow
 .text.__math_oflow
                0x0000000008008de6       0x12 c:/st/stm32cubeide_1.10.1/stm32cubeide/plugins/com.st.stm32cube.ide.mcu.externaltools.gnu-tools-for-stm32.10.3-2021.10.win32_1.0.0.202111181127/tools/bin/../lib/gcc/arm-none-eabi/10.3.1/../../../../arm-none-eabi/lib/thumb/v7e-m+fp/hard\libm.a(lib_a-math_err.o)
                0x0000000008008de6                __math_oflow
 .text.fabs     0x0000000008008df8       0x12 c:/st/stm32cubeide_1.10.1/stm32cubeide/plugins/com.st.stm32cube.ide.mcu.externaltools.gnu-tools-for-stm32.10.3-2021.10.win32_1.0.0.202111181127/tools/bin/../lib/gcc/arm-none-eabi/10.3.1/../../../../arm-none-eabi/lib/thumb/v7e-m+fp/hard\libm.a(lib_a-s_fabs.o)
                0x0000000008008df8                fabs
 .text.finite   0x0000000008008e0a       0x16 c:/st/stm32cubeide_1.10.1/stm32cubeide/plugins/com.st.stm32cube.ide.mcu.externaltools.gnu-tools-for-stm32.10.3-2021.10.win32_1.0.0.202111181127/tools/bin/../lib/gcc/arm-none-eabi/10.3.1/../../../../arm-none-eabi/lib/thumb/v7e-m+fp/hard\libm.a(lib_a-s_finite.o)
                0x0000000008008e0a                finite
 .text.scalbn   0x0000000008008e20      0x10c c:/st/stm32cubeide_1.10.1/stm32cubeide/plugins/com.st.stm32cube.ide.mcu.externaltools.gnu-tools-for-stm32.10.3-2021.10.win32_1.0.0.202111181127/tools/bin/../lib/gcc/arm-none-eabi/10.3.1/../../../../arm-none-eabi/lib/thumb/v7e-m+fp/hard\libm.a(lib_a-s_scalbn.o)
                0x0000000008008e20                scalbn
 *(.glue_7)
 .glue_7        0x0000000008008f2c        0x0 linker stubs
 *(.glue_7t)
 .glue_7t       0x0000000008008f2c        0x0 linker stubs
 *(.eh_frame)
 .eh_frame      0x0000000008008f2c        0x0 c:/st/stm32cubeide_1.10.1/stm32cubeide/plugins/com.st.stm32cube.ide.mcu.externaltools.gnu-tools-for-stm32.10.3-2021.10.win32_1.0.0.202111181127/tools/bin/../lib/gcc/arm-none-eabi/10.3.1/thumb/v7e-m+fp/hard/crtbegin.o
 *(.init)
 .init          0x0000000008008f2c        0x4 c:/st/stm32cubeide_1.10.1/stm32cubeide/plugins/com.st.stm32cube.ide.mcu.externaltools.gnu-tools-for-stm32.10.3-2021.10.win32_1.0.0.202111181127/tools/bin/../lib/gcc/arm-none-eabi/10.3.1/thumb/v7e-m+fp/hard/crti.o
                0x0000000008008f2c                _init
 .init          0x0000000008008f30        0x8 c:/st/stm32cubeide_1.10.1/stm32cubeide/plugins/com.st.stm32cube.ide.mcu.externaltools.gnu-tools-for-stm32.10.3-2021.10.win32_1.0.0.202111181127/tools/bin/../lib/gcc/arm-none-eabi/10.3.1/thumb/v7e-m+fp/hard/crtn.o
 *(.fini)
 .fini          0x0000000008008f38        0x4 c:/st/stm32cubeide_1.10.1/stm32cubeide/plugins/com.st.stm32cube.ide.mcu.externaltools.gnu-tools-for-stm32.10.3-2021.10.win32_1.0.0.202111181127/tools/bin/../lib/gcc/arm-none-eabi/10.3.1/thumb/v7e-m+fp/hard/crti.o
                0x0000000008008f38                _fini
 .fini          0x0000000008008f3c        0x8 c:/st/stm32cubeide_1.10.1/stm32cubeide/plugins/com.st.stm32cube.ide.mcu.externaltools.gnu-tools-for-stm32.10.3-2021.10.win32_1.0.0.202111181127/tools/bin/../lib/gcc/arm-none-eabi/10.3.1/thumb/v7e-m+fp/hard/crtn.o
                0x0000000008008f44                . = ALIGN (0x4)
                0x0000000008008f44                _etext = .

.vfp11_veneer   0x0000000008008f44        0x0
 .vfp11_veneer  0x0000000008008f44        0x0 linker stubs

.v4_bx          0x0000000008008f44        0x0
 .v4_bx         0x0000000008008f44        0x0 linker stubs

.iplt           0x0000000008008f44        0x0
 .iplt          0x0000000008008f44        0x0 c:/st/stm32cubeide_1.10.1/stm32cubeide/plugins/com.st.stm32cube.ide.mcu.externaltools.gnu-tools-for-stm32.10.3-2021.10.win32_1.0.0.202111181127/tools/bin/../lib/gcc/arm-none-eabi/10.3.1/thumb/v7e-m+fp/hard/crtbegin.o

.rodata         0x0000000008008f48      0xf48
                0x0000000008008f48                . = ALIGN (0x4)
 *(.rodata)
 .rodata        0x0000000008008f48        0x7 ./Core/Src/lcd.o
 *fill*         0x0000000008008f4f        0x1 
 .rodata        0x0000000008008f50       0x53 ./Core/Src/main.o
 *(.rodata*)
 *fill*         0x0000000008008fa3        0x1 
 .rodata.cam_sizes
                0x0000000008008fa4       0x20 ./Core/Src/camera.o
 .rodata.ascii_8x16
                0x0000000008008fc4      0xdff ./Core/Src/lcd.o
 *fill*         0x0000000008009dc3        0x1 
 .rodata.tft_init_code
                0x0000000008009dc4       0x71 ./Core/Src/lcd.o
                0x0000000008009dc4                tft_init_code
 *fill*         0x0000000008009e35        0x3 
 .rodata.tft_orientation_init_code
                0x0000000008009e38        0x4 ./Core/Src/lcd.o
                0x0000000008009e38                tft_orientation_init_code
 .rodata.AHBPrescTable
                0x0000000008009e3c       0x10 ./Core/Src/system_stm32f4xx.o
                0x0000000008009e3c                AHBPrescTable
 .rodata.APBPrescTable
                0x0000000008009e4c        0x8 ./Core/Src/system_stm32f4xx.o
                0x0000000008009e4c                APBPrescTable
 .rodata.flagBitshiftOffset.0
                0x0000000008009e54        0x8 ./Drivers/STM32F4xx_HAL_Driver/Src/stm32f4xx_hal_dma.o
 *fill*         0x0000000008009e5c        0x4 
 .rodata.bp     0x0000000008009e60       0x10 c:/st/stm32cubeide_1.10.1/stm32cubeide/plugins/com.st.stm32cube.ide.mcu.externaltools.gnu-tools-for-stm32.10.3-2021.10.win32_1.0.0.202111181127/tools/bin/../lib/gcc/arm-none-eabi/10.3.1/../../../../arm-none-eabi/lib/thumb/v7e-m+fp/hard\libm.a(lib_a-e_pow.o)
 .rodata.dp_h   0x0000000008009e70       0x10 c:/st/stm32cubeide_1.10.1/stm32cubeide/plugins/com.st.stm32cube.ide.mcu.externaltools.gnu-tools-for-stm32.10.3-2021.10.win32_1.0.0.202111181127/tools/bin/../lib/gcc/arm-none-eabi/10.3.1/../../../../arm-none-eabi/lib/thumb/v7e-m+fp/hard\libm.a(lib_a-e_pow.o)
 .rodata.dp_l   0x0000000008009e80       0x10 c:/st/stm32cubeide_1.10.1/stm32cubeide/plugins/com.st.stm32cube.ide.mcu.externaltools.gnu-tools-for-stm32.10.3-2021.10.win32_1.0.0.202111181127/tools/bin/../lib/gcc/arm-none-eabi/10.3.1/../../../../arm-none-eabi/lib/thumb/v7e-m+fp/hard\libm.a(lib_a-e_pow.o)
                0x0000000008009e90                . = ALIGN (0x4)

.ARM.extab      0x0000000008009e90        0x0
                0x0000000008009e90                . = ALIGN (0x4)
 *(.ARM.extab* .gnu.linkonce.armextab.*)
                0x0000000008009e90                . = ALIGN (0x4)

.ARM            0x0000000008009e90        0x8
                0x0000000008009e90                . = ALIGN (0x4)
                0x0000000008009e90                __exidx_start = .
 *(.ARM.exidx*)
 .ARM.exidx     0x0000000008009e90        0x8 c:/st/stm32cubeide_1.10.1/stm32cubeide/plugins/com.st.stm32cube.ide.mcu.externaltools.gnu-tools-for-stm32.10.3-2021.10.win32_1.0.0.202111181127/tools/bin/../lib/gcc/arm-none-eabi/10.3.1/thumb/v7e-m+fp/hard\libgcc.a(_udivmoddi4.o)
                0x0000000008009e98                __exidx_end = .
                0x0000000008009e98                . = ALIGN (0x4)

.rel.dyn        0x0000000008009e98        0x0
 .rel.iplt      0x0000000008009e98        0x0 c:/st/stm32cubeide_1.10.1/stm32cubeide/plugins/com.st.stm32cube.ide.mcu.externaltools.gnu-tools-for-stm32.10.3-2021.10.win32_1.0.0.202111181127/tools/bin/../lib/gcc/arm-none-eabi/10.3.1/thumb/v7e-m+fp/hard/crtbegin.o

.preinit_array  0x0000000008009e98        0x0
                0x0000000008009e98                . = ALIGN (0x4)
                0x0000000008009e98                PROVIDE (__preinit_array_start = .)
 *(.preinit_array*)
                0x0000000008009e98                PROVIDE (__preinit_array_end = .)
                0x0000000008009e98                . = ALIGN (0x4)

.init_array     0x0000000008009e98        0x4
                0x0000000008009e98                . = ALIGN (0x4)
                0x0000000008009e98                PROVIDE (__init_array_start = .)
 *(SORT_BY_NAME(.init_array.*))
 *(.init_array*)
 .init_array    0x0000000008009e98        0x4 c:/st/stm32cubeide_1.10.1/stm32cubeide/plugins/com.st.stm32cube.ide.mcu.externaltools.gnu-tools-for-stm32.10.3-2021.10.win32_1.0.0.202111181127/tools/bin/../lib/gcc/arm-none-eabi/10.3.1/thumb/v7e-m+fp/hard/crtbegin.o
                0x0000000008009e9c                PROVIDE (__init_array_end = .)
                0x0000000008009e9c                . = ALIGN (0x4)

.fini_array     0x0000000008009e9c        0x4
                0x0000000008009e9c                . = ALIGN (0x4)
                [!provide]                        PROVIDE (__fini_array_start = .)
 *(SORT_BY_NAME(.fini_array.*))
 *(.fini_array*)
 .fini_array    0x0000000008009e9c        0x4 c:/st/stm32cubeide_1.10.1/stm32cubeide/plugins/com.st.stm32cube.ide.mcu.externaltools.gnu-tools-for-stm32.10.3-2021.10.win32_1.0.0.202111181127/tools/bin/../lib/gcc/arm-none-eabi/10.3.1/thumb/v7e-m+fp/hard/crtbegin.o
                [!provide]                        PROVIDE (__fini_array_end = .)
                0x0000000008009ea0                . = ALIGN (0x4)
                0x0000000008009ea0                _sidata = LOADADDR (.data)

.data           0x0000000020000000      0x110 load address 0x0000000008009ea0
                0x0000000020000000                . = ALIGN (0x4)
                0x0000000020000000                _sdata = .
 *(.data)
 *(.data*)
 .data.init_config
                0x0000000020000000       0x9a ./Core/Src/camera.o
 .data.cam_colormode
                0x000000002000009a        0x1 ./Core/Src/camera.o
 .data.cam_framesize
                0x000000002000009b        0x1 ./Core/Src/camera.o
 .data.tft_screens
                0x000000002000009c        0x4 ./Core/Src/lcd.o
                0x000000002000009c                tft_screens
 .data.SystemCoreClock
                0x00000000200000a0        0x4 ./Core/Src/system_stm32f4xx.o
                0x00000000200000a0                SystemCoreClock
 .data.uwTickPrio
                0x00000000200000a4        0x4 ./Drivers/STM32F4xx_HAL_Driver/Src/stm32f4xx_hal.o
                0x00000000200000a4                uwTickPrio
 .data.uwTickFreq
                0x00000000200000a8        0x1 ./Drivers/STM32F4xx_HAL_Driver/Src/stm32f4xx_hal.o
                0x00000000200000a8                uwTickFreq
 *fill*         0x00000000200000a9        0x3 
 .data._impure_ptr
                0x00000000200000ac        0x4 c:/st/stm32cubeide_1.10.1/stm32cubeide/plugins/com.st.stm32cube.ide.mcu.externaltools.gnu-tools-for-stm32.10.3-2021.10.win32_1.0.0.202111181127/tools/bin/../lib/gcc/arm-none-eabi/10.3.1/../../../../arm-none-eabi/lib/thumb/v7e-m+fp/hard\libc_nano.a(lib_a-impure.o)
                0x00000000200000ac                _impure_ptr
 .data.impure_data
                0x00000000200000b0       0x60 c:/st/stm32cubeide_1.10.1/stm32cubeide/plugins/com.st.stm32cube.ide.mcu.externaltools.gnu-tools-for-stm32.10.3-2021.10.win32_1.0.0.202111181127/tools/bin/../lib/gcc/arm-none-eabi/10.3.1/../../../../arm-none-eabi/lib/thumb/v7e-m+fp/hard\libc_nano.a(lib_a-impure.o)
 *(.RamFunc)
 *(.RamFunc*)
                0x0000000020000110                . = ALIGN (0x4)
                0x0000000020000110                _edata = .
                0x0000000008009fb0                _siccmram = LOADADDR (.ccmram)

.igot.plt       0x0000000020000110        0x0 load address 0x0000000008009fb0
 .igot.plt      0x0000000020000110        0x0 c:/st/stm32cubeide_1.10.1/stm32cubeide/plugins/com.st.stm32cube.ide.mcu.externaltools.gnu-tools-for-stm32.10.3-2021.10.win32_1.0.0.202111181127/tools/bin/../lib/gcc/arm-none-eabi/10.3.1/thumb/v7e-m+fp/hard/crtbegin.o

.ccmram         0x0000000010000000        0x0 load address 0x0000000008009fb0
                0x0000000010000000                . = ALIGN (0x4)
                0x0000000010000000                _sccmram = .
 *(.ccmram)
 *(.ccmram*)
                0x0000000010000000                . = ALIGN (0x4)
                0x0000000010000000                _eccmram = .
                0x0000000010000000                . = ALIGN (0x4)

.bss            0x0000000020000110     0x5984
                0x0000000020000110                _sbss = .
                0x0000000020000110                __bss_start__ = _sbss
 *(.bss)
 .bss           0x0000000020000110       0x1c c:/st/stm32cubeide_1.10.1/stm32cubeide/plugins/com.st.stm32cube.ide.mcu.externaltools.gnu-tools-for-stm32.10.3-2021.10.win32_1.0.0.202111181127/tools/bin/../lib/gcc/arm-none-eabi/10.3.1/thumb/v7e-m+fp/hard/crtbegin.o
 *(.bss*)
 .bss.cam_state
                0x000000002000012c        0x1 ./Core/Src/camera.o
                0x000000002000012c                cam_state
 *fill*         0x000000002000012d        0x3 
 .bss.hcan1     0x0000000020000130       0x28 ./Core/Src/can.o
                0x0000000020000130                hcan1
 .bss.hcan2     0x0000000020000158       0x28 ./Core/Src/can.o
                0x0000000020000158                hcan2
 .bss.HAL_RCC_CAN1_CLK_ENABLED
                0x0000000020000180        0x4 ./Core/Src/can.o
 .bss.hi2c2     0x0000000020000184       0x54 ./Core/Src/i2c.o
                0x0000000020000184                hi2c2
 .bss.curr_bg_color
                0x00000000200001d8        0x2 ./Core/Src/lcd.o
                0x00000000200001d8                curr_bg_color
 .bss.curr_highlight_color
                0x00000000200001da        0x2 ./Core/Src/lcd.o
                0x00000000200001da                curr_highlight_color
 .bss.curr_text_color
                0x00000000200001dc        0x2 ./Core/Src/lcd.o
                0x00000000200001dc                curr_text_color
 .bss.curr_text_color_sp
                0x00000000200001de        0x2 ./Core/Src/lcd.o
                0x00000000200001de                curr_text_color_sp
 .bss.tft_orientation
                0x00000000200001e0        0x1 ./Core/Src/lcd.o
                0x00000000200001e0                tft_orientation
 .bss.char_max_x
                0x00000000200001e1        0x1 ./Core/Src/lcd.o
                0x00000000200001e1                char_max_x
 .bss.char_max_y
                0x00000000200001e2        0x1 ./Core/Src/lcd.o
                0x00000000200001e2                char_max_y
 *fill*         0x00000000200001e3        0x1 
 .bss.default_tft_screens
                0x00000000200001e4      0x642 ./Core/Src/lcd.o
                0x00000000200001e4                default_tft_screens
 .bss.col_shift
                0x0000000020000826        0x1 ./Core/Src/lcd.o
 .bss.row_shift
                0x0000000020000827        0x1 ./Core/Src/lcd.o
 .bss.buf_ptr   0x0000000020000828        0x1 ./Core/Src/lcd.o
                0x0000000020000828                buf_ptr
 *fill*         0x0000000020000829        0x3 
 .bss.tft_dma_bufs
                0x000000002000082c     0x5000 ./Core/Src/lcd.o
 .bss.last_update.5
                0x000000002000582c        0x4 ./Core/Src/lcd.o
 .bss.hspi1     0x0000000020005830       0x58 ./Core/Src/spi.o
                0x0000000020005830                hspi1
 .bss.hdma_spi1_tx
                0x0000000020005888       0x60 ./Core/Src/spi.o
                0x0000000020005888                hdma_spi1_tx
 .bss.htim5     0x00000000200058e8       0x48 ./Core/Src/tim.o
                0x00000000200058e8                htim5
 .bss.htim6     0x0000000020005930       0x48 ./Core/Src/tim.o
                0x0000000020005930                htim6
 .bss.htim10    0x0000000020005978       0x48 ./Core/Src/tim.o
                0x0000000020005978                htim10
 .bss.htim11    0x00000000200059c0       0x48 ./Core/Src/tim.o
                0x00000000200059c0                htim11
 .bss.huart1    0x0000000020005a08       0x44 ./Core/Src/usart.o
                0x0000000020005a08                huart1
 .bss.huart2    0x0000000020005a4c       0x44 ./Core/Src/usart.o
                0x0000000020005a4c                huart2
 .bss.uwTick    0x0000000020005a90        0x4 ./Drivers/STM32F4xx_HAL_Driver/Src/stm32f4xx_hal.o
                0x0000000020005a90                uwTick
 *(COMMON)
                0x0000000020005a94                . = ALIGN (0x4)
                0x0000000020005a94                _ebss = .
                0x0000000020005a94                __bss_end__ = _ebss

._user_heap_stack
                0x0000000020005a94      0x604
                0x0000000020005a98                . = ALIGN (0x8)
 *fill*         0x0000000020005a94        0x4 
                [!provide]                        PROVIDE (end = .)
                0x0000000020005a98                PROVIDE (_end = .)
                0x0000000020005c98                . = (. + _Min_Heap_Size)
 *fill*         0x0000000020005a98      0x200 
                0x0000000020006098                . = (. + _Min_Stack_Size)
 *fill*         0x0000000020005c98      0x400 
                0x0000000020006098                . = ALIGN (0x8)

/DISCARD/
 libc.a(*)
 libm.a(*)
 libgcc.a(*)

.ARM.attributes
                0x0000000000000000       0x30
 *(.ARM.attributes)
 .ARM.attributes
                0x0000000000000000       0x1e c:/st/stm32cubeide_1.10.1/stm32cubeide/plugins/com.st.stm32cube.ide.mcu.externaltools.gnu-tools-for-stm32.10.3-2021.10.win32_1.0.0.202111181127/tools/bin/../lib/gcc/arm-none-eabi/10.3.1/thumb/v7e-m+fp/hard/crti.o
 .ARM.attributes
                0x000000000000001e       0x34 c:/st/stm32cubeide_1.10.1/stm32cubeide/plugins/com.st.stm32cube.ide.mcu.externaltools.gnu-tools-for-stm32.10.3-2021.10.win32_1.0.0.202111181127/tools/bin/../lib/gcc/arm-none-eabi/10.3.1/thumb/v7e-m+fp/hard/crtbegin.o
 .ARM.attributes
                0x0000000000000052       0x34 ./Core/Src/camera.o
 .ARM.attributes
                0x0000000000000086       0x34 ./Core/Src/can.o
 .ARM.attributes
                0x00000000000000ba       0x34 ./Core/Src/dma.o
 .ARM.attributes
                0x00000000000000ee       0x34 ./Core/Src/gpio.o
 .ARM.attributes
                0x0000000000000122       0x34 ./Core/Src/i2c.o
 .ARM.attributes
                0x0000000000000156       0x34 ./Core/Src/lcd.o
 .ARM.attributes
                0x000000000000018a       0x34 ./Core/Src/main.o
 .ARM.attributes
                0x00000000000001be       0x34 ./Core/Src/sccb.o
 .ARM.attributes
                0x00000000000001f2       0x34 ./Core/Src/spi.o
 .ARM.attributes
                0x0000000000000226       0x34 ./Core/Src/stm32f4xx_hal_msp.o
 .ARM.attributes
                0x000000000000025a       0x34 ./Core/Src/stm32f4xx_it.o
 .ARM.attributes
                0x000000000000028e       0x34 ./Core/Src/system_stm32f4xx.o
 .ARM.attributes
                0x00000000000002c2       0x34 ./Core/Src/tim.o
 .ARM.attributes
                0x00000000000002f6       0x34 ./Core/Src/usart.o
 .ARM.attributes
                0x000000000000032a       0x21 ./Core/Startup/startup_stm32f405rgtx.o
 .ARM.attributes
                0x000000000000034b       0x34 ./Drivers/STM32F4xx_HAL_Driver/Src/stm32f4xx_hal.o
 .ARM.attributes
                0x000000000000037f       0x34 ./Drivers/STM32F4xx_HAL_Driver/Src/stm32f4xx_hal_can.o
 .ARM.attributes
                0x00000000000003b3       0x34 ./Drivers/STM32F4xx_HAL_Driver/Src/stm32f4xx_hal_cortex.o
 .ARM.attributes
                0x00000000000003e7       0x34 ./Drivers/STM32F4xx_HAL_Driver/Src/stm32f4xx_hal_dma.o
 .ARM.attributes
                0x000000000000041b       0x34 ./Drivers/STM32F4xx_HAL_Driver/Src/stm32f4xx_hal_gpio.o
 .ARM.attributes
                0x000000000000044f       0x34 ./Drivers/STM32F4xx_HAL_Driver/Src/stm32f4xx_hal_i2c.o
 .ARM.attributes
                0x0000000000000483       0x34 ./Drivers/STM32F4xx_HAL_Driver/Src/stm32f4xx_hal_rcc.o
 .ARM.attributes
                0x00000000000004b7       0x34 ./Drivers/STM32F4xx_HAL_Driver/Src/stm32f4xx_hal_spi.o
 .ARM.attributes
                0x00000000000004eb       0x34 ./Drivers/STM32F4xx_HAL_Driver/Src/stm32f4xx_hal_tim.o
 .ARM.attributes
                0x000000000000051f       0x34 ./Drivers/STM32F4xx_HAL_Driver/Src/stm32f4xx_hal_tim_ex.o
 .ARM.attributes
                0x0000000000000553       0x34 ./Drivers/STM32F4xx_HAL_Driver/Src/stm32f4xx_hal_uart.o
 .ARM.attributes
                0x0000000000000587       0x34 c:/st/stm32cubeide_1.10.1/stm32cubeide/plugins/com.st.stm32cube.ide.mcu.externaltools.gnu-tools-for-stm32.10.3-2021.10.win32_1.0.0.202111181127/tools/bin/../lib/gcc/arm-none-eabi/10.3.1/../../../../arm-none-eabi/lib/thumb/v7e-m+fp/hard\libc_nano.a(lib_a-errno.o)
 .ARM.attributes
                0x00000000000005bb       0x34 c:/st/stm32cubeide_1.10.1/stm32cubeide/plugins/com.st.stm32cube.ide.mcu.externaltools.gnu-tools-for-stm32.10.3-2021.10.win32_1.0.0.202111181127/tools/bin/../lib/gcc/arm-none-eabi/10.3.1/../../../../arm-none-eabi/lib/thumb/v7e-m+fp/hard\libc_nano.a(lib_a-impure.o)
 .ARM.attributes
                0x00000000000005ef       0x34 c:/st/stm32cubeide_1.10.1/stm32cubeide/plugins/com.st.stm32cube.ide.mcu.externaltools.gnu-tools-for-stm32.10.3-2021.10.win32_1.0.0.202111181127/tools/bin/../lib/gcc/arm-none-eabi/10.3.1/../../../../arm-none-eabi/lib/thumb/v7e-m+fp/hard\libc_nano.a(lib_a-init.o)
 .ARM.attributes
                0x0000000000000623       0x34 c:/st/stm32cubeide_1.10.1/stm32cubeide/plugins/com.st.stm32cube.ide.mcu.externaltools.gnu-tools-for-stm32.10.3-2021.10.win32_1.0.0.202111181127/tools/bin/../lib/gcc/arm-none-eabi/10.3.1/../../../../arm-none-eabi/lib/thumb/v7e-m+fp/hard\libc_nano.a(lib_a-memset.o)
 .ARM.attributes
                0x0000000000000657       0x34 c:/st/stm32cubeide_1.10.1/stm32cubeide/plugins/com.st.stm32cube.ide.mcu.externaltools.gnu-tools-for-stm32.10.3-2021.10.win32_1.0.0.202111181127/tools/bin/../lib/gcc/arm-none-eabi/10.3.1/../../../../arm-none-eabi/lib/thumb/v7e-m+fp/hard\libm.a(lib_a-w_pow.o)
 .ARM.attributes
                0x000000000000068b       0x34 c:/st/stm32cubeide_1.10.1/stm32cubeide/plugins/com.st.stm32cube.ide.mcu.externaltools.gnu-tools-for-stm32.10.3-2021.10.win32_1.0.0.202111181127/tools/bin/../lib/gcc/arm-none-eabi/10.3.1/../../../../arm-none-eabi/lib/thumb/v7e-m+fp/hard\libm.a(lib_a-w_sqrt.o)
 .ARM.attributes
                0x00000000000006bf       0x34 c:/st/stm32cubeide_1.10.1/stm32cubeide/plugins/com.st.stm32cube.ide.mcu.externaltools.gnu-tools-for-stm32.10.3-2021.10.win32_1.0.0.202111181127/tools/bin/../lib/gcc/arm-none-eabi/10.3.1/../../../../arm-none-eabi/lib/thumb/v7e-m+fp/hard\libm.a(lib_a-e_pow.o)
 .ARM.attributes
                0x00000000000006f3       0x34 c:/st/stm32cubeide_1.10.1/stm32cubeide/plugins/com.st.stm32cube.ide.mcu.externaltools.gnu-tools-for-stm32.10.3-2021.10.win32_1.0.0.202111181127/tools/bin/../lib/gcc/arm-none-eabi/10.3.1/../../../../arm-none-eabi/lib/thumb/v7e-m+fp/hard\libm.a(lib_a-e_sqrt.o)
 .ARM.attributes
                0x0000000000000727       0x34 c:/st/stm32cubeide_1.10.1/stm32cubeide/plugins/com.st.stm32cube.ide.mcu.externaltools.gnu-tools-for-stm32.10.3-2021.10.win32_1.0.0.202111181127/tools/bin/../lib/gcc/arm-none-eabi/10.3.1/../../../../arm-none-eabi/lib/thumb/v7e-m+fp/hard\libm.a(lib_a-math_err.o)
 .ARM.attributes
                0x000000000000075b       0x34 c:/st/stm32cubeide_1.10.1/stm32cubeide/plugins/com.st.stm32cube.ide.mcu.externaltools.gnu-tools-for-stm32.10.3-2021.10.win32_1.0.0.202111181127/tools/bin/../lib/gcc/arm-none-eabi/10.3.1/../../../../arm-none-eabi/lib/thumb/v7e-m+fp/hard\libm.a(lib_a-s_fabs.o)
 .ARM.attributes
                0x000000000000078f       0x34 c:/st/stm32cubeide_1.10.1/stm32cubeide/plugins/com.st.stm32cube.ide.mcu.externaltools.gnu-tools-for-stm32.10.3-2021.10.win32_1.0.0.202111181127/tools/bin/../lib/gcc/arm-none-eabi/10.3.1/../../../../arm-none-eabi/lib/thumb/v7e-m+fp/hard\libm.a(lib_a-s_finite.o)
 .ARM.attributes
                0x00000000000007c3       0x34 c:/st/stm32cubeide_1.10.1/stm32cubeide/plugins/com.st.stm32cube.ide.mcu.externaltools.gnu-tools-for-stm32.10.3-2021.10.win32_1.0.0.202111181127/tools/bin/../lib/gcc/arm-none-eabi/10.3.1/../../../../arm-none-eabi/lib/thumb/v7e-m+fp/hard\libm.a(lib_a-s_scalbn.o)
 .ARM.attributes
                0x00000000000007f7       0x1e c:/st/stm32cubeide_1.10.1/stm32cubeide/plugins/com.st.stm32cube.ide.mcu.externaltools.gnu-tools-for-stm32.10.3-2021.10.win32_1.0.0.202111181127/tools/bin/../lib/gcc/arm-none-eabi/10.3.1/thumb/v7e-m+fp/hard\libgcc.a(_arm_addsubdf3.o)
 .ARM.attributes
                0x0000000000000815       0x1e c:/st/stm32cubeide_1.10.1/stm32cubeide/plugins/com.st.stm32cube.ide.mcu.externaltools.gnu-tools-for-stm32.10.3-2021.10.win32_1.0.0.202111181127/tools/bin/../lib/gcc/arm-none-eabi/10.3.1/thumb/v7e-m+fp/hard\libgcc.a(_arm_muldivdf3.o)
 .ARM.attributes
                0x0000000000000833       0x1e c:/st/stm32cubeide_1.10.1/stm32cubeide/plugins/com.st.stm32cube.ide.mcu.externaltools.gnu-tools-for-stm32.10.3-2021.10.win32_1.0.0.202111181127/tools/bin/../lib/gcc/arm-none-eabi/10.3.1/thumb/v7e-m+fp/hard\libgcc.a(_arm_cmpdf2.o)
 .ARM.attributes
                0x0000000000000851       0x1e c:/st/stm32cubeide_1.10.1/stm32cubeide/plugins/com.st.stm32cube.ide.mcu.externaltools.gnu-tools-for-stm32.10.3-2021.10.win32_1.0.0.202111181127/tools/bin/../lib/gcc/arm-none-eabi/10.3.1/thumb/v7e-m+fp/hard\libgcc.a(_arm_unorddf2.o)
 .ARM.attributes
                0x000000000000086f       0x1e c:/st/stm32cubeide_1.10.1/stm32cubeide/plugins/com.st.stm32cube.ide.mcu.externaltools.gnu-tools-for-stm32.10.3-2021.10.win32_1.0.0.202111181127/tools/bin/../lib/gcc/arm-none-eabi/10.3.1/thumb/v7e-m+fp/hard\libgcc.a(_arm_fixunsdfsi.o)
 .ARM.attributes
                0x000000000000088d       0x1e c:/st/stm32cubeide_1.10.1/stm32cubeide/plugins/com.st.stm32cube.ide.mcu.externaltools.gnu-tools-for-stm32.10.3-2021.10.win32_1.0.0.202111181127/tools/bin/../lib/gcc/arm-none-eabi/10.3.1/thumb/v7e-m+fp/hard\libgcc.a(_arm_truncdfsf2.o)
 .ARM.attributes
                0x00000000000008ab       0x1e c:/st/stm32cubeide_1.10.1/stm32cubeide/plugins/com.st.stm32cube.ide.mcu.externaltools.gnu-tools-for-stm32.10.3-2021.10.win32_1.0.0.202111181127/tools/bin/../lib/gcc/arm-none-eabi/10.3.1/thumb/v7e-m+fp/hard\libgcc.a(_aeabi_uldivmod.o)
 .ARM.attributes
                0x00000000000008c9       0x34 c:/st/stm32cubeide_1.10.1/stm32cubeide/plugins/com.st.stm32cube.ide.mcu.externaltools.gnu-tools-for-stm32.10.3-2021.10.win32_1.0.0.202111181127/tools/bin/../lib/gcc/arm-none-eabi/10.3.1/thumb/v7e-m+fp/hard\libgcc.a(_udivmoddi4.o)
 .ARM.attributes
                0x00000000000008fd       0x1e c:/st/stm32cubeide_1.10.1/stm32cubeide/plugins/com.st.stm32cube.ide.mcu.externaltools.gnu-tools-for-stm32.10.3-2021.10.win32_1.0.0.202111181127/tools/bin/../lib/gcc/arm-none-eabi/10.3.1/thumb/v7e-m+fp/hard\libgcc.a(_dvmd_tls.o)
 .ARM.attributes
                0x000000000000091b       0x1e c:/st/stm32cubeide_1.10.1/stm32cubeide/plugins/com.st.stm32cube.ide.mcu.externaltools.gnu-tools-for-stm32.10.3-2021.10.win32_1.0.0.202111181127/tools/bin/../lib/gcc/arm-none-eabi/10.3.1/thumb/v7e-m+fp/hard/crtn.o
OUTPUT(ARC.elf elf32-littlearm)
LOAD linker stubs
LOAD c:/st/stm32cubeide_1.10.1/stm32cubeide/plugins/com.st.stm32cube.ide.mcu.externaltools.gnu-tools-for-stm32.10.3-2021.10.win32_1.0.0.202111181127/tools/bin/../lib/gcc/arm-none-eabi/10.3.1/../../../../arm-none-eabi/lib/thumb/v7e-m+fp/hard\libc.a
LOAD c:/st/stm32cubeide_1.10.1/stm32cubeide/plugins/com.st.stm32cube.ide.mcu.externaltools.gnu-tools-for-stm32.10.3-2021.10.win32_1.0.0.202111181127/tools/bin/../lib/gcc/arm-none-eabi/10.3.1/../../../../arm-none-eabi/lib/thumb/v7e-m+fp/hard\libm.a
LOAD c:/st/stm32cubeide_1.10.1/stm32cubeide/plugins/com.st.stm32cube.ide.mcu.externaltools.gnu-tools-for-stm32.10.3-2021.10.win32_1.0.0.202111181127/tools/bin/../lib/gcc/arm-none-eabi/10.3.1/thumb/v7e-m+fp/hard\libgcc.a

.debug_info     0x0000000000000000    0x193d9
 .debug_info    0x0000000000000000     0x1028 ./Core/Src/camera.o
 .debug_info    0x0000000000001028      0x94e ./Core/Src/can.o
 .debug_info    0x0000000000001976      0x4da ./Core/Src/dma.o
 .debug_info    0x0000000000001e50      0x6dd ./Core/Src/gpio.o
 .debug_info    0x000000000000252d      0xa0e ./Core/Src/i2c.o
 .debug_info    0x0000000000002f3b     0x1e2d ./Core/Src/lcd.o
 .debug_info    0x0000000000004d68      0xf49 ./Core/Src/main.o
 .debug_info    0x0000000000005cb1      0xc1b ./Core/Src/sccb.o
 .debug_info    0x00000000000068cc      0xc8d ./Core/Src/spi.o
 .debug_info    0x0000000000007559      0x2a8 ./Core/Src/stm32f4xx_hal_msp.o
 .debug_info    0x0000000000007801      0xa80 ./Core/Src/stm32f4xx_it.o
 .debug_info    0x0000000000008281      0x523 ./Core/Src/system_stm32f4xx.o
 .debug_info    0x00000000000087a4     0x1000 ./Core/Src/tim.o
 .debug_info    0x00000000000097a4      0xa06 ./Core/Src/usart.o
 .debug_info    0x000000000000a1aa       0x22 ./Core/Startup/startup_stm32f405rgtx.o
 .debug_info    0x000000000000a1cc      0x96a ./Drivers/STM32F4xx_HAL_Driver/Src/stm32f4xx_hal.o
 .debug_info    0x000000000000ab36      0xfc0 ./Drivers/STM32F4xx_HAL_Driver/Src/stm32f4xx_hal_can.o
 .debug_info    0x000000000000baf6      0xe09 ./Drivers/STM32F4xx_HAL_Driver/Src/stm32f4xx_hal_cortex.o
 .debug_info    0x000000000000c8ff      0x94f ./Drivers/STM32F4xx_HAL_Driver/Src/stm32f4xx_hal_dma.o
 .debug_info    0x000000000000d24e      0x76a ./Drivers/STM32F4xx_HAL_Driver/Src/stm32f4xx_hal_gpio.o
 .debug_info    0x000000000000d9b8     0x2609 ./Drivers/STM32F4xx_HAL_Driver/Src/stm32f4xx_hal_i2c.o
 .debug_info    0x000000000000ffc1      0x966 ./Drivers/STM32F4xx_HAL_Driver/Src/stm32f4xx_hal_rcc.o
 .debug_info    0x0000000000010927     0x1758 ./Drivers/STM32F4xx_HAL_Driver/Src/stm32f4xx_hal_spi.o
 .debug_info    0x000000000001207f     0x2bbe ./Drivers/STM32F4xx_HAL_Driver/Src/stm32f4xx_hal_tim.o
 .debug_info    0x0000000000014c3d     0x15e0 ./Drivers/STM32F4xx_HAL_Driver/Src/stm32f4xx_hal_tim_ex.o
 .debug_info    0x000000000001621d     0x31bc ./Drivers/STM32F4xx_HAL_Driver/Src/stm32f4xx_hal_uart.o

.debug_abbrev   0x0000000000000000     0x387b
 .debug_abbrev  0x0000000000000000      0x36e ./Core/Src/camera.o
 .debug_abbrev  0x000000000000036e      0x201 ./Core/Src/can.o
 .debug_abbrev  0x000000000000056f      0x10a ./Core/Src/dma.o
 .debug_abbrev  0x0000000000000679      0x164 ./Core/Src/gpio.o
 .debug_abbrev  0x00000000000007dd      0x1e0 ./Core/Src/i2c.o
 .debug_abbrev  0x00000000000009bd      0x477 ./Core/Src/lcd.o
 .debug_abbrev  0x0000000000000e34      0x313 ./Core/Src/main.o
 .debug_abbrev  0x0000000000001147      0x283 ./Core/Src/sccb.o
 .debug_abbrev  0x00000000000013ca      0x211 ./Core/Src/spi.o
 .debug_abbrev  0x00000000000015db       0xd4 ./Core/Src/stm32f4xx_hal_msp.o
 .debug_abbrev  0x00000000000016af      0x1aa ./Core/Src/stm32f4xx_it.o
 .debug_abbrev  0x0000000000001859      0x116 ./Core/Src/system_stm32f4xx.o
 .debug_abbrev  0x000000000000196f      0x24f ./Core/Src/tim.o
 .debug_abbrev  0x0000000000001bbe      0x1e7 ./Core/Src/usart.o
 .debug_abbrev  0x0000000000001da5       0x12 ./Core/Startup/startup_stm32f405rgtx.o
 .debug_abbrev  0x0000000000001db7      0x20d ./Drivers/STM32F4xx_HAL_Driver/Src/stm32f4xx_hal.o
 .debug_abbrev  0x0000000000001fc4      0x21d ./Drivers/STM32F4xx_HAL_Driver/Src/stm32f4xx_hal_can.o
 .debug_abbrev  0x00000000000021e1      0x316 ./Drivers/STM32F4xx_HAL_Driver/Src/stm32f4xx_hal_cortex.o
 .debug_abbrev  0x00000000000024f7      0x25b ./Drivers/STM32F4xx_HAL_Driver/Src/stm32f4xx_hal_dma.o
 .debug_abbrev  0x0000000000002752      0x1c4 ./Drivers/STM32F4xx_HAL_Driver/Src/stm32f4xx_hal_gpio.o
 .debug_abbrev  0x0000000000002916      0x297 ./Drivers/STM32F4xx_HAL_Driver/Src/stm32f4xx_hal_i2c.o
 .debug_abbrev  0x0000000000002bad      0x2aa ./Drivers/STM32F4xx_HAL_Driver/Src/stm32f4xx_hal_rcc.o
 .debug_abbrev  0x0000000000002e57      0x26e ./Drivers/STM32F4xx_HAL_Driver/Src/stm32f4xx_hal_spi.o
 .debug_abbrev  0x00000000000030c5      0x25d ./Drivers/STM32F4xx_HAL_Driver/Src/stm32f4xx_hal_tim.o
 .debug_abbrev  0x0000000000003322      0x265 ./Drivers/STM32F4xx_HAL_Driver/Src/stm32f4xx_hal_tim_ex.o
 .debug_abbrev  0x0000000000003587      0x2f4 ./Drivers/STM32F4xx_HAL_Driver/Src/stm32f4xx_hal_uart.o

.debug_aranges  0x0000000000000000     0x15b8
 .debug_aranges
                0x0000000000000000       0xf0 ./Core/Src/camera.o
 .debug_aranges
                0x00000000000000f0       0x38 ./Core/Src/can.o
 .debug_aranges
                0x0000000000000128       0x20 ./Core/Src/dma.o
 .debug_aranges
                0x0000000000000148       0x20 ./Core/Src/gpio.o
 .debug_aranges
                0x0000000000000168       0x30 ./Core/Src/i2c.o
 .debug_aranges
                0x0000000000000198      0x150 ./Core/Src/lcd.o
 .debug_aranges
                0x00000000000002e8       0x58 ./Core/Src/main.o
 .debug_aranges
                0x0000000000000340       0x78 ./Core/Src/sccb.o
 .debug_aranges
                0x00000000000003b8       0x30 ./Core/Src/spi.o
 .debug_aranges
                0x00000000000003e8       0x20 ./Core/Src/stm32f4xx_hal_msp.o
 .debug_aranges
                0x0000000000000408       0x80 ./Core/Src/stm32f4xx_it.o
 .debug_aranges
                0x0000000000000488       0x28 ./Core/Src/system_stm32f4xx.o
 .debug_aranges
                0x00000000000004b0       0x50 ./Core/Src/tim.o
 .debug_aranges
                0x0000000000000500       0x38 ./Core/Src/usart.o
 .debug_aranges
                0x0000000000000538       0x28 ./Core/Startup/startup_stm32f405rgtx.o
 .debug_aranges
                0x0000000000000560       0xf0 ./Drivers/STM32F4xx_HAL_Driver/Src/stm32f4xx_hal.o
 .debug_aranges
                0x0000000000000650      0x138 ./Drivers/STM32F4xx_HAL_Driver/Src/stm32f4xx_hal_can.o
 .debug_aranges
                0x0000000000000788      0x118 ./Drivers/STM32F4xx_HAL_Driver/Src/stm32f4xx_hal_cortex.o
 .debug_aranges
                0x00000000000008a0       0x90 ./Drivers/STM32F4xx_HAL_Driver/Src/stm32f4xx_hal_dma.o
 .debug_aranges
                0x0000000000000930       0x58 ./Drivers/STM32F4xx_HAL_Driver/Src/stm32f4xx_hal_gpio.o
 .debug_aranges
                0x0000000000000988      0x2a0 ./Drivers/STM32F4xx_HAL_Driver/Src/stm32f4xx_hal_i2c.o
 .debug_aranges
                0x0000000000000c28       0x88 ./Drivers/STM32F4xx_HAL_Driver/Src/stm32f4xx_hal_rcc.o
 .debug_aranges
                0x0000000000000cb0      0x1d0 ./Drivers/STM32F4xx_HAL_Driver/Src/stm32f4xx_hal_spi.o
 .debug_aranges
                0x0000000000000e80      0x3d0 ./Drivers/STM32F4xx_HAL_Driver/Src/stm32f4xx_hal_tim.o
 .debug_aranges
                0x0000000000001250      0x168 ./Drivers/STM32F4xx_HAL_Driver/Src/stm32f4xx_hal_tim_ex.o
 .debug_aranges
                0x00000000000013b8      0x200 ./Drivers/STM32F4xx_HAL_Driver/Src/stm32f4xx_hal_uart.o

.debug_ranges   0x0000000000000000     0x1468
 .debug_ranges  0x0000000000000000       0xe0 ./Core/Src/camera.o
 .debug_ranges  0x00000000000000e0       0x28 ./Core/Src/can.o
 .debug_ranges  0x0000000000000108       0x10 ./Core/Src/dma.o
 .debug_ranges  0x0000000000000118       0x10 ./Core/Src/gpio.o
 .debug_ranges  0x0000000000000128       0x20 ./Core/Src/i2c.o
 .debug_ranges  0x0000000000000148      0x140 ./Core/Src/lcd.o
 .debug_ranges  0x0000000000000288       0x48 ./Core/Src/main.o
 .debug_ranges  0x00000000000002d0       0x68 ./Core/Src/sccb.o
 .debug_ranges  0x0000000000000338       0x20 ./Core/Src/spi.o
 .debug_ranges  0x0000000000000358       0x10 ./Core/Src/stm32f4xx_hal_msp.o
 .debug_ranges  0x0000000000000368       0x70 ./Core/Src/stm32f4xx_it.o
 .debug_ranges  0x00000000000003d8       0x18 ./Core/Src/system_stm32f4xx.o
 .debug_ranges  0x00000000000003f0       0x40 ./Core/Src/tim.o
 .debug_ranges  0x0000000000000430       0x28 ./Core/Src/usart.o
 .debug_ranges  0x0000000000000458       0x20 ./Core/Startup/startup_stm32f405rgtx.o
 .debug_ranges  0x0000000000000478       0xe0 ./Drivers/STM32F4xx_HAL_Driver/Src/stm32f4xx_hal.o
 .debug_ranges  0x0000000000000558      0x128 ./Drivers/STM32F4xx_HAL_Driver/Src/stm32f4xx_hal_can.o
 .debug_ranges  0x0000000000000680      0x108 ./Drivers/STM32F4xx_HAL_Driver/Src/stm32f4xx_hal_cortex.o
 .debug_ranges  0x0000000000000788       0x80 ./Drivers/STM32F4xx_HAL_Driver/Src/stm32f4xx_hal_dma.o
 .debug_ranges  0x0000000000000808       0x48 ./Drivers/STM32F4xx_HAL_Driver/Src/stm32f4xx_hal_gpio.o
 .debug_ranges  0x0000000000000850      0x2a8 ./Drivers/STM32F4xx_HAL_Driver/Src/stm32f4xx_hal_i2c.o
 .debug_ranges  0x0000000000000af8       0x78 ./Drivers/STM32F4xx_HAL_Driver/Src/stm32f4xx_hal_rcc.o
 .debug_ranges  0x0000000000000b70      0x1c0 ./Drivers/STM32F4xx_HAL_Driver/Src/stm32f4xx_hal_spi.o
 .debug_ranges  0x0000000000000d30      0x3c0 ./Drivers/STM32F4xx_HAL_Driver/Src/stm32f4xx_hal_tim.o
 .debug_ranges  0x00000000000010f0      0x158 ./Drivers/STM32F4xx_HAL_Driver/Src/stm32f4xx_hal_tim_ex.o
 .debug_ranges  0x0000000000001248      0x220 ./Drivers/STM32F4xx_HAL_Driver/Src/stm32f4xx_hal_uart.o

.debug_macro    0x0000000000000000    0x228bb
 .debug_macro   0x0000000000000000      0x249 ./Core/Src/camera.o
 .debug_macro   0x0000000000000249      0xa78 ./Core/Src/camera.o
 .debug_macro   0x0000000000000cc1       0xb8 ./Core/Src/camera.o
 .debug_macro   0x0000000000000d79       0x22 ./Core/Src/camera.o
 .debug_macro   0x0000000000000d9b       0x8e ./Core/Src/camera.o
 .debug_macro   0x0000000000000e29       0x51 ./Core/Src/camera.o
 .debug_macro   0x0000000000000e7a      0x103 ./Core/Src/camera.o
 .debug_macro   0x0000000000000f7d       0x6a ./Core/Src/camera.o
 .debug_macro   0x0000000000000fe7      0x1df ./Core/Src/camera.o
 .debug_macro   0x00000000000011c6       0x46 ./Core/Src/camera.o
 .debug_macro   0x000000000000120c      0x782 ./Core/Src/camera.o
 .debug_macro   0x000000000000198e      0x2ad ./Core/Src/camera.o
 .debug_macro   0x0000000000001c3b       0x2e ./Core/Src/camera.o
 .debug_macro   0x0000000000001c69       0x2f ./Core/Src/camera.o
 .debug_macro   0x0000000000001c98       0x1c ./Core/Src/camera.o
 .debug_macro   0x0000000000001cb4       0x22 ./Core/Src/camera.o
 .debug_macro   0x0000000000001cd6       0xd9 ./Core/Src/camera.o
 .debug_macro   0x0000000000001daf     0x102d ./Core/Src/camera.o
 .debug_macro   0x0000000000002ddc      0x11f ./Core/Src/camera.o
 .debug_macro   0x0000000000002efb    0x1426d ./Core/Src/camera.o
 .debug_macro   0x0000000000017168       0x6d ./Core/Src/camera.o
 .debug_macro   0x00000000000171d5     0x367e ./Core/Src/camera.o
 .debug_macro   0x000000000001a853      0x174 ./Core/Src/camera.o
 .debug_macro   0x000000000001a9c7       0x5c ./Core/Src/camera.o
 .debug_macro   0x000000000001aa23      0x8a7 ./Core/Src/camera.o
 .debug_macro   0x000000000001b2ca      0x9fe ./Core/Src/camera.o
 .debug_macro   0x000000000001bcc8      0x115 ./Core/Src/camera.o
 .debug_macro   0x000000000001bddd      0x130 ./Core/Src/camera.o
 .debug_macro   0x000000000001bf0d       0xa5 ./Core/Src/camera.o
 .debug_macro   0x000000000001bfb2      0x174 ./Core/Src/camera.o
 .debug_macro   0x000000000001c126      0x287 ./Core/Src/camera.o
 .debug_macro   0x000000000001c3ad       0x5f ./Core/Src/camera.o
 .debug_macro   0x000000000001c40c      0x236 ./Core/Src/camera.o
 .debug_macro   0x000000000001c642      0x40f ./Core/Src/camera.o
 .debug_macro   0x000000000001ca51      0x12c ./Core/Src/camera.o
 .debug_macro   0x000000000001cb7d      0x21e ./Core/Src/camera.o
 .debug_macro   0x000000000001cd9b       0x2e ./Core/Src/camera.o
 .debug_macro   0x000000000001cdc9      0x1b5 ./Core/Src/camera.o
 .debug_macro   0x000000000001cf7e       0xd6 ./Core/Src/camera.o
 .debug_macro   0x000000000001d054      0x11a ./Core/Src/camera.o
 .debug_macro   0x000000000001d16e       0x7e ./Core/Src/camera.o
 .debug_macro   0x000000000001d1ec       0x89 ./Core/Src/camera.o
 .debug_macro   0x000000000001d275      0x225 ./Core/Src/camera.o
 .debug_macro   0x000000000001d49a      0x8e6 ./Core/Src/camera.o
 .debug_macro   0x000000000001dd80       0x47 ./Core/Src/camera.o
 .debug_macro   0x000000000001ddc7      0x295 ./Core/Src/camera.o
 .debug_macro   0x000000000001e05c      0x12d ./Core/Src/camera.o
 .debug_macro   0x000000000001e189      0x20c ./Core/Src/camera.o
 .debug_macro   0x000000000001e395       0x28 ./Core/Src/camera.o
 .debug_macro   0x000000000001e3bd      0x215 ./Core/Src/can.o
 .debug_macro   0x000000000001e5d2      0x215 ./Core/Src/dma.o
 .debug_macro   0x000000000001e7e7      0x215 ./Core/Src/gpio.o
 .debug_macro   0x000000000001e9fc      0x215 ./Core/Src/i2c.o
 .debug_macro   0x000000000001ec11      0x40b ./Core/Src/lcd.o
 .debug_macro   0x000000000001f01c       0x10 ./Core/Src/lcd.o
 .debug_macro   0x000000000001f02c       0x58 ./Core/Src/lcd.o
 .debug_macro   0x000000000001f084       0x22 ./Core/Src/lcd.o
 .debug_macro   0x000000000001f0a6       0x4c ./Core/Src/lcd.o
 .debug_macro   0x000000000001f0f2       0x1e ./Core/Src/lcd.o
 .debug_macro   0x000000000001f110       0x94 ./Core/Src/lcd.o
 .debug_macro   0x000000000001f1a4       0x3c ./Core/Src/lcd.o
 .debug_macro   0x000000000001f1e0       0x34 ./Core/Src/lcd.o
 .debug_macro   0x000000000001f214       0x16 ./Core/Src/lcd.o
 .debug_macro   0x000000000001f22a       0x57 ./Core/Src/lcd.o
 .debug_macro   0x000000000001f281       0x97 ./Core/Src/lcd.o
 .debug_macro   0x000000000001f318      0x341 ./Core/Src/lcd.o
 .debug_macro   0x000000000001f659       0xfd ./Core/Src/lcd.o
 .debug_macro   0x000000000001f756       0x16 ./Core/Src/lcd.o
 .debug_macro   0x000000000001f76c       0x43 ./Core/Src/lcd.o
 .debug_macro   0x000000000001f7af       0x34 ./Core/Src/lcd.o
 .debug_macro   0x000000000001f7e3       0x10 ./Core/Src/lcd.o
 .debug_macro   0x000000000001f7f3       0x58 ./Core/Src/lcd.o
 .debug_macro   0x000000000001f84b       0x71 ./Core/Src/lcd.o
 .debug_macro   0x000000000001f8bc       0x1c ./Core/Src/lcd.o
 .debug_macro   0x000000000001f8d8      0x12a ./Core/Src/lcd.o
 .debug_macro   0x000000000001fa02       0x10 ./Core/Src/lcd.o
 .debug_macro   0x000000000001fa12       0x1c ./Core/Src/lcd.o
 .debug_macro   0x000000000001fa2e       0x52 ./Core/Src/lcd.o
 .debug_macro   0x000000000001fa80       0x22 ./Core/Src/lcd.o
 .debug_macro   0x000000000001faa2       0x10 ./Core/Src/lcd.o
 .debug_macro   0x000000000001fab2       0x52 ./Core/Src/lcd.o
 .debug_macro   0x000000000001fb04       0xd5 ./Core/Src/lcd.o
 .debug_macro   0x000000000001fbd9       0x1c ./Core/Src/lcd.o
 .debug_macro   0x000000000001fbf5       0x3d ./Core/Src/lcd.o
 .debug_macro   0x000000000001fc32       0x16 ./Core/Src/lcd.o
 .debug_macro   0x000000000001fc48      0x145 ./Core/Src/lcd.o
 .debug_macro   0x000000000001fd8d       0x56 ./Core/Src/lcd.o
 .debug_macro   0x000000000001fde3       0x16 ./Core/Src/lcd.o
 .debug_macro   0x000000000001fdf9       0xbf ./Core/Src/lcd.o
 .debug_macro   0x000000000001feb8       0x11 ./Core/Src/lcd.o
 .debug_macro   0x000000000001fec9       0x22 ./Core/Src/lcd.o
 .debug_macro   0x000000000001feeb       0x1f ./Core/Src/lcd.o
 .debug_macro   0x000000000001ff0a      0x3f4 ./Core/Src/main.o
 .debug_macro   0x00000000000202fe       0x52 ./Core/Src/main.o
 .debug_macro   0x0000000000020350      0x237 ./Core/Src/sccb.o
 .debug_macro   0x0000000000020587      0x21a ./Core/Src/spi.o
 .debug_macro   0x00000000000207a1       0x10 ./Core/Src/spi.o
 .debug_macro   0x00000000000207b1      0x20b ./Core/Src/stm32f4xx_hal_msp.o
 .debug_macro   0x00000000000209bc      0x215 ./Core/Src/stm32f4xx_it.o
 .debug_macro   0x0000000000020bd1      0x1fc ./Core/Src/system_stm32f4xx.o
 .debug_macro   0x0000000000020dcd      0x215 ./Core/Src/tim.o
 .debug_macro   0x0000000000020fe2      0x215 ./Core/Src/usart.o
 .debug_macro   0x00000000000211f7      0x25c ./Drivers/STM32F4xx_HAL_Driver/Src/stm32f4xx_hal.o
 .debug_macro   0x0000000000021453      0x204 ./Drivers/STM32F4xx_HAL_Driver/Src/stm32f4xx_hal_can.o
 .debug_macro   0x0000000000021657      0x1fc ./Drivers/STM32F4xx_HAL_Driver/Src/stm32f4xx_hal_cortex.o
 .debug_macro   0x0000000000021853      0x202 ./Drivers/STM32F4xx_HAL_Driver/Src/stm32f4xx_hal_dma.o
 .debug_macro   0x0000000000021a55      0x202 ./Drivers/STM32F4xx_HAL_Driver/Src/stm32f4xx_hal_gpio.o
 .debug_macro   0x0000000000021c57      0x243 ./Drivers/STM32F4xx_HAL_Driver/Src/stm32f4xx_hal_i2c.o
 .debug_macro   0x0000000000021e9a      0x220 ./Drivers/STM32F4xx_HAL_Driver/Src/stm32f4xx_hal_rcc.o
 .debug_macro   0x00000000000220ba      0x20b ./Drivers/STM32F4xx_HAL_Driver/Src/stm32f4xx_hal_spi.o
 .debug_macro   0x00000000000222c5      0x1fd ./Drivers/STM32F4xx_HAL_Driver/Src/stm32f4xx_hal_tim.o
 .debug_macro   0x00000000000224c2      0x1fc ./Drivers/STM32F4xx_HAL_Driver/Src/stm32f4xx_hal_tim_ex.o
 .debug_macro   0x00000000000226be      0x1fd ./Drivers/STM32F4xx_HAL_Driver/Src/stm32f4xx_hal_uart.o

.debug_line     0x0000000000000000    0x1b162
 .debug_line    0x0000000000000000      0xd39 ./Core/Src/camera.o
 .debug_line    0x0000000000000d39      0x826 ./Core/Src/can.o
 .debug_line    0x000000000000155f      0x716 ./Core/Src/dma.o
 .debug_line    0x0000000000001c75      0x785 ./Core/Src/gpio.o
 .debug_line    0x00000000000023fa      0x784 ./Core/Src/i2c.o
 .debug_line    0x0000000000002b7e     0x1a6b ./Core/Src/lcd.o
 .debug_line    0x00000000000045e9      0xf1d ./Core/Src/main.o
 .debug_line    0x0000000000005506      0x97f ./Core/Src/sccb.o
 .debug_line    0x0000000000005e85      0x7bf ./Core/Src/spi.o
 .debug_line    0x0000000000006644      0x71a ./Core/Src/stm32f4xx_hal_msp.o
 .debug_line    0x0000000000006d5e      0x83d ./Core/Src/stm32f4xx_it.o
 .debug_line    0x000000000000759b      0x79c ./Core/Src/system_stm32f4xx.o
 .debug_line    0x0000000000007d37      0x95b ./Core/Src/tim.o
 .debug_line    0x0000000000008692      0x7ee ./Core/Src/usart.o
 .debug_line    0x0000000000008e80       0x88 ./Core/Startup/startup_stm32f405rgtx.o
 .debug_line    0x0000000000008f08      0xa02 ./Drivers/STM32F4xx_HAL_Driver/Src/stm32f4xx_hal.o
 .debug_line    0x000000000000990a     0x116e ./Drivers/STM32F4xx_HAL_Driver/Src/stm32f4xx_hal_can.o
 .debug_line    0x000000000000aa78      0xcb1 ./Drivers/STM32F4xx_HAL_Driver/Src/stm32f4xx_hal_cortex.o
 .debug_line    0x000000000000b729      0xf66 ./Drivers/STM32F4xx_HAL_Driver/Src/stm32f4xx_hal_dma.o
 .debug_line    0x000000000000c68f      0xb76 ./Drivers/STM32F4xx_HAL_Driver/Src/stm32f4xx_hal_gpio.o
 .debug_line    0x000000000000d205     0x39b7 ./Drivers/STM32F4xx_HAL_Driver/Src/stm32f4xx_hal_i2c.o
 .debug_line    0x0000000000010bbc      0xd7e ./Drivers/STM32F4xx_HAL_Driver/Src/stm32f4xx_hal_rcc.o
 .debug_line    0x000000000001193a     0x1c8c ./Drivers/STM32F4xx_HAL_Driver/Src/stm32f4xx_hal_spi.o
 .debug_line    0x00000000000135c6     0x36f6 ./Drivers/STM32F4xx_HAL_Driver/Src/stm32f4xx_hal_tim.o
 .debug_line    0x0000000000016cbc     0x19ff ./Drivers/STM32F4xx_HAL_Driver/Src/stm32f4xx_hal_tim_ex.o
 .debug_line    0x00000000000186bb     0x2aa7 ./Drivers/STM32F4xx_HAL_Driver/Src/stm32f4xx_hal_uart.o

.debug_str      0x0000000000000000    0xca9ea
 .debug_str     0x0000000000000000    0xc0c60 ./Core/Src/camera.o
                                      0xc0fad (size before relaxing)
 .debug_str     0x00000000000c0c60      0x319 ./Core/Src/can.o