../Core/Src/camera.c:134:13:FIFO_GPIO_init	40	static
../Core/Src/camera.c:169:13:VSYNC_GPIO_init	32	static
../Core/Src/camera.c:183:6:camera_GPIO_init	8	static
../Core/Src/camera.c:189:20:camera_init_internal	16	static
../Core/Src/camera.c:212:13:camera_init	16	static
../Core/Src/camera.c:232:6:cam_set_state	16	static
../Core/Src/camera.c:234:6:cam_set_colormode	16	static
../Core/Src/camera.c:241:6:cam_set_framesize	24	static
../Core/Src/camera.c:262:6:cam_set_frameoffset	24	static
../Core/Src/camera.c:280:6:cam_set_window	24	static
../Core/Src/camera.c:318:6:cam_set_framerate	16	static
../Core/Src/camera.c:326:6:cam_set_zoomscale	16	static
../Core/Src/camera.c:333:6:cam_set_sharpness	24	static
../Core/Src/camera.c:340:6:cam_set_lightmode	16	static
../Core/Src/camera.c:389:6:cam_set_brightness	24	static
../Core/Src/camera.c:410:6:cam_set_saturation	16	static
../Core/Src/camera.c:417:6:cam_set_contrast	16	static
../Core/Src/camera.c:422:6:cam_set_effect	16	static
../Core/Src/camera.c:467:13:cam_get_state	4	static
../Core/Src/camera.c:468:9:cam_is_frame_ready	4	static
../Core/Src/camera.c:469:9:cam_is_initialized	4	static
../Core/Src/camera.c:470:14:cam_get_colormode	4	static
../Core/Src/camera.c:471:14:cam_get_framesize	4	static
../Core/Src/camera.c:472:7:cam_get_zoomscale	8	static
../Core/Src/camera.c:486:6:cam_get_rgb565	32	static
../Core/Src/camera.c:496:6:cam_rgb2printable	24	static
../Core/Src/camera.c:503:6:HAL_GPIO_EXTI_Callback	16	static
